#
# There is insufficient memory for the Java Runtime Environment to continue.
# Native memory allocation (malloc) failed to allocate 1086464 bytes for Chunk::new
# Possible reasons:
#   The system is out of physical RAM or swap space
#   The process is running with CompressedOops enabled, and the Java Heap may be blocking the growth of the native heap
# Possible solutions:
#   Reduce memory load on the system
#   Increase physical memory or swap space
#   Check if swap backing store is full
#   Decrease Java heap size (-Xmx/-Xms)
#   Decrease number of Java threads
#   Decrease Java thread stack sizes (-Xss)
#   Set larger code cache with -XX:ReservedCodeCacheSize=
#   JVM is running with Unscaled Compressed Oops mode in which the Java heap is
#     placed in the first 4GB address space. The Java Heap base address is the
#     maximum limit for the native heap growth. Please use -XX:HeapBaseMinAddress
#     to set the Java Heap base and to place the Java Heap above 4GB virtual address.
# This output file may be truncated or incomplete.
#
#  Out of Memory Error (arena.cpp:184), pid=3488, tid=14328
#
# JRE version: OpenJDK Runtime Environment Temurin-19.0.2+7 (19.0.2+7) (build 19.0.2+7)
# Java VM: OpenJDK 64-Bit Server VM Temurin-19.0.2+7 (19.0.2+7, mixed mode, sharing, tiered, compressed oops, compressed class ptrs, g1 gc, windows-amd64)
# No core dump will be written. Minidumps are not enabled by default on client versions of Windows
#

---------------  S U M M A R Y ------------

Command Line: --add-modules=ALL-SYSTEM --add-opens=java.base/java.util=ALL-UNNAMED --add-opens=java.base/java.lang=ALL-UNNAMED -Declipse.application=org.python.pydev.pydev_lsp.application -Dosgi.bundles.defaultStartLevel=4 -Declipse.product=org.python.pydev.pydev_lsp.product -Xmx1G -XX:+UseG1GC -XX:+UseStringDeduplication c:\Users\user\.vscode\extensions\fabioz.vscode-pydev-0.16.0\server\plugins\org.eclipse.equinox.launcher_1.6.700.v20240213-1244.jar -configuration c:\Users\user\.vscode\extensions\fabioz.vscode-pydev-0.16.0\server\config_win -data c:\Users\user\AppData\Roaming\Code\User\workspaceStorage\1c49713cf2140998adebe05accdbb211\fabioz.vscode-pydev\pydev_ws

Host: Intel(R) Core(TM) i7-5600U CPU @ 2.60GHz, 4 cores, 15G,  Windows 10 , 64 bit Build 19041 (10.0.19041.5915)
Time: Mon Nov 10 18:26:59 2025 W. Central Africa Standard Time elapsed time: 28.209192 seconds (0d 0h 0m 28s)

---------------  T H R E A D  ---------------

Current thread (0x000001ebfa00a0a0):  JavaThread "C2 CompilerThread0" daemon [_thread_in_native, id=14328, stack(0x0000006ee3a00000,0x0000006ee3b00000)]


Current CompileTask:
C2:  28209 5122       4       org.python.pydev.parser.grammar312.PythonGrammar312::jj_3R_240 (28 bytes)

Stack: [0x0000006ee3a00000,0x0000006ee3b00000]
Native frames: (J=compiled Java code, j=interpreted, Vv=VM code, C=native code)
V  [jvm.dll+0x6e9e1a]
V  [jvm.dll+0x8a36c0]
V  [jvm.dll+0x8a50ae]
V  [jvm.dll+0x8a5763]
V  [jvm.dll+0x27bcdf]
V  [jvm.dll+0xc221f]
V  [jvm.dll+0xc2595]
V  [jvm.dll+0x3b7d9b]
V  [jvm.dll+0x1e6762]
V  [jvm.dll+0x24542d]
V  [jvm.dll+0x244671]
V  [jvm.dll+0x1cf4b1]
V  [jvm.dll+0x254229]
V  [jvm.dll+0x252418]
V  [jvm.dll+0x85403d]
V  [jvm.dll+0x84de3a]
V  [jvm.dll+0x6e8abb]
C  [ucrtbase.dll+0x21bb2]
C  [KERNEL32.DLL+0x17374]
C  [ntdll.dll+0x4cc91]


---------------  P R O C E S S  ---------------

Threads class SMR info:
_java_thread_list=0x000001ebfc35d570, length=35, elements={
0x000001ebdcc95290, 0x000001ebf5c86ca0, 0x000001ebf5c87c30, 0x000001ebf5c8e2d0,
0x000001ebf5c90090, 0x000001ebf5c935b0, 0x000001ebf5c905e0, 0x000001ebfa00a0a0,
0x000001ebfa00fe90, 0x000001ebf5c915d0, 0x000001ebf5c92b10, 0x000001ebf5c91080,
0x000001ebf5c90b30, 0x000001ebf5c91b20, 0x000001ebf5c925c0, 0x000001ebf5c93060,
0x000001ebfa998560, 0x000001ebfa995040, 0x000001ebfa993060, 0x000001ebfa998010,
0x000001ebfa99a540, 0x000001ebfa996580, 0x000001ebfa995590, 0x000001ebfa997ac0,
0x000001ebfa993b00, 0x000001ebfa999550, 0x000001ebfa322970, 0x000001ebfa997570,
0x000001ebfc135460, 0x000001ebfae4b620, 0x000001ebfa321ed0, 0x000001ebfae4b0d0,
0x000001ebfae4ab80, 0x000001ebfa996ad0, 0x000001ebfa00f900
}

Java Threads: ( => current thread )
  0x000001ebdcc95290 JavaThread "main" [_thread_blocked, id=716, stack(0x0000006ee2c00000,0x0000006ee2d00000)]
  0x000001ebf5c86ca0 JavaThread "Reference Handler" daemon [_thread_blocked, id=21564, stack(0x0000006ee3400000,0x0000006ee3500000)]
  0x000001ebf5c87c30 JavaThread "Finalizer" daemon [_thread_blocked, id=21440, stack(0x0000006ee3500000,0x0000006ee3600000)]
  0x000001ebf5c8e2d0 JavaThread "Signal Dispatcher" daemon [_thread_blocked, id=6236, stack(0x0000006ee3600000,0x0000006ee3700000)]
  0x000001ebf5c90090 JavaThread "Attach Listener" daemon [_thread_blocked, id=10860, stack(0x0000006ee3700000,0x0000006ee3800000)]
  0x000001ebf5c935b0 JavaThread "Service Thread" daemon [_thread_blocked, id=5588, stack(0x0000006ee3800000,0x0000006ee3900000)]
  0x000001ebf5c905e0 JavaThread "Monitor Deflation Thread" daemon [_thread_blocked, id=22960, stack(0x0000006ee3900000,0x0000006ee3a00000)]
=>0x000001ebfa00a0a0 JavaThread "C2 CompilerThread0" daemon [_thread_in_native, id=14328, stack(0x0000006ee3a00000,0x0000006ee3b00000)]
  0x000001ebfa00fe90 JavaThread "C1 CompilerThread0" daemon [_thread_in_native, id=5072, stack(0x0000006ee3b00000,0x0000006ee3c00000)]
  0x000001ebf5c915d0 JavaThread "Sweeper thread" daemon [_thread_blocked, id=2360, stack(0x0000006ee3c00000,0x0000006ee3d00000)]
  0x000001ebf5c92b10 JavaThread "Common-Cleaner" daemon [_thread_blocked, id=6640, stack(0x0000006ee3d00000,0x0000006ee3e00000)]
  0x000001ebf5c91080 JavaThread "Notification Thread" daemon [_thread_blocked, id=5016, stack(0x0000006ee3e00000,0x0000006ee3f00000)]
  0x000001ebf5c90b30 JavaThread "Active Thread: Equinox Container: d694223e-11d2-4808-bb2a-accb7a52e867" [_thread_blocked, id=24468, stack(0x0000006ee4400000,0x0000006ee4500000)]
  0x000001ebf5c91b20 JavaThread "Framework Event Dispatcher: Equinox Container: d694223e-11d2-4808-bb2a-accb7a52e867" daemon [_thread_blocked, id=19844, stack(0x0000006ee4500000,0x0000006ee4600000)]
  0x000001ebf5c925c0 JavaThread "Start Level: Equinox Container: d694223e-11d2-4808-bb2a-accb7a52e867" daemon [_thread_blocked, id=14220, stack(0x0000006ee4600000,0x0000006ee4700000)]
  0x000001ebf5c93060 JavaThread "SCR Component Actor" daemon [_thread_blocked, id=20568, stack(0x0000006ee4700000,0x0000006ee4800000)]
  0x000001ebfa998560 JavaThread "Worker-JM" [_thread_blocked, id=9156, stack(0x0000006ee4000000,0x0000006ee4100000)]
  0x000001ebfa995040 JavaThread "Worker-0" [_thread_blocked, id=14808, stack(0x0000006ee4a00000,0x0000006ee4b00000)]
  0x000001ebfa993060 JavaThread "Worker-1" [_thread_blocked, id=14064, stack(0x0000006ee4b00000,0x0000006ee4c00000)]
  0x000001ebfa998010 JavaThread "Worker-2: PyDev: Code Analysis:file:///c:/Users/user/Desktop/sheltertree/apps/reviews/forms.py (7 scheduled)" [_thread_in_native, id=13604, stack(0x0000006ee4900000,0x0000006ee4a00000)]
  0x000001ebfa99a540 JavaThread "pool-2-thread-1" [_thread_blocked, id=13316, stack(0x0000006ee4d00000,0x0000006ee4e00000)]
  0x000001ebfa996580 JavaThread "pool-1-thread-1" [_thread_in_native, id=1780, stack(0x0000006ee4e00000,0x0000006ee4f00000)]
  0x000001ebfa995590 JavaThread "ForkJoinPool.commonPool-worker-1" daemon [_thread_blocked, id=8132, stack(0x0000006ee4c00000,0x0000006ee4d00000)]
  0x000001ebfa997ac0 JavaThread "Worker-3" [_thread_blocked, id=16332, stack(0x0000006ee5000000,0x0000006ee5100000)]
  0x000001ebfa993b00 JavaThread "FileSystemWatchService" daemon [_thread_in_native, id=22768, stack(0x0000006ee4800000,0x0000006ee4900000)]
  0x000001ebfa999550 JavaThread "Thread-7" daemon [_thread_blocked, id=8260, stack(0x0000006ee4f00000,0x0000006ee5000000)]
  0x000001ebfa322970 JavaThread "Thread-9" daemon [_thread_blocked, id=13364, stack(0x0000006ee5100000,0x0000006ee5200000)]
  0x000001ebfa997570 JavaThread "Worker-4" [_thread_blocked, id=23164, stack(0x0000006ee5500000,0x0000006ee5600000)]
  0x000001ebfc135460 JavaThread "Worker-5" [_thread_blocked, id=21612, stack(0x0000006ee5200000,0x0000006ee5300000)]
  0x000001ebfae4b620 JavaThread "Worker-6" [_thread_blocked, id=19628, stack(0x0000006ee5300000,0x0000006ee5400000)]
  0x000001ebfa321ed0 JavaThread "Worker-7: PyDev: Code Analysis:file:///c:/Users/user/Desktop/sheltertree/apps/reviews/admin.py" [_thread_in_native, id=20096, stack(0x0000006ee5400000,0x0000006ee5500000)]
  0x000001ebfae4b0d0 JavaThread "Worker-8" [_thread_blocked, id=21320, stack(0x0000006ee5600000,0x0000006ee5700000)]
  0x000001ebfae4ab80 JavaThread "Worker-9: PyDev: Code Analysis:file:///c:/Users/user/Desktop/sheltertree/apps/reviews/views.py" [_thread_in_Java, id=10292, stack(0x0000006ee5700000,0x0000006ee5800000)]
  0x000001ebfa996ad0 JavaThread "Worker-10" [_thread_blocked, id=14716, stack(0x0000006ee5900000,0x0000006ee5a00000)]
  0x000001ebfa00f900 JavaThread "C2 CompilerThread1" daemon [_thread_in_native, id=4792, stack(0x0000006ee5a00000,0x0000006ee5b00000)]

Other Threads:
  0x000001ebf5c6d340 VMThread "VM Thread" [stack: 0x0000006ee3300000,0x0000006ee3400000] [id=12200]
  0x000001ebfa185f70 WatcherThread "VM Periodic Task Thread" [stack: 0x0000006ee3f00000,0x0000006ee4000000] [id=3968]
  0x000001ebdccd73d0 WorkerThread "GC Thread#0" [stack: 0x0000006ee2d00000,0x0000006ee2e00000] [id=10868]
  0x000001ebfa698fa0 WorkerThread "GC Thread#1" [stack: 0x0000006ee4100000,0x0000006ee4200000] [id=9984]
  0x000001ebfa86d410 WorkerThread "GC Thread#2" [stack: 0x0000006ee4200000,0x0000006ee4300000] [id=24224]
  0x000001ebfa86d6e0 WorkerThread "GC Thread#3" [stack: 0x0000006ee4300000,0x0000006ee4400000] [id=19620]
  0x000001ebdcce0240 ConcurrentGCThread "G1 Main Marker" [stack: 0x0000006ee2e00000,0x0000006ee2f00000] [id=19856]
  0x000001ebdcce0ec0 WorkerThread "G1 Conc#0" [stack: 0x0000006ee2f00000,0x0000006ee3000000] [id=18544]
  0x000001ebdcd5eb90 ConcurrentGCThread "G1 Refine#0" [stack: 0x0000006ee3000000,0x0000006ee3100000] [id=3224]
  0x000001ebf5b257b0 ConcurrentGCThread "G1 Service" [stack: 0x0000006ee3100000,0x0000006ee3200000] [id=8860]
  0x000001ebf5c68390 ConcurrentGCThread "StringDedupProcessor" [stack: 0x0000006ee3200000,0x0000006ee3300000] [id=15204]

Threads with active compile tasks:
C2 CompilerThread0    28275 5122       4       org.python.pydev.parser.grammar312.PythonGrammar312::jj_3R_240 (28 bytes)
C2 CompilerThread1    28275 5119   !   4       org.python.pydev.parser.grammar312.TreeBuilder312::onCloseNode (5409 bytes)

VM state: not at safepoint (normal execution)

VM Mutex/Monitor currently owned by a thread: None

Heap address: 0x00000000c0000000, size: 1024 MB, Compressed Oops mode: 32-bit

CDS archive(s) mapped at: [0x0000000800000000-0x0000000800ad0000-0x0000000800ad0000), size 11337728, SharedBaseAddress: 0x0000000800000000, ArchiveRelocationMode: 0.
Compressed class space mapped at: 0x0000000800c00000-0x0000000840c00000, reserved size: 1073741824
Narrow klass base: 0x0000000800000000, Narrow klass shift: 0, Narrow klass range: 0x100000000

GC Precious Log:
 CardTable entry size: 512
 Card Set container configuration: InlinePtr #cards 5 size 8 Array Of Cards #cards 12 size 40 Howl #buckets 4 coarsen threshold 1843 Howl Bitmap #cards 512 size 80 coarsen threshold 460 Card regions per heap region 1 cards per card region 2048
 CPUs: 4 total, 4 available
 Memory: 16264M
 Large Page Support: Disabled
 NUMA Support: Disabled
 Compressed Oops: Enabled (32-bit)
 Heap Region Size: 1M
 Heap Min Capacity: 8M
 Heap Initial Capacity: 256M
 Heap Max Capacity: 1G
 Pre-touch: Disabled
 Parallel Workers: 4
 Concurrent Workers: 1
 Concurrent Refinement Workers: 4
 Periodic GC: Disabled
 String Deduplication is enabled

Heap:
 garbage-first heap   total 248832K, used 148222K [0x00000000c0000000, 0x0000000100000000)
  region size 1024K, 67 young (68608K), 13 survivors (13312K)
 Metaspace       used 25633K, committed 26368K, reserved 1114112K
  class space    used 2547K, committed 2880K, reserved 1048576K

Heap Regions: E=young(eden), S=young(survivor), O=old, HS=humongous(starts), HC=humongous(continues), CS=collection set, F=free, OA=open archive, CA=closed archive, TAMS=top-at-mark-start (previous, next)
|   0|0x00000000c0000000, 0x00000000c0100000, 0x00000000c0100000|100%| O|  |TAMS 0x00000000c0100000, 0x00000000c0000000| Untracked 
|   1|0x00000000c0100000, 0x00000000c0200000, 0x00000000c0200000|100%| O|  |TAMS 0x00000000c0200000, 0x00000000c0100000| Untracked 
|   2|0x00000000c0200000, 0x00000000c0300000, 0x00000000c0300000|100%| O|  |TAMS 0x00000000c0300000, 0x00000000c0200000| Untracked 
|   3|0x00000000c0300000, 0x00000000c0400000, 0x00000000c0400000|100%| O|  |TAMS 0x00000000c0400000, 0x00000000c0300000| Untracked 
|   4|0x00000000c0400000, 0x00000000c0500000, 0x00000000c0500000|100%| O|  |TAMS 0x00000000c0500000, 0x00000000c0400000| Untracked 
|   5|0x00000000c0500000, 0x00000000c0600000, 0x00000000c0600000|100%| O|  |TAMS 0x00000000c0600000, 0x00000000c0500000| Untracked 
|   6|0x00000000c0600000, 0x00000000c0700000, 0x00000000c0700000|100%| O|  |TAMS 0x00000000c0700000, 0x00000000c0600000| Untracked 
|   7|0x00000000c0700000, 0x00000000c0800000, 0x00000000c0800000|100%| O|  |TAMS 0x00000000c0800000, 0x00000000c0700000| Untracked 
|   8|0x00000000c0800000, 0x00000000c0900000, 0x00000000c0900000|100%| O|  |TAMS 0x00000000c0900000, 0x00000000c0800000| Untracked 
|   9|0x00000000c0900000, 0x00000000c0a00000, 0x00000000c0a00000|100%| O|  |TAMS 0x00000000c0a00000, 0x00000000c0900000| Untracked 
|  10|0x00000000c0a00000, 0x00000000c0b00000, 0x00000000c0b00000|100%| O|  |TAMS 0x00000000c0a00000, 0x00000000c0a00000| Untracked 
|  11|0x00000000c0b00000, 0x00000000c0c00000, 0x00000000c0c00000|100%| O|  |TAMS 0x00000000c0b00000, 0x00000000c0b00000| Untracked 
|  12|0x00000000c0c00000, 0x00000000c0d00000, 0x00000000c0d00000|100%| O|  |TAMS 0x00000000c0c00000, 0x00000000c0c00000| Untracked 
|  13|0x00000000c0d00000, 0x00000000c0e00000, 0x00000000c0e00000|100%| O|  |TAMS 0x00000000c0e00000, 0x00000000c0d00000| Untracked 
|  14|0x00000000c0e00000, 0x00000000c0f00000, 0x00000000c0f00000|100%| O|  |TAMS 0x00000000c0f00000, 0x00000000c0e00000| Untracked 
|  15|0x00000000c0f00000, 0x00000000c1000000, 0x00000000c1000000|100%| O|  |TAMS 0x00000000c1000000, 0x00000000c0f00000| Untracked 
|  16|0x00000000c1000000, 0x00000000c1100000, 0x00000000c1100000|100%| O|  |TAMS 0x00000000c1100000, 0x00000000c1000000| Untracked 
|  17|0x00000000c1100000, 0x00000000c1200000, 0x00000000c1200000|100%| O|  |TAMS 0x00000000c1200000, 0x00000000c1100000| Untracked 
|  18|0x00000000c1200000, 0x00000000c1300000, 0x00000000c1300000|100%| O|  |TAMS 0x00000000c1300000, 0x00000000c1200000| Untracked 
|  19|0x00000000c1300000, 0x00000000c1400000, 0x00000000c1400000|100%| O|  |TAMS 0x00000000c1400000, 0x00000000c1300000| Untracked 
|  20|0x00000000c1400000, 0x00000000c1500000, 0x00000000c1500000|100%| O|  |TAMS 0x00000000c1500000, 0x00000000c1400000| Untracked 
|  21|0x00000000c1500000, 0x00000000c1600000, 0x00000000c1600000|100%| O|  |TAMS 0x00000000c1600000, 0x00000000c1500000| Untracked 
|  22|0x00000000c1600000, 0x00000000c1700000, 0x00000000c1700000|100%| O|  |TAMS 0x00000000c1700000, 0x00000000c1600000| Untracked 
|  23|0x00000000c1700000, 0x00000000c1800000, 0x00000000c1800000|100%| O|  |TAMS 0x00000000c1800000, 0x00000000c1700000| Untracked 
|  24|0x00000000c1800000, 0x00000000c1900000, 0x00000000c1900000|100%| O|  |TAMS 0x00000000c1900000, 0x00000000c1800000| Untracked 
|  25|0x00000000c1900000, 0x00000000c1a00000, 0x00000000c1a00000|100%| O|  |TAMS 0x00000000c1a00000, 0x00000000c1900000| Untracked 
|  26|0x00000000c1a00000, 0x00000000c1b00000, 0x00000000c1b00000|100%| O|  |TAMS 0x00000000c1b00000, 0x00000000c1a00000| Untracked 
|  27|0x00000000c1b00000, 0x00000000c1c00000, 0x00000000c1c00000|100%| O|  |TAMS 0x00000000c1c00000, 0x00000000c1b00000| Untracked 
|  28|0x00000000c1c00000, 0x00000000c1d00000, 0x00000000c1d00000|100%| O|  |TAMS 0x00000000c1d00000, 0x00000000c1c00000| Untracked 
|  29|0x00000000c1d00000, 0x00000000c1e00000, 0x00000000c1e00000|100%| O|  |TAMS 0x00000000c1d00000, 0x00000000c1d00000| Untracked 
|  30|0x00000000c1e00000, 0x00000000c1f00000, 0x00000000c1f00000|100%| O|  |TAMS 0x00000000c1e00000, 0x00000000c1e00000| Untracked 
|  31|0x00000000c1f00000, 0x00000000c2000000, 0x00000000c2000000|100%| O|  |TAMS 0x00000000c1f00000, 0x00000000c1f00000| Untracked 
|  32|0x00000000c2000000, 0x00000000c2100000, 0x00000000c2100000|100%| O|  |TAMS 0x00000000c2000000, 0x00000000c2000000| Untracked 
|  33|0x00000000c2100000, 0x00000000c2200000, 0x00000000c2200000|100%| O|  |TAMS 0x00000000c2100000, 0x00000000c2100000| Untracked 
|  34|0x00000000c2200000, 0x00000000c2300000, 0x00000000c2300000|100%| O|  |TAMS 0x00000000c2200000, 0x00000000c2200000| Untracked 
|  35|0x00000000c2300000, 0x00000000c2400000, 0x00000000c2400000|100%| O|  |TAMS 0x00000000c2300000, 0x00000000c2300000| Untracked 
|  36|0x00000000c2400000, 0x00000000c2500000, 0x00000000c2500000|100%| O|  |TAMS 0x00000000c2500000, 0x00000000c2400000| Untracked 
|  37|0x00000000c2500000, 0x00000000c2600000, 0x00000000c2600000|100%| O|  |TAMS 0x00000000c2600000, 0x00000000c2500000| Untracked 
|  38|0x00000000c2600000, 0x00000000c2700000, 0x00000000c2700000|100%| O|  |TAMS 0x00000000c2700000, 0x00000000c2600000| Untracked 
|  39|0x00000000c2700000, 0x00000000c2800000, 0x00000000c2800000|100%| O|  |TAMS 0x00000000c2800000, 0x00000000c2700000| Untracked 
|  40|0x00000000c2800000, 0x00000000c2900000, 0x00000000c2900000|100%| O|  |TAMS 0x00000000c2900000, 0x00000000c2800000| Untracked 
|  41|0x00000000c2900000, 0x00000000c2a00000, 0x00000000c2a00000|100%| O|  |TAMS 0x00000000c2a00000, 0x00000000c2900000| Untracked 
|  42|0x00000000c2a00000, 0x00000000c2b00000, 0x00000000c2b00000|100%| O|  |TAMS 0x00000000c2b00000, 0x00000000c2a00000| Untracked 
|  43|0x00000000c2b00000, 0x00000000c2c00000, 0x00000000c2c00000|100%| O|  |TAMS 0x00000000c2c00000, 0x00000000c2b00000| Untracked 
|  44|0x00000000c2c00000, 0x00000000c2c00000, 0x00000000c2d00000|  0%| F|  |TAMS 0x00000000c2c00000, 0x00000000c2c00000| Untracked 
|  45|0x00000000c2d00000, 0x00000000c2e00000, 0x00000000c2e00000|100%| O|  |TAMS 0x00000000c2e00000, 0x00000000c2d00000| Untracked 
|  46|0x00000000c2e00000, 0x00000000c2f00000, 0x00000000c2f00000|100%| O|  |TAMS 0x00000000c2f00000, 0x00000000c2e00000| Untracked 
|  47|0x00000000c2f00000, 0x00000000c3000000, 0x00000000c3000000|100%| O|  |TAMS 0x00000000c3000000, 0x00000000c2f00000| Untracked 
|  48|0x00000000c3000000, 0x00000000c3000000, 0x00000000c3100000|  0%| F|  |TAMS 0x00000000c3000000, 0x00000000c3000000| Untracked 
|  49|0x00000000c3100000, 0x00000000c3100000, 0x00000000c3200000|  0%| F|  |TAMS 0x00000000c3100000, 0x00000000c3100000| Untracked 
|  50|0x00000000c3200000, 0x00000000c3200000, 0x00000000c3300000|  0%| F|  |TAMS 0x00000000c3200000, 0x00000000c3200000| Untracked 
|  51|0x00000000c3300000, 0x00000000c3300000, 0x00000000c3400000|  0%| F|  |TAMS 0x00000000c3300000, 0x00000000c3300000| Untracked 
|  52|0x00000000c3400000, 0x00000000c3500000, 0x00000000c3500000|100%| O|  |TAMS 0x00000000c3500000, 0x00000000c3400000| Untracked 
|  53|0x00000000c3500000, 0x00000000c3600000, 0x00000000c3600000|100%| O|  |TAMS 0x00000000c3500000, 0x00000000c3500000| Untracked 
|  54|0x00000000c3600000, 0x00000000c3700000, 0x00000000c3700000|100%| O|  |TAMS 0x00000000c3600000, 0x00000000c3600000| Untracked 
|  55|0x00000000c3700000, 0x00000000c3800000, 0x00000000c3800000|100%| O|  |TAMS 0x00000000c3700000, 0x00000000c3700000| Untracked 
|  56|0x00000000c3800000, 0x00000000c3900000, 0x00000000c3900000|100%| O|  |TAMS 0x00000000c3800000, 0x00000000c3800000| Untracked 
|  57|0x00000000c3900000, 0x00000000c3a00000, 0x00000000c3a00000|100%| O|  |TAMS 0x00000000c3900000, 0x00000000c3900000| Untracked 
|  58|0x00000000c3a00000, 0x00000000c3b00000, 0x00000000c3b00000|100%| O|  |TAMS 0x00000000c3a00000, 0x00000000c3a00000| Untracked 
|  59|0x00000000c3b00000, 0x00000000c3c00000, 0x00000000c3c00000|100%| O|  |TAMS 0x00000000c3b00000, 0x00000000c3b00000| Untracked 
|  60|0x00000000c3c00000, 0x00000000c3d00000, 0x00000000c3d00000|100%| O|  |TAMS 0x00000000c3c00000, 0x00000000c3c00000| Untracked 
|  61|0x00000000c3d00000, 0x00000000c3e00000, 0x00000000c3e00000|100%| O|  |TAMS 0x00000000c3d00000, 0x00000000c3d00000| Untracked 
|  62|0x00000000c3e00000, 0x00000000c3e00000, 0x00000000c3f00000|  0%| F|  |TAMS 0x00000000c3e00000, 0x00000000c3e00000| Untracked 
|  63|0x00000000c3f00000, 0x00000000c3f00000, 0x00000000c4000000|  0%| F|  |TAMS 0x00000000c3f00000, 0x00000000c3f00000| Untracked 
|  64|0x00000000c4000000, 0x00000000c4000000, 0x00000000c4100000|  0%| F|  |TAMS 0x00000000c4000000, 0x00000000c4000000| Untracked 
|  65|0x00000000c4100000, 0x00000000c4100000, 0x00000000c4200000|  0%| F|  |TAMS 0x00000000c4100000, 0x00000000c4100000| Untracked 
|  66|0x00000000c4200000, 0x00000000c4200000, 0x00000000c4300000|  0%| F|  |TAMS 0x00000000c4200000, 0x00000000c4200000| Untracked 
|  67|0x00000000c4300000, 0x00000000c4300000, 0x00000000c4400000|  0%| F|  |TAMS 0x00000000c4300000, 0x00000000c4300000| Untracked 
|  68|0x00000000c4400000, 0x00000000c4400000, 0x00000000c4500000|  0%| F|  |TAMS 0x00000000c4400000, 0x00000000c4400000| Untracked 
|  69|0x00000000c4500000, 0x00000000c4500000, 0x00000000c4600000|  0%| F|  |TAMS 0x00000000c4500000, 0x00000000c4500000| Untracked 
|  70|0x00000000c4600000, 0x00000000c4600000, 0x00000000c4700000|  0%| F|  |TAMS 0x00000000c4600000, 0x00000000c4600000| Untracked 
|  71|0x00000000c4700000, 0x00000000c4700000, 0x00000000c4800000|  0%| F|  |TAMS 0x00000000c4700000, 0x00000000c4700000| Untracked 
|  72|0x00000000c4800000, 0x00000000c4800000, 0x00000000c4900000|  0%| F|  |TAMS 0x00000000c4800000, 0x00000000c4800000| Untracked 
|  73|0x00000000c4900000, 0x00000000c4900000, 0x00000000c4a00000|  0%| F|  |TAMS 0x00000000c4900000, 0x00000000c4900000| Untracked 
|  74|0x00000000c4a00000, 0x00000000c4a00000, 0x00000000c4b00000|  0%| F|  |TAMS 0x00000000c4a00000, 0x00000000c4a00000| Untracked 
|  75|0x00000000c4b00000, 0x00000000c4b00000, 0x00000000c4c00000|  0%| F|  |TAMS 0x00000000c4b00000, 0x00000000c4b00000| Untracked 
|  76|0x00000000c4c00000, 0x00000000c4c00000, 0x00000000c4d00000|  0%| F|  |TAMS 0x00000000c4c00000, 0x00000000c4c00000| Untracked 
|  77|0x00000000c4d00000, 0x00000000c4d00000, 0x00000000c4e00000|  0%| F|  |TAMS 0x00000000c4d00000, 0x00000000c4d00000| Untracked 
|  78|0x00000000c4e00000, 0x00000000c4e00000, 0x00000000c4f00000|  0%| F|  |TAMS 0x00000000c4e00000, 0x00000000c4e00000| Untracked 
|  79|0x00000000c4f00000, 0x00000000c4f00000, 0x00000000c5000000|  0%| F|  |TAMS 0x00000000c4f00000, 0x00000000c4f00000| Untracked 
|  80|0x00000000c5000000, 0x00000000c5000000, 0x00000000c5100000|  0%| F|  |TAMS 0x00000000c5000000, 0x00000000c5000000| Untracked 
|  81|0x00000000c5100000, 0x00000000c5100000, 0x00000000c5200000|  0%| F|  |TAMS 0x00000000c5100000, 0x00000000c5100000| Untracked 
|  82|0x00000000c5200000, 0x00000000c5200000, 0x00000000c5300000|  0%| F|  |TAMS 0x00000000c5200000, 0x00000000c5200000| Untracked 
|  83|0x00000000c5300000, 0x00000000c5300000, 0x00000000c5400000|  0%| F|  |TAMS 0x00000000c5300000, 0x00000000c5300000| Untracked 
|  84|0x00000000c5400000, 0x00000000c5400000, 0x00000000c5500000|  0%| F|  |TAMS 0x00000000c5400000, 0x00000000c5400000| Untracked 
|  85|0x00000000c5500000, 0x00000000c5500000, 0x00000000c5600000|  0%| F|  |TAMS 0x00000000c5500000, 0x00000000c5500000| Untracked 
|  86|0x00000000c5600000, 0x00000000c5600000, 0x00000000c5700000|  0%| F|  |TAMS 0x00000000c5600000, 0x00000000c5600000| Untracked 
|  87|0x00000000c5700000, 0x00000000c5700000, 0x00000000c5800000|  0%| F|  |TAMS 0x00000000c5700000, 0x00000000c5700000| Untracked 
|  88|0x00000000c5800000, 0x00000000c5900000, 0x00000000c5900000|100%| O|  |TAMS 0x00000000c5800000, 0x00000000c5800000| Untracked 
|  89|0x00000000c5900000, 0x00000000c5900000, 0x00000000c5a00000|  0%| F|  |TAMS 0x00000000c5900000, 0x00000000c5900000| Untracked 
|  90|0x00000000c5a00000, 0x00000000c5b00000, 0x00000000c5b00000|100%| O|  |TAMS 0x00000000c5a00000, 0x00000000c5a00000| Untracked 
|  91|0x00000000c5b00000, 0x00000000c5c00000, 0x00000000c5c00000|100%| O|  |TAMS 0x00000000c5b00000, 0x00000000c5b00000| Untracked 
|  92|0x00000000c5c00000, 0x00000000c5d00000, 0x00000000c5d00000|100%| O|  |TAMS 0x00000000c5c00000, 0x00000000c5c00000| Untracked 
|  93|0x00000000c5d00000, 0x00000000c5e00000, 0x00000000c5e00000|100%| O|  |TAMS 0x00000000c5d00000, 0x00000000c5d00000| Untracked 
|  94|0x00000000c5e00000, 0x00000000c5f00000, 0x00000000c5f00000|100%| O|  |TAMS 0x00000000c5e00000, 0x00000000c5e00000| Untracked 
|  95|0x00000000c5f00000, 0x00000000c6000000, 0x00000000c6000000|100%| O|  |TAMS 0x00000000c5f00000, 0x00000000c5f00000| Untracked 
|  96|0x00000000c6000000, 0x00000000c6100000, 0x00000000c6100000|100%| O|  |TAMS 0x00000000c6000000, 0x00000000c6000000| Untracked 
|  97|0x00000000c6100000, 0x00000000c6200000, 0x00000000c6200000|100%| O|  |TAMS 0x00000000c6100000, 0x00000000c6100000| Untracked 
|  98|0x00000000c6200000, 0x00000000c6300000, 0x00000000c6300000|100%| O|  |TAMS 0x00000000c6200000, 0x00000000c6200000| Untracked 
|  99|0x00000000c6300000, 0x00000000c6400000, 0x00000000c6400000|100%| O|  |TAMS 0x00000000c6300000, 0x00000000c6300000| Untracked 
| 100|0x00000000c6400000, 0x00000000c6500000, 0x00000000c6500000|100%| O|  |TAMS 0x00000000c6400000, 0x00000000c6400000| Untracked 
| 101|0x00000000c6500000, 0x00000000c6600000, 0x00000000c6600000|100%| O|  |TAMS 0x00000000c6500000, 0x00000000c6500000| Untracked 
| 102|0x00000000c6600000, 0x00000000c6700000, 0x00000000c6700000|100%| O|  |TAMS 0x00000000c6600000, 0x00000000c6600000| Untracked 
| 103|0x00000000c6700000, 0x00000000c6800000, 0x00000000c6800000|100%| O|  |TAMS 0x00000000c6700000, 0x00000000c6700000| Untracked 
| 104|0x00000000c6800000, 0x00000000c6900000, 0x00000000c6900000|100%| O|  |TAMS 0x00000000c6800000, 0x00000000c6800000| Untracked 
| 105|0x00000000c6900000, 0x00000000c6a00000, 0x00000000c6a00000|100%| O|  |TAMS 0x00000000c6900000, 0x00000000c6900000| Untracked 
| 106|0x00000000c6a00000, 0x00000000c6abfa00, 0x00000000c6b00000| 74%| O|  |TAMS 0x00000000c6a00000, 0x00000000c6a00000| Untracked 
| 107|0x00000000c6b00000, 0x00000000c6b00000, 0x00000000c6c00000|  0%| F|  |TAMS 0x00000000c6b00000, 0x00000000c6b00000| Untracked 
| 108|0x00000000c6c00000, 0x00000000c6c00000, 0x00000000c6d00000|  0%| F|  |TAMS 0x00000000c6c00000, 0x00000000c6c00000| Untracked 
| 109|0x00000000c6d00000, 0x00000000c6d00000, 0x00000000c6e00000|  0%| F|  |TAMS 0x00000000c6d00000, 0x00000000c6d00000| Untracked 
| 110|0x00000000c6e00000, 0x00000000c6e00000, 0x00000000c6f00000|  0%| F|  |TAMS 0x00000000c6e00000, 0x00000000c6e00000| Untracked 
| 111|0x00000000c6f00000, 0x00000000c6f00000, 0x00000000c7000000|  0%| F|  |TAMS 0x00000000c6f00000, 0x00000000c6f00000| Untracked 
| 112|0x00000000c7000000, 0x00000000c7000000, 0x00000000c7100000|  0%| F|  |TAMS 0x00000000c7000000, 0x00000000c7000000| Untracked 
| 113|0x00000000c7100000, 0x00000000c7100000, 0x00000000c7200000|  0%| F|  |TAMS 0x00000000c7100000, 0x00000000c7100000| Untracked 
| 114|0x00000000c7200000, 0x00000000c7200000, 0x00000000c7300000|  0%| F|  |TAMS 0x00000000c7200000, 0x00000000c7200000| Untracked 
| 115|0x00000000c7300000, 0x00000000c7300000, 0x00000000c7400000|  0%| F|  |TAMS 0x00000000c7300000, 0x00000000c7300000| Untracked 
| 116|0x00000000c7400000, 0x00000000c7400000, 0x00000000c7500000|  0%| F|  |TAMS 0x00000000c7400000, 0x00000000c7400000| Untracked 
| 117|0x00000000c7500000, 0x00000000c7500000, 0x00000000c7600000|  0%| F|  |TAMS 0x00000000c7500000, 0x00000000c7500000| Untracked 
| 118|0x00000000c7600000, 0x00000000c7600000, 0x00000000c7700000|  0%| F|  |TAMS 0x00000000c7600000, 0x00000000c7600000| Untracked 
| 119|0x00000000c7700000, 0x00000000c7700000, 0x00000000c7800000|  0%| F|  |TAMS 0x00000000c7700000, 0x00000000c7700000| Untracked 
| 120|0x00000000c7800000, 0x00000000c7800000, 0x00000000c7900000|  0%| F|  |TAMS 0x00000000c7800000, 0x00000000c7800000| Untracked 
| 121|0x00000000c7900000, 0x00000000c7900000, 0x00000000c7a00000|  0%| F|  |TAMS 0x00000000c7900000, 0x00000000c7900000| Untracked 
| 122|0x00000000c7a00000, 0x00000000c7a00000, 0x00000000c7b00000|  0%| F|  |TAMS 0x00000000c7a00000, 0x00000000c7a00000| Untracked 
| 123|0x00000000c7b00000, 0x00000000c7b00000, 0x00000000c7c00000|  0%| F|  |TAMS 0x00000000c7b00000, 0x00000000c7b00000| Untracked 
| 124|0x00000000c7c00000, 0x00000000c7c00000, 0x00000000c7d00000|  0%| F|  |TAMS 0x00000000c7c00000, 0x00000000c7c00000| Untracked 
| 125|0x00000000c7d00000, 0x00000000c7d00000, 0x00000000c7e00000|  0%| F|  |TAMS 0x00000000c7d00000, 0x00000000c7d00000| Untracked 
| 126|0x00000000c7e00000, 0x00000000c7e00000, 0x00000000c7f00000|  0%| F|  |TAMS 0x00000000c7e00000, 0x00000000c7e00000| Untracked 
| 127|0x00000000c7f00000, 0x00000000c7f00000, 0x00000000c8000000|  0%| F|  |TAMS 0x00000000c7f00000, 0x00000000c7f00000| Untracked 
| 128|0x00000000c8000000, 0x00000000c8100000, 0x00000000c8100000|100%| S|CS|TAMS 0x00000000c8000000, 0x00000000c8000000| Complete 
| 129|0x00000000c8100000, 0x00000000c8200000, 0x00000000c8200000|100%| S|CS|TAMS 0x00000000c8100000, 0x00000000c8100000| Complete 
| 130|0x00000000c8200000, 0x00000000c8300000, 0x00000000c8300000|100%| S|CS|TAMS 0x00000000c8200000, 0x00000000c8200000| Complete 
| 131|0x00000000c8300000, 0x00000000c8400000, 0x00000000c8400000|100%| S|CS|TAMS 0x00000000c8300000, 0x00000000c8300000| Complete 
| 132|0x00000000c8400000, 0x00000000c8500000, 0x00000000c8500000|100%| S|CS|TAMS 0x00000000c8400000, 0x00000000c8400000| Complete 
| 133|0x00000000c8500000, 0x00000000c8600000, 0x00000000c8600000|100%| S|CS|TAMS 0x00000000c8500000, 0x00000000c8500000| Complete 
| 134|0x00000000c8600000, 0x00000000c8700000, 0x00000000c8700000|100%| S|CS|TAMS 0x00000000c8600000, 0x00000000c8600000| Complete 
| 135|0x00000000c8700000, 0x00000000c8800000, 0x00000000c8800000|100%| S|CS|TAMS 0x00000000c8700000, 0x00000000c8700000| Complete 
| 136|0x00000000c8800000, 0x00000000c8900000, 0x00000000c8900000|100%| S|CS|TAMS 0x00000000c8800000, 0x00000000c8800000| Complete 
| 137|0x00000000c8900000, 0x00000000c8a00000, 0x00000000c8a00000|100%| S|CS|TAMS 0x00000000c8900000, 0x00000000c8900000| Complete 
| 138|0x00000000c8a00000, 0x00000000c8b00000, 0x00000000c8b00000|100%| S|CS|TAMS 0x00000000c8a00000, 0x00000000c8a00000| Complete 
| 139|0x00000000c8b00000, 0x00000000c8c00000, 0x00000000c8c00000|100%| S|CS|TAMS 0x00000000c8b00000, 0x00000000c8b00000| Complete 
| 140|0x00000000c8c00000, 0x00000000c8d00000, 0x00000000c8d00000|100%| S|CS|TAMS 0x00000000c8c00000, 0x00000000c8c00000| Complete 
| 141|0x00000000c8d00000, 0x00000000c8d00000, 0x00000000c8e00000|  0%| F|  |TAMS 0x00000000c8d00000, 0x00000000c8d00000| Untracked 
| 142|0x00000000c8e00000, 0x00000000c8e00000, 0x00000000c8f00000|  0%| F|  |TAMS 0x00000000c8e00000, 0x00000000c8e00000| Untracked 
| 143|0x00000000c8f00000, 0x00000000c8f00000, 0x00000000c9000000|  0%| F|  |TAMS 0x00000000c8f00000, 0x00000000c8f00000| Untracked 
| 144|0x00000000c9000000, 0x00000000c9000000, 0x00000000c9100000|  0%| F|  |TAMS 0x00000000c9000000, 0x00000000c9000000| Untracked 
| 145|0x00000000c9100000, 0x00000000c9100000, 0x00000000c9200000|  0%| F|  |TAMS 0x00000000c9100000, 0x00000000c9100000| Untracked 
| 146|0x00000000c9200000, 0x00000000c9200000, 0x00000000c9300000|  0%| F|  |TAMS 0x00000000c9200000, 0x00000000c9200000| Untracked 
| 147|0x00000000c9300000, 0x00000000c9300000, 0x00000000c9400000|  0%| F|  |TAMS 0x00000000c9300000, 0x00000000c9300000| Untracked 
| 148|0x00000000c9400000, 0x00000000c9400000, 0x00000000c9500000|  0%| F|  |TAMS 0x00000000c9400000, 0x00000000c9400000| Untracked 
| 149|0x00000000c9500000, 0x00000000c9500000, 0x00000000c9600000|  0%| F|  |TAMS 0x00000000c9500000, 0x00000000c9500000| Untracked 
| 150|0x00000000c9600000, 0x00000000c9600000, 0x00000000c9700000|  0%| F|  |TAMS 0x00000000c9600000, 0x00000000c9600000| Untracked 
| 151|0x00000000c9700000, 0x00000000c9700000, 0x00000000c9800000|  0%| F|  |TAMS 0x00000000c9700000, 0x00000000c9700000| Untracked 
| 152|0x00000000c9800000, 0x00000000c9800000, 0x00000000c9900000|  0%| F|  |TAMS 0x00000000c9800000, 0x00000000c9800000| Untracked 
| 153|0x00000000c9900000, 0x00000000c9900000, 0x00000000c9a00000|  0%| F|  |TAMS 0x00000000c9900000, 0x00000000c9900000| Untracked 
| 154|0x00000000c9a00000, 0x00000000c9a00000, 0x00000000c9b00000|  0%| F|  |TAMS 0x00000000c9a00000, 0x00000000c9a00000| Untracked 
| 155|0x00000000c9b00000, 0x00000000c9b00000, 0x00000000c9c00000|  0%| F|  |TAMS 0x00000000c9b00000, 0x00000000c9b00000| Untracked 
| 156|0x00000000c9c00000, 0x00000000c9c00000, 0x00000000c9d00000|  0%| F|  |TAMS 0x00000000c9c00000, 0x00000000c9c00000| Untracked 
| 157|0x00000000c9d00000, 0x00000000c9d00000, 0x00000000c9e00000|  0%| F|  |TAMS 0x00000000c9d00000, 0x00000000c9d00000| Untracked 
| 158|0x00000000c9e00000, 0x00000000c9e00000, 0x00000000c9f00000|  0%| F|  |TAMS 0x00000000c9e00000, 0x00000000c9e00000| Untracked 
| 159|0x00000000c9f00000, 0x00000000c9f00000, 0x00000000ca000000|  0%| F|  |TAMS 0x00000000c9f00000, 0x00000000c9f00000| Untracked 
| 160|0x00000000ca000000, 0x00000000ca000000, 0x00000000ca100000|  0%| F|  |TAMS 0x00000000ca000000, 0x00000000ca000000| Untracked 
| 161|0x00000000ca100000, 0x00000000ca100000, 0x00000000ca200000|  0%| F|  |TAMS 0x00000000ca100000, 0x00000000ca100000| Untracked 
| 162|0x00000000ca200000, 0x00000000ca200000, 0x00000000ca300000|  0%| F|  |TAMS 0x00000000ca200000, 0x00000000ca200000| Untracked 
| 163|0x00000000ca300000, 0x00000000ca300000, 0x00000000ca400000|  0%| F|  |TAMS 0x00000000ca300000, 0x00000000ca300000| Untracked 
| 164|0x00000000ca400000, 0x00000000ca400000, 0x00000000ca500000|  0%| F|  |TAMS 0x00000000ca400000, 0x00000000ca400000| Untracked 
| 165|0x00000000ca500000, 0x00000000ca500000, 0x00000000ca600000|  0%| F|  |TAMS 0x00000000ca500000, 0x00000000ca500000| Untracked 
| 166|0x00000000ca600000, 0x00000000ca600000, 0x00000000ca700000|  0%| F|  |TAMS 0x00000000ca600000, 0x00000000ca600000| Untracked 
| 167|0x00000000ca700000, 0x00000000ca700000, 0x00000000ca800000|  0%| F|  |TAMS 0x00000000ca700000, 0x00000000ca700000| Untracked 
| 168|0x00000000ca800000, 0x00000000ca800000, 0x00000000ca900000|  0%| F|  |TAMS 0x00000000ca800000, 0x00000000ca800000| Untracked 
| 169|0x00000000ca900000, 0x00000000ca900000, 0x00000000caa00000|  0%| F|  |TAMS 0x00000000ca900000, 0x00000000ca900000| Untracked 
| 170|0x00000000caa00000, 0x00000000caa00000, 0x00000000cab00000|  0%| F|  |TAMS 0x00000000caa00000, 0x00000000caa00000| Untracked 
| 171|0x00000000cab00000, 0x00000000cab00000, 0x00000000cac00000|  0%| F|  |TAMS 0x00000000cab00000, 0x00000000cab00000| Untracked 
| 172|0x00000000cac00000, 0x00000000cac00000, 0x00000000cad00000|  0%| F|  |TAMS 0x00000000cac00000, 0x00000000cac00000| Untracked 
| 173|0x00000000cad00000, 0x00000000cad00000, 0x00000000cae00000|  0%| F|  |TAMS 0x00000000cad00000, 0x00000000cad00000| Untracked 
| 174|0x00000000cae00000, 0x00000000cae00000, 0x00000000caf00000|  0%| F|  |TAMS 0x00000000cae00000, 0x00000000cae00000| Untracked 
| 175|0x00000000caf00000, 0x00000000caf00000, 0x00000000cb000000|  0%| F|  |TAMS 0x00000000caf00000, 0x00000000caf00000| Untracked 
| 176|0x00000000cb000000, 0x00000000cb000000, 0x00000000cb100000|  0%| F|  |TAMS 0x00000000cb000000, 0x00000000cb000000| Untracked 
| 177|0x00000000cb100000, 0x00000000cb100000, 0x00000000cb200000|  0%| F|  |TAMS 0x00000000cb100000, 0x00000000cb100000| Untracked 
| 178|0x00000000cb200000, 0x00000000cb200000, 0x00000000cb300000|  0%| F|  |TAMS 0x00000000cb200000, 0x00000000cb200000| Untracked 
| 179|0x00000000cb300000, 0x00000000cb300000, 0x00000000cb400000|  0%| F|  |TAMS 0x00000000cb300000, 0x00000000cb300000| Untracked 
| 180|0x00000000cb400000, 0x00000000cb400000, 0x00000000cb500000|  0%| F|  |TAMS 0x00000000cb400000, 0x00000000cb400000| Untracked 
| 181|0x00000000cb500000, 0x00000000cb500000, 0x00000000cb600000|  0%| F|  |TAMS 0x00000000cb500000, 0x00000000cb500000| Untracked 
| 182|0x00000000cb600000, 0x00000000cb600000, 0x00000000cb700000|  0%| F|  |TAMS 0x00000000cb600000, 0x00000000cb600000| Untracked 
| 183|0x00000000cb700000, 0x00000000cb700000, 0x00000000cb800000|  0%| F|  |TAMS 0x00000000cb700000, 0x00000000cb700000| Untracked 
| 184|0x00000000cb800000, 0x00000000cb8bbe50, 0x00000000cb900000| 73%| E|  |TAMS 0x00000000cb800000, 0x00000000cb800000| Complete 
| 185|0x00000000cb900000, 0x00000000cba00000, 0x00000000cba00000|100%| E|CS|TAMS 0x00000000cb900000, 0x00000000cb900000| Complete 
| 186|0x00000000cba00000, 0x00000000cbb00000, 0x00000000cbb00000|100%| E|CS|TAMS 0x00000000cba00000, 0x00000000cba00000| Complete 
| 187|0x00000000cbb00000, 0x00000000cbc00000, 0x00000000cbc00000|100%| E|CS|TAMS 0x00000000cbb00000, 0x00000000cbb00000| Complete 
| 188|0x00000000cbc00000, 0x00000000cbd00000, 0x00000000cbd00000|100%| E|CS|TAMS 0x00000000cbc00000, 0x00000000cbc00000| Complete 
| 189|0x00000000cbd00000, 0x00000000cbe00000, 0x00000000cbe00000|100%| E|CS|TAMS 0x00000000cbd00000, 0x00000000cbd00000| Complete 
| 190|0x00000000cbe00000, 0x00000000cbf00000, 0x00000000cbf00000|100%| E|CS|TAMS 0x00000000cbe00000, 0x00000000cbe00000| Complete 
| 191|0x00000000cbf00000, 0x00000000cc000000, 0x00000000cc000000|100%| E|CS|TAMS 0x00000000cbf00000, 0x00000000cbf00000| Complete 
| 192|0x00000000cc000000, 0x00000000cc100000, 0x00000000cc100000|100%| E|CS|TAMS 0x00000000cc000000, 0x00000000cc000000| Complete 
| 193|0x00000000cc100000, 0x00000000cc200000, 0x00000000cc200000|100%| E|CS|TAMS 0x00000000cc100000, 0x00000000cc100000| Complete 
| 194|0x00000000cc200000, 0x00000000cc300000, 0x00000000cc300000|100%| E|CS|TAMS 0x00000000cc200000, 0x00000000cc200000| Complete 
| 195|0x00000000cc300000, 0x00000000cc400000, 0x00000000cc400000|100%| E|CS|TAMS 0x00000000cc300000, 0x00000000cc300000| Complete 
| 196|0x00000000cc400000, 0x00000000cc500000, 0x00000000cc500000|100%| E|CS|TAMS 0x00000000cc400000, 0x00000000cc400000| Complete 
| 197|0x00000000cc500000, 0x00000000cc600000, 0x00000000cc600000|100%| E|CS|TAMS 0x00000000cc500000, 0x00000000cc500000| Complete 
| 198|0x00000000cc600000, 0x00000000cc700000, 0x00000000cc700000|100%| E|CS|TAMS 0x00000000cc600000, 0x00000000cc600000| Complete 
| 199|0x00000000cc700000, 0x00000000cc800000, 0x00000000cc800000|100%| E|CS|TAMS 0x00000000cc700000, 0x00000000cc700000| Complete 
| 200|0x00000000cc800000, 0x00000000cc900000, 0x00000000cc900000|100%| E|CS|TAMS 0x00000000cc800000, 0x00000000cc800000| Complete 
| 201|0x00000000cc900000, 0x00000000cca00000, 0x00000000cca00000|100%| E|  |TAMS 0x00000000cc900000, 0x00000000cc900000| Complete 
| 202|0x00000000cca00000, 0x00000000ccb00000, 0x00000000ccb00000|100%| E|CS|TAMS 0x00000000cca00000, 0x00000000cca00000| Complete 
| 203|0x00000000ccb00000, 0x00000000ccc00000, 0x00000000ccc00000|100%| E|CS|TAMS 0x00000000ccb00000, 0x00000000ccb00000| Complete 
| 204|0x00000000ccc00000, 0x00000000ccd00000, 0x00000000ccd00000|100%| E|CS|TAMS 0x00000000ccc00000, 0x00000000ccc00000| Complete 
| 205|0x00000000ccd00000, 0x00000000cce00000, 0x00000000cce00000|100%| E|CS|TAMS 0x00000000ccd00000, 0x00000000ccd00000| Complete 
| 206|0x00000000cce00000, 0x00000000ccf00000, 0x00000000ccf00000|100%| E|CS|TAMS 0x00000000cce00000, 0x00000000cce00000| Complete 
| 207|0x00000000ccf00000, 0x00000000cd000000, 0x00000000cd000000|100%| E|CS|TAMS 0x00000000ccf00000, 0x00000000ccf00000| Complete 
| 208|0x00000000cd000000, 0x00000000cd100000, 0x00000000cd100000|100%| E|CS|TAMS 0x00000000cd000000, 0x00000000cd000000| Complete 
| 209|0x00000000cd100000, 0x00000000cd200000, 0x00000000cd200000|100%| E|CS|TAMS 0x00000000cd100000, 0x00000000cd100000| Complete 
| 210|0x00000000cd200000, 0x00000000cd300000, 0x00000000cd300000|100%| E|CS|TAMS 0x00000000cd200000, 0x00000000cd200000| Complete 
| 211|0x00000000cd300000, 0x00000000cd400000, 0x00000000cd400000|100%| E|CS|TAMS 0x00000000cd300000, 0x00000000cd300000| Complete 
| 212|0x00000000cd400000, 0x00000000cd500000, 0x00000000cd500000|100%| E|CS|TAMS 0x00000000cd400000, 0x00000000cd400000| Complete 
| 213|0x00000000cd500000, 0x00000000cd600000, 0x00000000cd600000|100%| E|CS|TAMS 0x00000000cd500000, 0x00000000cd500000| Complete 
| 214|0x00000000cd600000, 0x00000000cd700000, 0x00000000cd700000|100%| E|CS|TAMS 0x00000000cd600000, 0x00000000cd600000| Complete 
| 215|0x00000000cd700000, 0x00000000cd800000, 0x00000000cd800000|100%| E|CS|TAMS 0x00000000cd700000, 0x00000000cd700000| Complete 
| 216|0x00000000cd800000, 0x00000000cd900000, 0x00000000cd900000|100%| E|CS|TAMS 0x00000000cd800000, 0x00000000cd800000| Complete 
| 217|0x00000000cd900000, 0x00000000cda00000, 0x00000000cda00000|100%| E|CS|TAMS 0x00000000cd900000, 0x00000000cd900000| Complete 
| 218|0x00000000cda00000, 0x00000000cdb00000, 0x00000000cdb00000|100%| E|CS|TAMS 0x00000000cda00000, 0x00000000cda00000| Complete 
| 219|0x00000000cdb00000, 0x00000000cdc00000, 0x00000000cdc00000|100%| E|CS|TAMS 0x00000000cdb00000, 0x00000000cdb00000| Complete 
| 220|0x00000000cdc00000, 0x00000000cdd00000, 0x00000000cdd00000|100%| E|CS|TAMS 0x00000000cdc00000, 0x00000000cdc00000| Complete 
| 221|0x00000000cdd00000, 0x00000000cde00000, 0x00000000cde00000|100%| E|CS|TAMS 0x00000000cdd00000, 0x00000000cdd00000| Complete 
| 222|0x00000000cde00000, 0x00000000cdf00000, 0x00000000cdf00000|100%| E|CS|TAMS 0x00000000cde00000, 0x00000000cde00000| Complete 
| 223|0x00000000cdf00000, 0x00000000ce000000, 0x00000000ce000000|100%| E|CS|TAMS 0x00000000cdf00000, 0x00000000cdf00000| Complete 
| 224|0x00000000ce000000, 0x00000000ce100000, 0x00000000ce100000|100%| E|CS|TAMS 0x00000000ce000000, 0x00000000ce000000| Complete 
| 225|0x00000000ce100000, 0x00000000ce200000, 0x00000000ce200000|100%| E|CS|TAMS 0x00000000ce100000, 0x00000000ce100000| Complete 
| 226|0x00000000ce200000, 0x00000000ce300000, 0x00000000ce300000|100%| E|CS|TAMS 0x00000000ce200000, 0x00000000ce200000| Complete 
| 227|0x00000000ce300000, 0x00000000ce400000, 0x00000000ce400000|100%| E|CS|TAMS 0x00000000ce300000, 0x00000000ce300000| Complete 
| 228|0x00000000ce400000, 0x00000000ce500000, 0x00000000ce500000|100%| E|CS|TAMS 0x00000000ce400000, 0x00000000ce400000| Complete 
| 247|0x00000000cf700000, 0x00000000cf800000, 0x00000000cf800000|100%| E|CS|TAMS 0x00000000cf700000, 0x00000000cf700000| Complete 
| 248|0x00000000cf800000, 0x00000000cf900000, 0x00000000cf900000|100%| E|CS|TAMS 0x00000000cf800000, 0x00000000cf800000| Complete 
| 249|0x00000000cf900000, 0x00000000cfa00000, 0x00000000cfa00000|100%| E|CS|TAMS 0x00000000cf900000, 0x00000000cf900000| Complete 
| 250|0x00000000cfa00000, 0x00000000cfb00000, 0x00000000cfb00000|100%| E|CS|TAMS 0x00000000cfa00000, 0x00000000cfa00000| Complete 
| 251|0x00000000cfb00000, 0x00000000cfc00000, 0x00000000cfc00000|100%| E|CS|TAMS 0x00000000cfb00000, 0x00000000cfb00000| Complete 
| 252|0x00000000cfc00000, 0x00000000cfd00000, 0x00000000cfd00000|100%| E|CS|TAMS 0x00000000cfc00000, 0x00000000cfc00000| Complete 
| 253|0x00000000cfd00000, 0x00000000cfe00000, 0x00000000cfe00000|100%| E|CS|TAMS 0x00000000cfd00000, 0x00000000cfd00000| Complete 
| 254|0x00000000cfe00000, 0x00000000cff00000, 0x00000000cff00000|100%| E|CS|TAMS 0x00000000cfe00000, 0x00000000cfe00000| Complete 
| 255|0x00000000cff00000, 0x00000000d0000000, 0x00000000d0000000|100%| E|CS|TAMS 0x00000000cff00000, 0x00000000cff00000| Complete 
|1019|0x00000000ffb00000, 0x00000000ffc00000, 0x00000000ffc00000|100%| O|  |TAMS 0x00000000ffb00000, 0x00000000ffb00000| Untracked 
|1020|0x00000000ffc00000, 0x00000000ffd00000, 0x00000000ffd00000|100%| O|  |TAMS 0x00000000ffc00000, 0x00000000ffc00000| Untracked 
|1021|0x00000000ffd00000, 0x00000000ffe00000, 0x00000000ffe00000|100%| O|  |TAMS 0x00000000ffd00000, 0x00000000ffd00000| Untracked 
|1022|0x00000000ffe00000, 0x00000000fff00000, 0x00000000fff00000|100%| O|  |TAMS 0x00000000ffe00000, 0x00000000ffe00000| Untracked 
|1023|0x00000000fff00000, 0x0000000100000000, 0x0000000100000000|100%| O|  |TAMS 0x00000000fff00000, 0x00000000fff00000| Untracked 

Card table byte_map: [0x000001ebf1370000,0x000001ebf1570000] _byte_map_base: 0x000001ebf0d70000

Marking Bits (Prev, Next): (CMBitMap*) 0x000001ebdccd7950, (CMBitMap*) 0x000001ebdccd7910
 Prev Bits: [0x000001ebf2770000, 0x000001ebf3770000)
 Next Bits: [0x000001ebf1770000, 0x000001ebf2770000)

Polling page: 0x000001ebdaca0000

Metaspace:

Usage:
  Non-class:     22.55 MB used.
      Class:      2.49 MB used.
       Both:     25.03 MB used.

Virtual space:
  Non-class space:       64.00 MB reserved,      22.94 MB ( 36%) committed,  1 nodes.
      Class space:        1.00 GB reserved,       2.81 MB ( <1%) committed,  1 nodes.
             Both:        1.06 GB reserved,      25.75 MB (  2%) committed. 

Chunk freelists:
   Non-Class:  800.00 KB
       Class:  1.22 MB
        Both:  2.00 MB

MaxMetaspaceSize: unlimited
CompressedClassSpaceSize: 1.00 GB
Initial GC threshold: 21.00 MB
Current GC threshold: 35.25 MB
CDS: on
MetaspaceReclaimPolicy: balanced
 - commit_granule_bytes: 65536.
 - commit_granule_words: 8192.
 - virtual_space_node_default_size: 8388608.
 - enlarge_chunks_in_place: 1.
 - new_chunks_are_fully_committed: 0.
 - uncommit_free_chunks: 1.
 - use_allocation_guard: 0.


Internal statistics:

num_allocs_failed_limit: 3.
num_arena_births: 522.
num_arena_deaths: 0.
num_vsnodes_births: 2.
num_vsnodes_deaths: 0.
num_space_committed: 412.
num_space_uncommitted: 0.
num_chunks_returned_to_freelist: 3.
num_chunks_taken_from_freelist: 1494.
num_chunk_merges: 0.
num_chunk_splits: 957.
num_chunks_enlarged: 627.
num_inconsistent_stats: 0.

CodeHeap 'non-profiled nmethods': size=120000Kb used=3073Kb max_used=3073Kb free=116926Kb
 bounds [0x000001ebe9c40000, 0x000001ebe9f50000, 0x000001ebf1170000]
CodeHeap 'profiled nmethods': size=120000Kb used=10269Kb max_used=10302Kb free=109731Kb
 bounds [0x000001ebe2170000, 0x000001ebe2c30000, 0x000001ebe96a0000]
CodeHeap 'non-nmethods': size=5760Kb used=1354Kb max_used=1407Kb free=4405Kb
 bounds [0x000001ebe96a0000, 0x000001ebe9910000, 0x000001ebe9c40000]
 total_blobs=5005 nmethods=4415 adapters=500
 compilation: enabled
              stopped_count=0, restarted_count=0
 full_count=0

Compilation events (20 events):
Event: 28.198 Thread 0x000001ebfa00fe90 nmethod 5196 0x000001ebe2859210 code [0x000001ebe2859400, 0x000001ebe28598c8]
Event: 28.198 Thread 0x000001ebfa00fe90 5197       2       org.eclipse.core.internal.jobs.JobQueue::canOvertake (69 bytes)
Event: 28.199 Thread 0x000001ebfa00fe90 nmethod 5197 0x000001ebe250c910 code [0x000001ebe250cae0, 0x000001ebe250cd68]
Event: 28.199 Thread 0x000001ebfa00fe90 5198       2       java.lang.invoke.MethodHandles$Lookup::maybeBindCaller (72 bytes)
Event: 28.200 Thread 0x000001ebfa00fe90 nmethod 5198 0x000001ebe250c290 code [0x000001ebe250c460, 0x000001ebe250c788]
Event: 28.200 Thread 0x000001ebfa00fe90 5200       2       org.python.pydev.ast.codecompletion.revisited.modules.ClassDefTokensExtractor::extractTokenFromAssign (117 bytes)
Event: 28.201 Thread 0x000001ebfa00fe90 nmethod 5200 0x000001ebe250b710 code [0x000001ebe250b920, 0x000001ebe250bf08]
Event: 28.201 Thread 0x000001ebfa00fe90 5201       2       org.python.pydev.core.TokensList::setLookingFor (47 bytes)
Event: 28.202 Thread 0x000001ebfa00fe90 nmethod 5201 0x000001ebe250b110 code [0x000001ebe250b2e0, 0x000001ebe250b598]
Event: 28.202 Thread 0x000001ebfa00fe90 5199       2       java.lang.invoke.MethodHandles::argumentsWithCombiner (130 bytes)
Event: 28.203 Thread 0x000001ebfa00fe90 nmethod 5199 0x000001ebe250a490 code [0x000001ebe250a6c0, 0x000001ebe250abf8]
Event: 28.203 Thread 0x000001ebfa00fe90 5202       2       com.python.pydev.analysis.additionalinfo.builders.AbstractAnalysisBuilderRunnable$1::isCanceled (34 bytes)
Event: 28.204 Thread 0x000001ebfa00fe90 nmethod 5202 0x000001ebe250a010 code [0x000001ebe250a1c0, 0x000001ebe250a388]
Event: 28.204 Thread 0x000001ebfa00fe90 5203       2       com.python.pydev.analysis.scopeanalysis.AbstractScopeAnalyzerVisitor::checkStop (21 bytes)
Event: 28.204 Thread 0x000001ebfa00fe90 nmethod 5203 0x000001ebe2509b90 code [0x000001ebe2509d40, 0x000001ebe2509f18]
Event: 28.204 Thread 0x000001ebfa00fe90 5204       2       org.python.pydev.core.TokensList::iterator (19 bytes)
Event: 28.205 Thread 0x000001ebfa00fe90 nmethod 5204 0x000001ebe2509510 code [0x000001ebe25096e0, 0x000001ebe2509a38]
Event: 28.205 Thread 0x000001ebfa00fe90 5205       1       org.python.pydev.ast.codecompletion.revisited.CompletionState::getNature (5 bytes)
Event: 28.205 Thread 0x000001ebfa00fe90 nmethod 5205 0x000001ebe9f40090 code [0x000001ebe9f40220, 0x000001ebe9f402d8]
Event: 28.205 Thread 0x000001ebfa00fe90 5206       2       org.python.pydev.parser.visitors.NodeUtils::getColLineEnd (148 bytes)

GC Heap History (20 events):
Event: 0.770 GC heap before
{Heap before GC invocations=0 (full 0):
 garbage-first heap   total 262144K, used 13312K [0x00000000c0000000, 0x0000000100000000)
  region size 1024K, 13 young (13312K), 0 survivors (0K)
 Metaspace       used 4094K, committed 4224K, reserved 1114112K
  class space    used 393K, committed 448K, reserved 1048576K
}
Event: 0.775 GC heap after
{Heap after GC invocations=1 (full 0):
 garbage-first heap   total 262144K, used 2639K [0x00000000c0000000, 0x0000000100000000)
  region size 1024K, 2 young (2048K), 2 survivors (2048K)
 Metaspace       used 4094K, committed 4224K, reserved 1114112K
  class space    used 393K, committed 448K, reserved 1048576K
}
Event: 1.948 GC heap before
{Heap before GC invocations=1 (full 0):
 garbage-first heap   total 262144K, used 17999K [0x00000000c0000000, 0x0000000100000000)
  region size 1024K, 18 young (18432K), 2 survivors (2048K)
 Metaspace       used 10187K, committed 10560K, reserved 1114112K
  class space    used 1041K, committed 1152K, reserved 1048576K
}
Event: 1.956 GC heap after
{Heap after GC invocations=2 (full 0):
 garbage-first heap   total 262144K, used 4799K [0x00000000c0000000, 0x0000000100000000)
  region size 1024K, 3 young (3072K), 3 survivors (3072K)
 Metaspace       used 10187K, committed 10560K, reserved 1114112K
  class space    used 1041K, committed 1152K, reserved 1048576K
}
Event: 5.144 GC heap before
{Heap before GC invocations=2 (full 0):
 garbage-first heap   total 262144K, used 84671K [0x00000000c0000000, 0x0000000100000000)
  region size 1024K, 72 young (73728K), 3 survivors (3072K)
 Metaspace       used 16243K, committed 16832K, reserved 1114112K
  class space    used 1598K, committed 1856K, reserved 1048576K
}
Event: 5.180 GC heap after
{Heap after GC invocations=3 (full 0):
 garbage-first heap   total 262144K, used 28100K [0x00000000c0000000, 0x0000000100000000)
  region size 1024K, 9 young (9216K), 9 survivors (9216K)
 Metaspace       used 16243K, committed 16832K, reserved 1114112K
  class space    used 1598K, committed 1856K, reserved 1048576K
}
Event: 6.271 GC heap before
{Heap before GC invocations=3 (full 0):
 garbage-first heap   total 262144K, used 89540K [0x00000000c0000000, 0x0000000100000000)
  region size 1024K, 53 young (54272K), 9 survivors (9216K)
 Metaspace       used 20138K, committed 20864K, reserved 1114112K
  class space    used 2087K, committed 2432K, reserved 1048576K
}
Event: 6.307 GC heap after
{Heap after GC invocations=4 (full 0):
 garbage-first heap   total 262144K, used 43520K [0x00000000c0000000, 0x0000000100000000)
  region size 1024K, 7 young (7168K), 7 survivors (7168K)
 Metaspace       used 20138K, committed 20864K, reserved 1114112K
  class space    used 2087K, committed 2432K, reserved 1048576K
}
Event: 6.604 GC heap before
{Heap before GC invocations=4 (full 0):
 garbage-first heap   total 262144K, used 89600K [0x00000000c0000000, 0x0000000100000000)
  region size 1024K, 52 young (53248K), 7 survivors (7168K)
 Metaspace       used 20142K, committed 20864K, reserved 1114112K
  class space    used 2087K, committed 2432K, reserved 1048576K
}
Event: 6.618 GC heap after
{Heap after GC invocations=5 (full 0):
 garbage-first heap   total 262144K, used 45412K [0x00000000c0000000, 0x0000000100000000)
  region size 1024K, 2 young (2048K), 2 survivors (2048K)
 Metaspace       used 20142K, committed 20864K, reserved 1114112K
  class space    used 2087K, committed 2432K, reserved 1048576K
}
Event: 8.422 GC heap before
{Heap before GC invocations=5 (full 0):
 garbage-first heap   total 262144K, used 103780K [0x00000000c0000000, 0x0000000100000000)
  region size 1024K, 50 young (51200K), 2 survivors (2048K)
 Metaspace       used 20861K, committed 21504K, reserved 1114112K
  class space    used 2147K, committed 2432K, reserved 1048576K
}
Event: 8.435 GC heap after
{Heap after GC invocations=6 (full 0):
 garbage-first heap   total 262144K, used 55392K [0x00000000c0000000, 0x0000000100000000)
  region size 1024K, 11 young (11264K), 11 survivors (11264K)
 Metaspace       used 20861K, committed 21504K, reserved 1114112K
  class space    used 2147K, committed 2432K, reserved 1048576K
}
Event: 11.819 GC heap before
{Heap before GC invocations=7 (full 0):
 garbage-first heap   total 239616K, used 223328K [0x00000000c0000000, 0x0000000100000000)
  region size 1024K, 132 young (135168K), 11 survivors (11264K)
 Metaspace       used 21126K, committed 21888K, reserved 1114112K
  class space    used 2179K, committed 2496K, reserved 1048576K
}
Event: 11.853 GC heap after
{Heap after GC invocations=8 (full 0):
 garbage-first heap   total 248832K, used 66900K [0x00000000c0000000, 0x0000000100000000)
  region size 1024K, 17 young (17408K), 17 survivors (17408K)
 Metaspace       used 21126K, committed 21888K, reserved 1114112K
  class space    used 2179K, committed 2496K, reserved 1048576K
}
Event: 11.886 GC heap before
{Heap before GC invocations=8 (full 0):
 garbage-first heap   total 248832K, used 67924K [0x00000000c0000000, 0x0000000100000000)
  region size 1024K, 18 young (18432K), 17 survivors (17408K)
 Metaspace       used 21126K, committed 21888K, reserved 1114112K
  class space    used 2179K, committed 2496K, reserved 1048576K
}
Event: 11.911 GC heap after
{Heap after GC invocations=9 (full 0):
 garbage-first heap   total 248832K, used 65245K [0x00000000c0000000, 0x0000000100000000)
  region size 1024K, 2 young (2048K), 2 survivors (2048K)
 Metaspace       used 21126K, committed 21888K, reserved 1114112K
  class space    used 2179K, committed 2496K, reserved 1048576K
}
Event: 20.300 GC heap before
{Heap before GC invocations=9 (full 0):
 garbage-first heap   total 248832K, used 149213K [0x00000000c0000000, 0x0000000100000000)
  region size 1024K, 84 young (86016K), 2 survivors (2048K)
 Metaspace       used 21135K, committed 21888K, reserved 1114112K
  class space    used 2179K, committed 2496K, reserved 1048576K
}
Event: 20.309 GC heap after
{Heap after GC invocations=10 (full 0):
 garbage-first heap   total 248832K, used 65501K [0x00000000c0000000, 0x0000000100000000)
  region size 1024K, 2 young (2048K), 2 survivors (2048K)
 Metaspace       used 21135K, committed 21888K, reserved 1114112K
  class space    used 2179K, committed 2496K, reserved 1048576K
}
Event: 24.813 GC heap before
{Heap before GC invocations=10 (full 0):
 garbage-first heap   total 248832K, used 194525K [0x00000000c0000000, 0x0000000100000000)
  region size 1024K, 97 young (99328K), 2 survivors (2048K)
 Metaspace       used 24735K, committed 25472K, reserved 1114112K
  class space    used 2471K, committed 2816K, reserved 1048576K
}
Event: 24.870 GC heap after
{Heap after GC invocations=11 (full 0):
 garbage-first heap   total 248832K, used 94974K [0x00000000c0000000, 0x0000000100000000)
  region size 1024K, 13 young (13312K), 13 survivors (13312K)
 Metaspace       used 24735K, committed 25472K, reserved 1114112K
  class space    used 2471K, committed 2816K, reserved 1048576K
}

Dll operation events (9 events):
Event: 0.012 Loaded shared library C:\Users\user\.pydev_vscode\java19\jdk-19.0.2+7-jre\bin\java.dll
Event: 0.031 Loaded shared library C:\Users\user\.pydev_vscode\java19\jdk-19.0.2+7-jre\bin\jsvml.dll
Event: 0.146 Loaded shared library C:\Users\user\.pydev_vscode\java19\jdk-19.0.2+7-jre\bin\net.dll
Event: 0.149 Loaded shared library C:\Users\user\.pydev_vscode\java19\jdk-19.0.2+7-jre\bin\nio.dll
Event: 0.153 Loaded shared library C:\Users\user\.pydev_vscode\java19\jdk-19.0.2+7-jre\bin\zip.dll
Event: 0.254 Loaded shared library C:\Users\user\.pydev_vscode\java19\jdk-19.0.2+7-jre\bin\jimage.dll
Event: 1.438 Loaded shared library C:\Users\user\.vscode\extensions\fabioz.vscode-pydev-0.16.0\server\plugins\org.eclipse.equinox.launcher.win32.win32.x86_64_1.2.900.v20240213-1244\eclipse_11900.dll
Event: 2.916 Loaded shared library C:\Users\user\.vscode\extensions\fabioz.vscode-pydev-0.16.0\server\config_win\org.eclipse.osgi\13\0\.cp\os\win32\x86_64\localfile_1_0_0.dll
Event: 3.195 Loaded shared library C:\Users\user\.vscode\extensions\fabioz.vscode-pydev-0.16.0\server\config_win\org.eclipse.osgi\16\0\.cp\os\win32\x86_64\win32refresh.dll

Deoptimization events (20 events):
Event: 27.328 Thread 0x000001ebfae4ab80 Uncommon trap: trap_request=0xffffff45 fr.pc=0x000001ebe9d3acc8 relative=0x00000000000000a8
Event: 27.328 Thread 0x000001ebfae4ab80 Uncommon trap: reason=unstable_if action=reinterpret pc=0x000001ebe9d3acc8 method=org.python.pydev.parser.grammar312.PythonGrammar312.factor()V @ 19 c2
Event: 27.328 Thread 0x000001ebfae4ab80 DEOPT PACKING pc=0x000001ebe9d3acc8 sp=0x0000006ee57fd110
Event: 27.328 Thread 0x000001ebfae4ab80 DEOPT UNPACKING pc=0x000001ebe9706da3 sp=0x0000006ee57fd0a8 mode 2
Event: 27.328 Thread 0x000001ebfae4ab80 Uncommon trap: trap_request=0xffffff45 fr.pc=0x000001ebe9d1a48c relative=0x00000000000003ac
Event: 27.328 Thread 0x000001ebfae4ab80 Uncommon trap: reason=unstable_if action=reinterpret pc=0x000001ebe9d1a48c method=org.python.pydev.parser.grammar312.PythonGrammar312.atom_expr()V @ 19 c2
Event: 27.328 Thread 0x000001ebfae4ab80 DEOPT PACKING pc=0x000001ebe9d1a48c sp=0x0000006ee57fd050
Event: 27.328 Thread 0x000001ebfae4ab80 DEOPT UNPACKING pc=0x000001ebe9706da3 sp=0x0000006ee57fd008 mode 2
Event: 27.527 Thread 0x000001ebfae4ab80 Uncommon trap: trap_request=0xffffff45 fr.pc=0x000001ebe9f2c7fc relative=0x00000000000007dc
Event: 27.527 Thread 0x000001ebfae4ab80 Uncommon trap: reason=unstable_if action=reinterpret pc=0x000001ebe9f2c7fc method=org.python.pydev.parser.grammar312.PythonGrammar312TokenManager.jjMoveNfa_0(II)I @ 4104 c2
Event: 27.527 Thread 0x000001ebfae4ab80 DEOPT PACKING pc=0x000001ebe9f2c7fc sp=0x0000006ee57fc940
Event: 27.527 Thread 0x000001ebfae4ab80 DEOPT UNPACKING pc=0x000001ebe9706da3 sp=0x0000006ee57fc8d0 mode 2
Event: 27.943 Thread 0x000001ebfae4ab80 Uncommon trap: trap_request=0xffffff6e fr.pc=0x000001ebe9c9aac0 relative=0x00000000000001a0
Event: 27.943 Thread 0x000001ebfae4ab80 Uncommon trap: reason=loop_limit_check action=maybe_recompile pc=0x000001ebe9c9aac0 method=org.python.pydev.parser.grammar312.PythonGrammar312TokenManager.jjMoveNfa_11(II)I @ 404 c2
Event: 27.943 Thread 0x000001ebfae4ab80 DEOPT PACKING pc=0x000001ebe9c9aac0 sp=0x0000006ee57fc970
Event: 27.953 Thread 0x000001ebfae4ab80 DEOPT UNPACKING pc=0x000001ebe9706da3 sp=0x0000006ee57fc8c0 mode 2
Event: 28.143 Thread 0x000001ebfae4ab80 Uncommon trap: trap_request=0xffffff45 fr.pc=0x000001ebe9d3e100 relative=0x00000000000002a0
Event: 28.143 Thread 0x000001ebfae4ab80 Uncommon trap: reason=unstable_if action=reinterpret pc=0x000001ebe9d3e100 method=org.python.pydev.parser.grammar312.PythonGrammar312.term()V @ 109 c2
Event: 28.143 Thread 0x000001ebfae4ab80 DEOPT PACKING pc=0x000001ebe9d3e100 sp=0x0000006ee57fcd20
Event: 28.143 Thread 0x000001ebfae4ab80 DEOPT UNPACKING pc=0x000001ebe9706da3 sp=0x0000006ee57fcc68 mode 2

Classes loaded (20 events):
Event: 25.341 Loading class java/util/regex/Pattern$Loop
Event: 25.341 Loading class java/util/regex/Pattern$Loop done
Event: 25.341 Loading class java/util/regex/Pattern$Prolog
Event: 25.341 Loading class java/util/regex/Pattern$Prolog done
Event: 26.652 Loading class java/util/TreeMap$AscendingSubMap
Event: 26.652 Loading class java/util/TreeMap$NavigableSubMap
Event: 26.653 Loading class java/util/TreeMap$NavigableSubMap done
Event: 26.653 Loading class java/util/TreeMap$AscendingSubMap done
Event: 26.653 Loading class java/util/AbstractMap$2
Event: 26.653 Loading class java/util/AbstractMap$2 done
Event: 26.654 Loading class java/util/AbstractMap$2$1
Event: 26.654 Loading class java/util/AbstractMap$2$1 done
Event: 26.655 Loading class java/util/TreeMap$AscendingSubMap$AscendingEntrySetView
Event: 26.655 Loading class java/util/TreeMap$NavigableSubMap$EntrySetView
Event: 26.655 Loading class java/util/TreeMap$NavigableSubMap$EntrySetView done
Event: 26.655 Loading class java/util/TreeMap$AscendingSubMap$AscendingEntrySetView done
Event: 26.655 Loading class java/util/TreeMap$NavigableSubMap$SubMapEntryIterator
Event: 26.655 Loading class java/util/TreeMap$NavigableSubMap$SubMapIterator
Event: 26.655 Loading class java/util/TreeMap$NavigableSubMap$SubMapIterator done
Event: 26.655 Loading class java/util/TreeMap$NavigableSubMap$SubMapEntryIterator done

Classes unloaded (0 events):
No events

Classes redefined (0 events):
No events

Internal exceptions (20 events):
Event: 6.656 Thread 0x000001ebfa996580 Exception <a 'java/lang/NoSuchMethodError'{0x00000000cf795af0}: 'java.lang.Object java.lang.invoke.DirectMethodHandle$Holder.newInvokeSpecial(java.lang.Object, long)'> (0x00000000cf795af0) 
thrown [s\src\hotspot\share\interpreter\linkResolver.cpp, line 774]
Event: 6.658 Thread 0x000001ebfa996580 Exception <a 'java/lang/NoSuchMethodError'{0x00000000cf79c618}: 'java.lang.Object java.lang.invoke.DirectMethodHandle$Holder.invokeStatic(java.lang.Object, long, java.lang.Object)'> (0x00000000cf79c618) 
thrown [s\src\hotspot\share\interpreter\linkResolver.cpp, line 774]
Event: 6.659 Thread 0x000001ebfa996580 Exception <a 'java/lang/NoSuchMethodError'{0x00000000cf79ff18}: 'java.lang.Object java.lang.invoke.DirectMethodHandle$Holder.invokeStaticInit(java.lang.Object, long, java.lang.Object)'> (0x00000000cf79ff18) 
thrown [s\src\hotspot\share\interpreter\linkResolver.cpp, line 774]
Event: 7.199 Thread 0x000001ebfa996ad0 Exception <a 'java/lang/NoSuchMethodError'{0x00000000cf204890}: 'java.lang.Object java.lang.invoke.DirectMethodHandle$Holder.invokeStaticInit(java.lang.Object, int, int, int, int)'> (0x00000000cf204890) 
thrown [s\src\hotspot\share\interpreter\linkResolver.cpp, line 774]
Event: 7.370 Thread 0x000001ebfa996580 Exception <a 'sun/nio/fs/WindowsException'{0x00000000cef7c8e0}> (0x00000000cef7c8e0) 
thrown [s\src\hotspot\share\prims\jni.cpp, line 517]
Event: 7.595 Thread 0x000001ebfa995590 Exception <a 'sun/nio/fs/WindowsException'{0x00000000ced2ec78}> (0x00000000ced2ec78) 
thrown [s\src\hotspot\share\prims\jni.cpp, line 517]
Event: 7.903 Thread 0x000001ebfa996ad0 Exception <a 'java/lang/NoSuchMethodError'{0x00000000ce6b47f8}: 'java.lang.Object java.lang.invoke.DirectMethodHandle$Holder.invokeStaticInit(java.lang.Object, java.lang.Object, int, int, int, int)'> (0x00000000ce6b47f8) 
thrown [s\src\hotspot\share\interpreter\linkResolver.cpp, line 774]
Event: 20.690 Thread 0x000001ebfa993060 Implicit null exception at 0x000001ebe9dfb87a to 0x000001ebe9dfb92a
Event: 20.692 Thread 0x000001ebfa993060 Exception <a 'java/io/FileNotFoundException'{0x00000000cfcb82a0}> (0x00000000cfcb82a0) 
thrown [s\src\hotspot\share\prims\jni.cpp, line 517]
Event: 20.693 Thread 0x000001ebfa993060 Exception <a 'java/lang/NoSuchMethodError'{0x00000000cfcc0368}: 'java.lang.Object java.lang.invoke.DirectMethodHandle$Holder.newInvokeSpecial(java.lang.Object, int, java.lang.Object, java.lang.Object)'> (0x00000000cfcc0368) 
thrown [s\src\hotspot\share\interpreter\linkResolver.cpp, line 774]
Event: 20.695 Thread 0x000001ebfa993060 Exception <a 'java/io/FileNotFoundException'{0x00000000cfcc7958}> (0x00000000cfcc7958) 
thrown [s\src\hotspot\share\prims\jni.cpp, line 517]
Event: 20.695 Thread 0x000001ebfa993060 Exception <a 'java/io/FileNotFoundException'{0x00000000cfcc8698}> (0x00000000cfcc8698) 
thrown [s\src\hotspot\share\prims\jni.cpp, line 517]
Event: 20.831 Thread 0x000001ebfa995040 Exception <a 'java/lang/NoSuchMethodError'{0x00000000cf9b9b20}: 'java.lang.Object java.lang.invoke.DirectMethodHandle$Holder.newInvokeSpecial(java.lang.Object, java.lang.Object, java.lang.Object, java.lang.Object, java.lang.Object, java.lang.Object)'> (0x00000000cf9b9b20) 
thrown [s\src\hotspot\share\interpreter\linkResolver.cpp, line 774]
Event: 21.388 Thread 0x000001ebfa995590 Exception <a 'sun/nio/fs/WindowsException'{0x00000000ce4e00e8}> (0x00000000ce4e00e8) 
thrown [s\src\hotspot\share\prims\jni.cpp, line 517]
Event: 22.606 Thread 0x000001ebfae4b620 Exception <a 'java/lang/NoSuchMethodError'{0x00000000cae29f00}: 'int java.lang.invoke.Invokers$Holder.invokeExact_MT(java.lang.Object, java.lang.Object)'> (0x00000000cae29f00) 
thrown [s\src\hotspot\share\interpreter\linkResolver.cpp, line 774]
Event: 22.608 Thread 0x000001ebfc135460 Exception <a 'java/lang/NoSuchMethodError'{0x00000000cb038e30}: 'int java.lang.invoke.Invokers$Holder.invokeExact_MT(java.lang.Object, java.lang.Object)'> (0x00000000cb038e30) 
thrown [s\src\hotspot\share\interpreter\linkResolver.cpp, line 774]
Event: 22.870 Thread 0x000001ebfc135460 Exception <a 'java/lang/ArrayIndexOutOfBoundsException'{0x00000000cae7d218}: Index 2439 out of bounds for length 2439> (0x00000000cae7d218) 
thrown [s\src\hotspot\share\interpreter\interpreterRuntime.cpp, line 432]
Event: 24.379 Thread 0x000001ebfa998010 Exception <a 'java/io/FileNotFoundException'{0x00000000c9ff6d48}> (0x00000000c9ff6d48) 
thrown [s\src\hotspot\share\prims\jni.cpp, line 517]
Event: 24.380 Thread 0x000001ebfa998010 Exception <a 'java/io/FileNotFoundException'{0x00000000c9ff8298}> (0x00000000c9ff8298) 
thrown [s\src\hotspot\share\prims\jni.cpp, line 517]
Event: 24.385 Thread 0x000001ebfa998010 Exception <a 'java/lang/NoSuchMethodError'{0x00000000c9e00568}: 'void java.lang.invoke.DirectMethodHandle$Holder.invokeStaticInit(java.lang.Object, java.lang.Object, java.lang.Object)'> (0x00000000c9e00568) 
thrown [s\src\hotspot\share\interpreter\linkResolver.cpp, line 774]

VM Operations (20 events):
Event: 23.748 Executing VM operation: HandshakeAllThreads
Event: 23.748 Executing VM operation: HandshakeAllThreads done
Event: 23.924 Executing VM operation: HandshakeAllThreads
Event: 23.924 Executing VM operation: HandshakeAllThreads done
Event: 23.924 Executing VM operation: Cleanup
Event: 23.924 Executing VM operation: Cleanup done
Event: 24.812 Executing VM operation: G1CollectForAllocation
Event: 24.895 Executing VM operation: G1CollectForAllocation done
Event: 25.356 Executing VM operation: HandshakeAllThreads
Event: 25.380 Executing VM operation: HandshakeAllThreads done
Event: 25.463 Executing VM operation: HandshakeAllThreads
Event: 25.468 Executing VM operation: HandshakeAllThreads done
Event: 26.080 Executing VM operation: HandshakeAllThreads
Event: 26.107 Executing VM operation: HandshakeAllThreads done
Event: 26.107 Executing VM operation: Cleanup
Event: 26.108 Executing VM operation: Cleanup done
Event: 27.109 Executing VM operation: Cleanup
Event: 27.112 Executing VM operation: Cleanup done
Event: 28.113 Executing VM operation: Cleanup
Event: 28.116 Executing VM operation: Cleanup done

Events (20 events):
Event: 23.983 Thread 0x000001ebfa322ec0 Thread added: 0x000001ebfa322ec0
Event: 23.989 Thread 0x000001ebfa323410 Thread added: 0x000001ebfa323410
Event: 23.994 Thread 0x000001ebfc1349c0 Thread added: 0x000001ebfc1349c0
Event: 24.096 Thread 0x000001ebfba43320 Thread added: 0x000001ebfba43320
Event: 24.201 Thread 0x000001ebfa322ec0 Thread exited: 0x000001ebfa322ec0
Event: 24.222 Thread 0x000001ebfa323410 Thread exited: 0x000001ebfa323410
Event: 24.224 Thread 0x000001ebfc1349c0 Thread exited: 0x000001ebfc1349c0
Event: 24.244 Thread 0x000001ebfba43320 Thread exited: 0x000001ebfba43320
Event: 26.110 Thread 0x000001ebf5c915d0 flushing nmethod 0x000001ebe9ebfa90
Event: 26.110 Thread 0x000001ebf5c915d0 flushing nmethod 0x000001ebe9ed2d10
Event: 26.110 Thread 0x000001ebf5c915d0 flushing nmethod 0x000001ebe9ed8d90
Event: 26.119 Thread 0x000001ebf5c915d0 flushing nmethod 0x000001ebe2a05e90
Event: 26.119 Thread 0x000001ebf5c915d0 flushing nmethod 0x000001ebe2a0b010
Event: 26.119 Thread 0x000001ebf5c915d0 flushing nmethod 0x000001ebe2a21390
Event: 26.119 Thread 0x000001ebf5c915d0 flushing nmethod 0x000001ebe2a21910
Event: 26.119 Thread 0x000001ebf5c915d0 flushing nmethod 0x000001ebe2a25e10
Event: 26.119 Thread 0x000001ebf5c915d0 flushing nmethod 0x000001ebe2a27b10
Event: 26.119 Thread 0x000001ebf5c915d0 flushing nmethod 0x000001ebe2a28890
Event: 26.120 Thread 0x000001ebf5c915d0 flushing nmethod 0x000001ebe2aa2890
Event: 26.596 Thread 0x000001ebfa322420 Thread exited: 0x000001ebfa322420


Dynamic libraries:
0x00007ff6f36c0000 - 0x00007ff6f36ce000 	C:\Users\user\.pydev_vscode\java19\jdk-19.0.2+7-jre\bin\java.exe
0x00007fff733d0000 - 0x00007fff735c8000 	C:\Windows\SYSTEM32\ntdll.dll
0x00007fff72150000 - 0x00007fff72212000 	C:\Windows\System32\KERNEL32.DLL
0x00007fff70e40000 - 0x00007fff71136000 	C:\Windows\System32\KERNELBASE.dll
0x00007fff70bc0000 - 0x00007fff70cc0000 	C:\Windows\System32\ucrtbase.dll
0x00007fff6d1a0000 - 0x00007fff6d1b7000 	C:\Users\user\.pydev_vscode\java19\jdk-19.0.2+7-jre\bin\jli.dll
0x00007fff6d2c0000 - 0x00007fff6d2d9000 	C:\Users\user\.pydev_vscode\java19\jdk-19.0.2+7-jre\bin\VCRUNTIME140.dll
0x00007fff713f0000 - 0x00007fff71591000 	C:\Windows\System32\USER32.dll
0x00007fff71140000 - 0x00007fff71162000 	C:\Windows\System32\win32u.dll
0x00007fff72360000 - 0x00007fff7238b000 	C:\Windows\System32\GDI32.dll
0x00007fff712d0000 - 0x00007fff713e9000 	C:\Windows\System32\gdi32full.dll
0x00007fff62110000 - 0x00007fff623ab000 	C:\Windows\WinSxS\amd64_microsoft.windows.common-controls_6595b64144ccf1df_6.0.19041.6456_none_60b8a6cb71f64256\COMCTL32.dll
0x00007fff70da0000 - 0x00007fff70e3d000 	C:\Windows\System32\msvcp_win.dll
0x00007fff72390000 - 0x00007fff7242e000 	C:\Windows\System32\msvcrt.dll
0x00007fff72120000 - 0x00007fff7214f000 	C:\Windows\System32\IMM32.DLL
0x00007fff6cef0000 - 0x00007fff6cefc000 	C:\Users\user\.pydev_vscode\java19\jdk-19.0.2+7-jre\bin\vcruntime140_1.dll
0x00007fff56b30000 - 0x00007fff56bc1000 	C:\Users\user\.pydev_vscode\java19\jdk-19.0.2+7-jre\bin\msvcp140.dll
0x00007fff44600000 - 0x00007fff452f1000 	C:\Users\user\.pydev_vscode\java19\jdk-19.0.2+7-jre\bin\server\jvm.dll
0x00007fff71c40000 - 0x00007fff71cf1000 	C:\Windows\System32\ADVAPI32.dll
0x00007fff71f60000 - 0x00007fff71fff000 	C:\Windows\System32\sechost.dll
0x00007fff72000000 - 0x00007fff72120000 	C:\Windows\System32\RPCRT4.dll
0x00007fff70d70000 - 0x00007fff70d97000 	C:\Windows\System32\bcrypt.dll
0x00007fff63000000 - 0x00007fff63027000 	C:\Windows\SYSTEM32\WINMM.dll
0x00007fff665f0000 - 0x00007fff665fa000 	C:\Windows\SYSTEM32\VERSION.dll
0x00007fff62f30000 - 0x00007fff62f39000 	C:\Windows\SYSTEM32\WSOCK32.dll
0x00007fff71d00000 - 0x00007fff71d6b000 	C:\Windows\System32\ws2_32.DLL
0x00007fff6f230000 - 0x00007fff6f242000 	C:\Windows\SYSTEM32\kernel.appcore.dll
0x00007fff6cee0000 - 0x00007fff6ceea000 	C:\Users\user\.pydev_vscode\java19\jdk-19.0.2+7-jre\bin\jimage.dll
0x00007fff6ef20000 - 0x00007fff6f121000 	C:\Windows\SYSTEM32\DBGHELP.DLL
0x00007fff57f80000 - 0x00007fff57fb4000 	C:\Windows\SYSTEM32\dbgcore.DLL
0x00007fff711c0000 - 0x00007fff71242000 	C:\Windows\System32\bcryptPrimitives.dll
0x00007fff6ce60000 - 0x00007fff6ce86000 	C:\Users\user\.pydev_vscode\java19\jdk-19.0.2+7-jre\bin\java.dll
0x00007fff45af0000 - 0x00007fff45bc6000 	C:\Users\user\.pydev_vscode\java19\jdk-19.0.2+7-jre\bin\jsvml.dll
0x00007fff724e0000 - 0x00007fff72c50000 	C:\Windows\System32\SHELL32.dll
0x00007fff6e6a0000 - 0x00007fff6ee45000 	C:\Windows\SYSTEM32\windows.storage.dll
0x00007fff72d20000 - 0x00007fff73074000 	C:\Windows\System32\combase.dll
0x00007fff703b0000 - 0x00007fff703db000 	C:\Windows\SYSTEM32\Wldp.dll
0x00007fff72c50000 - 0x00007fff72d1d000 	C:\Windows\System32\OLEAUT32.dll
0x00007fff71d80000 - 0x00007fff71e2d000 	C:\Windows\System32\SHCORE.dll
0x00007fff72300000 - 0x00007fff7235b000 	C:\Windows\System32\shlwapi.dll
0x00007fff70990000 - 0x00007fff709b4000 	C:\Windows\SYSTEM32\profapi.dll
0x00007fff6cc90000 - 0x00007fff6cca3000 	C:\Users\user\.pydev_vscode\java19\jdk-19.0.2+7-jre\bin\net.dll
0x00007fff68200000 - 0x00007fff6830a000 	C:\Windows\SYSTEM32\WINHTTP.dll
0x00007fff70190000 - 0x00007fff701fa000 	C:\Windows\system32\mswsock.dll
0x00007fff6cc70000 - 0x00007fff6cc86000 	C:\Users\user\.pydev_vscode\java19\jdk-19.0.2+7-jre\bin\nio.dll
0x00007fff6caf0000 - 0x00007fff6cb08000 	C:\Users\user\.pydev_vscode\java19\jdk-19.0.2+7-jre\bin\zip.dll
0x00007fff6a4a0000 - 0x00007fff6a4de000 	C:\Users\user\.vscode\extensions\fabioz.vscode-pydev-0.16.0\server\plugins\org.eclipse.equinox.launcher.win32.win32.x86_64_1.2.900.v20240213-1244\eclipse_11900.dll
0x00007fff71e30000 - 0x00007fff71f5b000 	C:\Windows\System32\ole32.dll
0x0000000180000000 - 0x0000000180012000 	C:\Users\user\.vscode\extensions\fabioz.vscode-pydev-0.16.0\server\config_win\org.eclipse.osgi\13\0\.cp\os\win32\x86_64\localfile_1_0_0.dll
0x00007fff6c520000 - 0x00007fff6c53b000 	C:\Users\user\.vscode\extensions\fabioz.vscode-pydev-0.16.0\server\config_win\org.eclipse.osgi\16\0\.cp\os\win32\x86_64\win32refresh.dll
0x00007fff70320000 - 0x00007fff7032c000 	C:\Windows\SYSTEM32\CRYPTBASE.DLL
0x00007fff703f0000 - 0x00007fff70408000 	C:\Windows\SYSTEM32\CRYPTSP.dll
0x00007fff6fa60000 - 0x00007fff6fa98000 	C:\Windows\system32\rsaenh.dll
0x00007fff70910000 - 0x00007fff7093e000 	C:\Windows\SYSTEM32\USERENV.dll
0x00007fff6fe40000 - 0x00007fff6fe7b000 	C:\Windows\SYSTEM32\IPHLPAPI.DLL
0x00007fff71d70000 - 0x00007fff71d78000 	C:\Windows\System32\NSI.dll
0x00007fff69210000 - 0x00007fff69227000 	C:\Windows\SYSTEM32\dhcpcsvc6.DLL
0x00007fff691f0000 - 0x00007fff6920d000 	C:\Windows\SYSTEM32\dhcpcsvc.DLL
0x00007fff6fe80000 - 0x00007fff6ff4a000 	C:\Windows\SYSTEM32\DNSAPI.dll

dbghelp: loaded successfully - version: 4.0.5 - missing functions: none
symbol engine: initialized successfully - sym options: 0x614 - pdb path: .;C:\Users\user\.pydev_vscode\java19\jdk-19.0.2+7-jre\bin;C:\Windows\SYSTEM32;C:\Windows\WinSxS\amd64_microsoft.windows.common-controls_6595b64144ccf1df_6.0.19041.6456_none_60b8a6cb71f64256;C:\Users\user\.pydev_vscode\java19\jdk-19.0.2+7-jre\bin\server;C:\Users\user\.vscode\extensions\fabioz.vscode-pydev-0.16.0\server\plugins\org.eclipse.equinox.launcher.win32.win32.x86_64_1.2.900.v20240213-1244;C:\Users\user\.vscode\extensions\fabioz.vscode-pydev-0.16.0\server\config_win\org.eclipse.osgi\13\0\.cp\os\win32\x86_64;C:\Users\user\.vscode\extensions\fabioz.vscode-pydev-0.16.0\server\config_win\org.eclipse.osgi\16\0\.cp\os\win32\x86_64

VM Arguments:
jvm_args: --add-modules=ALL-SYSTEM --add-opens=java.base/java.util=ALL-UNNAMED --add-opens=java.base/java.lang=ALL-UNNAMED -Declipse.application=org.python.pydev.pydev_lsp.application -Dosgi.bundles.defaultStartLevel=4 -Declipse.product=org.python.pydev.pydev_lsp.product -Xmx1G -XX:+UseG1GC -XX:+UseStringDeduplication 
java_command: c:\Users\user\.vscode\extensions\fabioz.vscode-pydev-0.16.0\server\plugins\org.eclipse.equinox.launcher_1.6.700.v20240213-1244.jar -configuration c:\Users\user\.vscode\extensions\fabioz.vscode-pydev-0.16.0\server\config_win -data c:\Users\user\AppData\Roaming\Code\User\workspaceStorage\1c49713cf2140998adebe05accdbb211\fabioz.vscode-pydev\pydev_ws
java_class_path (initial): c:\Users\user\.vscode\extensions\fabioz.vscode-pydev-0.16.0\server\plugins\org.eclipse.equinox.launcher_1.6.700.v20240213-1244.jar
Launcher Type: SUN_STANDARD

[Global flags]
     intx CICompilerCount                          = 3                                         {product} {ergonomic}
     uint ConcGCThreads                            = 1                                         {product} {ergonomic}
     uint G1ConcRefinementThreads                  = 4                                         {product} {ergonomic}
   size_t G1HeapRegionSize                         = 1048576                                   {product} {ergonomic}
    uintx GCDrainStackTargetSize                   = 64                                        {product} {ergonomic}
   size_t InitialHeapSize                          = 268435456                                 {product} {ergonomic}
   size_t MarkStackSize                            = 4194304                                   {product} {ergonomic}
   size_t MaxHeapSize                              = 1073741824                                {product} {command line}
   size_t MaxNewSize                               = 643825664                                 {product} {ergonomic}
   size_t MinHeapDeltaBytes                        = 1048576                                   {product} {ergonomic}
   size_t MinHeapSize                              = 8388608                                   {product} {ergonomic}
    uintx NonNMethodCodeHeapSize                   = 5832780                                {pd product} {ergonomic}
    uintx NonProfiledCodeHeapSize                  = 122912730                              {pd product} {ergonomic}
    uintx ProfiledCodeHeapSize                     = 122912730                              {pd product} {ergonomic}
    uintx ReservedCodeCacheSize                    = 251658240                              {pd product} {ergonomic}
     bool SegmentedCodeCache                       = true                                      {product} {ergonomic}
   size_t SoftMaxHeapSize                          = 1073741824                             {manageable} {ergonomic}
     bool UseCompressedClassPointers               = true                           {product lp64_product} {ergonomic}
     bool UseCompressedOops                        = true                           {product lp64_product} {ergonomic}
     bool UseG1GC                                  = true                                      {product} {command line}
     bool UseLargePagesIndividualAllocation        = false                                  {pd product} {ergonomic}
     bool UseStringDeduplication                   = true                                      {product} {command line}

Logging:
Log output configuration:
 #0: stdout all=warning uptime,level,tags foldmultilines=false
 #1: stderr all=off uptime,level,tags foldmultilines=false

Environment Variables:
PATH=C:\Program Files (x86)\Intel\iCLS Client\;C:\Program Files\Intel\iCLS Client\;C:\Windows\system32;C:\Windows;C:\Windows\System32\Wbem;C:\Windows\System32\WindowsPowerShell\v1.0\;C:\Windows\System32\OpenSSH\;C:\Program Files\dotnet\;C:\Program Files (x86)\Intel\Intel(R) Management Engine Components\DAL;C:\Program Files\Intel\Intel(R) Management Engine Components\DAL;C:\Program Files (x86)\Intel\Intel(R) Management Engine Components\IPT;C:\Program Files\Intel\Intel(R) Management Engine Components\IPT;C:\Program Files\Git\cmd;C:\Program Files\Docker\Docker\resources\bin;C:\Users\user\AppData\Local\Programs\Python\Python313\Scripts\;C:\Users\user\AppData\Local\Programs\Python\Python313\;C:\Users\user\AppData\Local\Programs\Python\Launcher\;C:\Users\user\AppData\Local\Microsoft\WindowsApps;;C:\Users\user\AppData\Local\Programs\Microsoft VS Code\bin
USERNAME=user
OS=Windows_NT
PROCESSOR_IDENTIFIER=Intel64 Family 6 Model 61 Stepping 4, GenuineIntel
TMP=C:\Users\user\AppData\Local\Temp
TEMP=C:\Users\user\AppData\Local\Temp



---------------  S Y S T E M  ---------------

OS:
 Windows 10 , 64 bit Build 19041 (10.0.19041.5915)
OS uptime: 7 days 5:26 hours
Hyper-V role detected

CPU: total 4 (initial active 4) (2 cores per cpu, 2 threads per core) family 6 model 61 stepping 4 microcode 0x2f, cx8, cmov, fxsr, ht, mmx, 3dnowpref, sse, sse2, sse3, ssse3, sse4.1, sse4.2, popcnt, lzcnt, tsc, tscinvbit, avx, avx2, aes, erms, clmul, bmi1, bmi2, rtm, adx, fma, vzeroupper, clflush, hv, rdtscp

Memory: 4k page, system-wide physical 16264M (802M free)
TotalPageFile size 46714M (AvailPageFile size 3M)
current process WorkingSet (physical memory assigned to process): 373M, peak: 375M
current process commit charge ("private bytes"): 421M, peak: 424M

vm_info: OpenJDK 64-Bit Server VM (19.0.2+7) for windows-amd64 JRE (19.0.2+7), built on 2023-01-17T00:00:00Z by "temurin" with MS VC++ 16.7 (VS2019)

END.
