#
# There is insufficient memory for the Java Runtime Environment to continue.
# Native memory allocation (mmap) failed to map 40894464 bytes for G1 virtual space
# Possible reasons:
#   The system is out of physical RAM or swap space
#   The process is running with CompressedOops enabled, and the Java Heap may be blocking the growth of the native heap
# Possible solutions:
#   Reduce memory load on the system
#   Increase physical memory or swap space
#   Check if swap backing store is full
#   Decrease Java heap size (-Xmx/-Xms)
#   Decrease number of Java threads
#   Decrease Java thread stack sizes (-Xss)
#   Set larger code cache with -XX:ReservedCodeCacheSize=
#   JVM is running with Unscaled Compressed Oops mode in which the Java heap is
#     placed in the first 4GB address space. The Java Heap base address is the
#     maximum limit for the native heap growth. Please use -XX:HeapBaseMinAddress
#     to set the Java Heap base and to place the Java Heap above 4GB virtual address.
# This output file may be truncated or incomplete.
#
#  Out of Memory Error (os_windows.cpp:3536), pid=19348, tid=17228
#
# JRE version: OpenJDK Runtime Environment Temurin-19.0.2+7 (19.0.2+7) (build 19.0.2+7)
# Java VM: OpenJDK 64-Bit Server VM Temurin-19.0.2+7 (19.0.2+7, mixed mode, sharing, tiered, compressed oops, compressed class ptrs, g1 gc, windows-amd64)
# No core dump will be written. Minidumps are not enabled by default on client versions of Windows
#

---------------  S U M M A R Y ------------

Command Line: --add-modules=ALL-SYSTEM --add-opens=java.base/java.util=ALL-UNNAMED --add-opens=java.base/java.lang=ALL-UNNAMED -Declipse.application=org.python.pydev.pydev_lsp.application -Dosgi.bundles.defaultStartLevel=4 -Declipse.product=org.python.pydev.pydev_lsp.product -Xmx1G -XX:+UseG1GC -XX:+UseStringDeduplication c:\Users\user\.vscode\extensions\fabioz.vscode-pydev-0.16.0\server\plugins\org.eclipse.equinox.launcher_1.6.700.v20240213-1244.jar -configuration c:\Users\user\.vscode\extensions\fabioz.vscode-pydev-0.16.0\server\config_win -data c:\Users\user\AppData\Roaming\Code\User\workspaceStorage\1c49713cf2140998adebe05accdbb211\fabioz.vscode-pydev\pydev_ws

Host: Intel(R) Core(TM) i7-5600U CPU @ 2.60GHz, 4 cores, 15G,  Windows 10 , 64 bit Build 19041 (10.0.19041.5915)
Time: Mon Nov 10 18:26:31 2025 W. Central Africa Standard Time elapsed time: 29.569349 seconds (0d 0h 0m 29s)

---------------  T H R E A D  ---------------

Current thread (0x000001f9afb9cbd0):  VMThread "VM Thread" [stack: 0x000000dccaf00000,0x000000dccb000000] [id=17228]

Stack: [0x000000dccaf00000,0x000000dccb000000]
Native frames: (J=compiled Java code, j=interpreted, Vv=VM code, C=native code)
V  [jvm.dll+0x6e9e1a]
V  [jvm.dll+0x8a36c0]
V  [jvm.dll+0x8a50ae]
V  [jvm.dll+0x8a5763]
V  [jvm.dll+0x27bcdf]
V  [jvm.dll+0x6e6b39]
V  [jvm.dll+0x6db58a]
V  [jvm.dll+0x35267b]
V  [jvm.dll+0x35a106]
V  [jvm.dll+0x3b070e]
V  [jvm.dll+0x3b093f]
V  [jvm.dll+0x327c4a]
V  [jvm.dll+0x327cf7]
V  [jvm.dll+0x370332]
V  [jvm.dll+0x36e7d4]
V  [jvm.dll+0x327410]
V  [jvm.dll+0x36dd6b]
V  [jvm.dll+0x8aa883]
V  [jvm.dll+0x8ab649]
V  [jvm.dll+0x8abb7c]
V  [jvm.dll+0x8ac00b]
V  [jvm.dll+0x8ac0c7]
V  [jvm.dll+0x84de3a]
V  [jvm.dll+0x6e8abb]
C  [ucrtbase.dll+0x21bb2]
C  [KERNEL32.DLL+0x17374]
C  [ntdll.dll+0x4cc91]

VM_Operation (0x000000dccd5fc1a0): G1CollectForAllocation, mode: safepoint, requested by thread 0x000001f9b55d23c0


---------------  P R O C E S S  ---------------

Threads class SMR info:
_java_thread_list=0x000001f9b5ef0e20, length=38, elements={
0x000001f996bc6560, 0x000001f9afbb6530, 0x000001f9afbb74c0, 0x000001f9afbbd9a0,
0x000001f9afbbf720, 0x000001f9afbc1440, 0x000001f9b3d207c0, 0x000001f9b3d29a60,
0x000001f9afbcd9f0, 0x000001f9b3d313e0, 0x000001f9b3e24140, 0x000001f9b3eb4660,
0x000001f9b4704080, 0x000001f9b45506e0, 0x000001f9b4747120, 0x000001f9b45471d0,
0x000001f9b4be4780, 0x000001f9b5173940, 0x000001f9b5172950, 0x000001f9b5173e90,
0x000001f9b51733f0, 0x000001f9b55d03e0, 0x000001f9b55d0e80, 0x000001f9b55d0930,
0x000001f9b55d13d0, 0x000001f9b55d68d0, 0x000001f9b55d78c0, 0x000001f9b55d2e60,
0x000001f9b55d7370, 0x000001f9b55d58e0, 0x000001f9b55d43a0, 0x000001f9b55d5e30,
0x000001f9b55d6380, 0x000001f9b55d23c0, 0x000001f9b55d6e20, 0x000001f9b55d1920,
0x000001f9b55d2910, 0x000001f9b644f6d0
}

Java Threads: ( => current thread )
  0x000001f996bc6560 JavaThread "main" [_thread_blocked, id=14936, stack(0x000000dcca800000,0x000000dcca900000)]
  0x000001f9afbb6530 JavaThread "Reference Handler" daemon [_thread_blocked, id=3916, stack(0x000000dccb000000,0x000000dccb100000)]
  0x000001f9afbb74c0 JavaThread "Finalizer" daemon [_thread_blocked, id=16380, stack(0x000000dccb100000,0x000000dccb200000)]
  0x000001f9afbbd9a0 JavaThread "Signal Dispatcher" daemon [_thread_blocked, id=19332, stack(0x000000dccb200000,0x000000dccb300000)]
  0x000001f9afbbf720 JavaThread "Attach Listener" daemon [_thread_blocked, id=14172, stack(0x000000dccb300000,0x000000dccb400000)]
  0x000001f9afbc1440 JavaThread "Service Thread" daemon [_thread_blocked, id=6744, stack(0x000000dccb400000,0x000000dccb500000)]
  0x000001f9b3d207c0 JavaThread "Monitor Deflation Thread" daemon [_thread_blocked, id=8824, stack(0x000000dccb500000,0x000000dccb600000)]
  0x000001f9b3d29a60 JavaThread "C2 CompilerThread0" daemon [_thread_blocked, id=12604, stack(0x000000dccb600000,0x000000dccb700000)]
  0x000001f9afbcd9f0 JavaThread "C1 CompilerThread0" daemon [_thread_blocked, id=17616, stack(0x000000dccb700000,0x000000dccb800000)]
  0x000001f9b3d313e0 JavaThread "Sweeper thread" daemon [_thread_blocked, id=20208, stack(0x000000dccb800000,0x000000dccb900000)]
  0x000001f9b3e24140 JavaThread "Common-Cleaner" daemon [_thread_blocked, id=6404, stack(0x000000dccb900000,0x000000dccba00000)]
  0x000001f9b3eb4660 JavaThread "Notification Thread" daemon [_thread_blocked, id=24448, stack(0x000000dccba00000,0x000000dccbb00000)]
  0x000001f9b4704080 JavaThread "Active Thread: Equinox Container: f47d31f7-3cf1-43bf-a0aa-6058216db31b" [_thread_blocked, id=22188, stack(0x000000dccbc00000,0x000000dccbd00000)]
  0x000001f9b45506e0 JavaThread "Framework Event Dispatcher: Equinox Container: f47d31f7-3cf1-43bf-a0aa-6058216db31b" daemon [_thread_blocked, id=19900, stack(0x000000dccc000000,0x000000dccc100000)]
  0x000001f9b4747120 JavaThread "Start Level: Equinox Container: f47d31f7-3cf1-43bf-a0aa-6058216db31b" daemon [_thread_blocked, id=9320, stack(0x000000dccc100000,0x000000dccc200000)]
  0x000001f9b45471d0 JavaThread "SCR Component Actor" daemon [_thread_blocked, id=17072, stack(0x000000dccc200000,0x000000dccc300000)]
  0x000001f9b4be4780 JavaThread "Worker-JM" [_thread_blocked, id=23536, stack(0x000000dccc400000,0x000000dccc500000)]
  0x000001f9b5173940 JavaThread "Worker-0" [_thread_blocked, id=22072, stack(0x000000dccc500000,0x000000dccc600000)]
  0x000001f9b5172950 JavaThread "Worker-1" [_thread_blocked, id=13744, stack(0x000000dccc600000,0x000000dccc700000)]
  0x000001f9b5173e90 JavaThread "Worker-2" [_thread_blocked, id=11536, stack(0x000000dccc700000,0x000000dccc800000)]
  0x000001f9b51733f0 JavaThread "Worker-3" [_thread_blocked, id=14272, stack(0x000000dccc800000,0x000000dccc900000)]
  0x000001f9b55d03e0 JavaThread "pool-2-thread-1" [_thread_blocked, id=18332, stack(0x000000dccc300000,0x000000dccc400000)]
  0x000001f9b55d0e80 JavaThread "pool-1-thread-1" [_thread_in_native, id=12664, stack(0x000000dccca00000,0x000000dcccb00000)]
  0x000001f9b55d0930 JavaThread "ForkJoinPool.commonPool-worker-1" daemon [_thread_blocked, id=10168, stack(0x000000dcccb00000,0x000000dcccc00000)]
  0x000001f9b55d13d0 JavaThread "FileSystemWatchService" daemon [_thread_in_native, id=11124, stack(0x000000dccc900000,0x000000dccca00000)]
  0x000001f9b55d68d0 JavaThread "Thread-7" daemon [_thread_blocked, id=4968, stack(0x000000dcccc00000,0x000000dcccd00000)]
  0x000001f9b55d78c0 JavaThread "Thread-9" daemon [_thread_blocked, id=19236, stack(0x000000dcccd00000,0x000000dccce00000)]
  0x000001f9b55d2e60 JavaThread "Worker-4: PyDev: Code Analysis:file:///c:/Users/user/Desktop/sheltertree/apps/core/admin.py (2 scheduled)" [_thread_blocked, id=23220, stack(0x000000dccd100000,0x000000dccd200000)]
  0x000001f9b55d7370 JavaThread "ForkJoinPool.commonPool-worker-2" daemon [_thread_blocked, id=6684, stack(0x000000dccd200000,0x000000dccd300000)]
  0x000001f9b55d58e0 JavaThread "ForkJoinPool.commonPool-worker-3" daemon [_thread_blocked, id=2488, stack(0x000000dccd300000,0x000000dccd400000)]
  0x000001f9b55d43a0 JavaThread "Worker-5: PyDev: Code Analysis:file:///c:/Users/user/Desktop/sheltertree/apps/reviews/views.py" [_thread_blocked, id=14264, stack(0x000000dcccf00000,0x000000dccd000000)]
  0x000001f9b55d5e30 JavaThread "Worker-6" [_thread_blocked, id=1520, stack(0x000000dccce00000,0x000000dcccf00000)]
  0x000001f9b55d6380 JavaThread "Thread-12" daemon [_thread_blocked, id=21704, stack(0x000000dccd400000,0x000000dccd500000)]
  0x000001f9b55d23c0 JavaThread "Worker-7: PyDev: Code Analysis:file:///c:/Users/user/Desktop/sheltertree/apps/reviews/forms.py (2 scheduled)" [_thread_blocked, id=23616, stack(0x000000dccd500000,0x000000dccd600000)]
  0x000001f9b55d6e20 JavaThread "Worker-8: PyDev: Code Analysis:file:///c:/Users/user/Desktop/sheltertree/apps/reviews/admin.py" [_thread_blocked, id=23092, stack(0x000000dccd600000,0x000000dccd700000)]
  0x000001f9b55d1920 JavaThread "Worker-9" [_thread_blocked, id=16024, stack(0x000000dccd700000,0x000000dccd800000)]
  0x000001f9b55d2910 JavaThread "Worker-10" [_thread_blocked, id=3028, stack(0x000000dccda00000,0x000000dccdb00000)]
  0x000001f9b644f6d0 JavaThread "C2 CompilerThread1" daemon [_thread_blocked, id=13676, stack(0x000000dccd000000,0x000000dccd100000)]

Other Threads:
=>0x000001f9afb9cbd0 VMThread "VM Thread" [stack: 0x000000dccaf00000,0x000000dccb000000] [id=17228]
  0x000001f9b3eb4ba0 WatcherThread "VM Periodic Task Thread" [stack: 0x000000dccbb00000,0x000000dccbc00000] [id=16908]
  0x000001f996c08680 WorkerThread "GC Thread#0" [stack: 0x000000dcca900000,0x000000dccaa00000] [id=23576]
  0x000001f9b45e3fe0 WorkerThread "GC Thread#1" [stack: 0x000000dccbd00000,0x000000dccbe00000] [id=24324]
  0x000001f9b45e0ed0 WorkerThread "GC Thread#2" [stack: 0x000000dccbe00000,0x000000dccbf00000] [id=18204]
  0x000001f9b45e11a0 WorkerThread "GC Thread#3" [stack: 0x000000dccbf00000,0x000000dccc000000] [id=7164]
  0x000001f996c11e30 ConcurrentGCThread "G1 Main Marker" [stack: 0x000000dccaa00000,0x000000dccab00000] [id=11240]
  0x000001f996c12770 WorkerThread "G1 Conc#0" [stack: 0x000000dccab00000,0x000000dccac00000] [id=24240]
  0x000001f996c8cff0 ConcurrentGCThread "G1 Refine#0" [stack: 0x000000dccac00000,0x000000dccad00000] [id=22812]
  0x000001f996c8da40 ConcurrentGCThread "G1 Service" [stack: 0x000000dccad00000,0x000000dccae00000] [id=11260]
  0x000001f9afb94c90 ConcurrentGCThread "StringDedupProcessor" [stack: 0x000000dccae00000,0x000000dccaf00000] [id=21064]

Threads with active compile tasks:
C2 CompilerThread0    29623 5354   !   4       org.python.pydev.parser.grammar312.PythonGrammar312TokenManager::jjMoveNfa_0 (7456 bytes)
C2 CompilerThread1    29623 5353   !   4       org.python.pydev.parser.grammarcommon.AbstractTreeBuilder::closeNode (2124 bytes)

VM state: at safepoint (normal execution)

VM Mutex/Monitor currently owned by a thread:  ([mutex/lock_event])
[0x000001f996bc1430] Threads_lock - owner thread: 0x000001f9afb9cbd0
[0x000001f996bc14c0] Heap_lock - owner thread: 0x000001f9b55d23c0

Heap address: 0x00000000c0000000, size: 1024 MB, Compressed Oops mode: 32-bit

CDS archive(s) mapped at: [0x0000000800000000-0x0000000800ad0000-0x0000000800ad0000), size 11337728, SharedBaseAddress: 0x0000000800000000, ArchiveRelocationMode: 0.
Compressed class space mapped at: 0x0000000800c00000-0x0000000840c00000, reserved size: 1073741824
Narrow klass base: 0x0000000800000000, Narrow klass shift: 0, Narrow klass range: 0x100000000

GC Precious Log:
 CardTable entry size: 512
 Card Set container configuration: InlinePtr #cards 5 size 8 Array Of Cards #cards 12 size 40 Howl #buckets 4 coarsen threshold 1843 Howl Bitmap #cards 512 size 80 coarsen threshold 460 Card regions per heap region 1 cards per card region 2048
 CPUs: 4 total, 4 available
 Memory: 16264M
 Large Page Support: Disabled
 NUMA Support: Disabled
 Compressed Oops: Enabled (32-bit)
 Heap Region Size: 1M
 Heap Min Capacity: 8M
 Heap Initial Capacity: 256M
 Heap Max Capacity: 1G
 Pre-touch: Disabled
 Parallel Workers: 4
 Concurrent Workers: 1
 Concurrent Refinement Workers: 4
 Periodic GC: Disabled
 String Deduplication is enabled

Heap:
 garbage-first heap   total 238592K, used 91136K [0x00000000c0000000, 0x0000000100000000)
  region size 1024K, 8 young (8192K), 8 survivors (8192K)
 Metaspace       used 25744K, committed 26560K, reserved 1114112K
  class space    used 2552K, committed 2944K, reserved 1048576K

Heap Regions: E=young(eden), S=young(survivor), O=old, HS=humongous(starts), HC=humongous(continues), CS=collection set, F=free, OA=open archive, CA=closed archive, TAMS=top-at-mark-start (previous, next)
|   0|0x00000000c0000000, 0x00000000c0100000, 0x00000000c0100000|100%| O|  |TAMS 0x00000000c0100000, 0x00000000c0000000| Untracked 
|   1|0x00000000c0100000, 0x00000000c0200000, 0x00000000c0200000|100%| O|  |TAMS 0x00000000c0200000, 0x00000000c0100000| Untracked 
|   2|0x00000000c0200000, 0x00000000c0300000, 0x00000000c0300000|100%| O|  |TAMS 0x00000000c0300000, 0x00000000c0200000| Untracked 
|   3|0x00000000c0300000, 0x00000000c0400000, 0x00000000c0400000|100%| O|  |TAMS 0x00000000c0400000, 0x00000000c0300000| Untracked 
|   4|0x00000000c0400000, 0x00000000c0500000, 0x00000000c0500000|100%| O|  |TAMS 0x00000000c0500000, 0x00000000c0400000| Untracked 
|   5|0x00000000c0500000, 0x00000000c0600000, 0x00000000c0600000|100%| O|  |TAMS 0x00000000c0600000, 0x00000000c0500000| Untracked 
|   6|0x00000000c0600000, 0x00000000c0700000, 0x00000000c0700000|100%| O|  |TAMS 0x00000000c0700000, 0x00000000c0600000| Untracked 
|   7|0x00000000c0700000, 0x00000000c0800000, 0x00000000c0800000|100%| O|  |TAMS 0x00000000c0800000, 0x00000000c0700000| Untracked 
|   8|0x00000000c0800000, 0x00000000c0900000, 0x00000000c0900000|100%| O|  |TAMS 0x00000000c0900000, 0x00000000c0800000| Untracked 
|   9|0x00000000c0900000, 0x00000000c0a00000, 0x00000000c0a00000|100%| O|  |TAMS 0x00000000c0a00000, 0x00000000c0900000| Untracked 
|  10|0x00000000c0a00000, 0x00000000c0b00000, 0x00000000c0b00000|100%| O|  |TAMS 0x00000000c0b00000, 0x00000000c0a00000| Untracked 
|  11|0x00000000c0b00000, 0x00000000c0c00000, 0x00000000c0c00000|100%| O|  |TAMS 0x00000000c0c00000, 0x00000000c0b00000| Untracked 
|  12|0x00000000c0c00000, 0x00000000c0d00000, 0x00000000c0d00000|100%| O|  |TAMS 0x00000000c0d00000, 0x00000000c0c00000| Untracked 
|  13|0x00000000c0d00000, 0x00000000c0d00000, 0x00000000c0e00000|  0%| F|  |TAMS 0x00000000c0d00000, 0x00000000c0d00000| Untracked 
|  14|0x00000000c0e00000, 0x00000000c0e00000, 0x00000000c0f00000|  0%| F|  |TAMS 0x00000000c0e00000, 0x00000000c0e00000| Untracked 
|  15|0x00000000c0f00000, 0x00000000c0f00000, 0x00000000c1000000|  0%| F|  |TAMS 0x00000000c0f00000, 0x00000000c0f00000| Untracked 
|  16|0x00000000c1000000, 0x00000000c1000000, 0x00000000c1100000|  0%| F|  |TAMS 0x00000000c1000000, 0x00000000c1000000| Untracked 
|  17|0x00000000c1100000, 0x00000000c1100000, 0x00000000c1200000|  0%| F|  |TAMS 0x00000000c1100000, 0x00000000c1100000| Untracked 
|  18|0x00000000c1200000, 0x00000000c1200000, 0x00000000c1300000|  0%| F|  |TAMS 0x00000000c1200000, 0x00000000c1200000| Untracked 
|  19|0x00000000c1300000, 0x00000000c1400000, 0x00000000c1400000|100%| O|  |TAMS 0x00000000c1300000, 0x00000000c1300000| Untracked 
|  20|0x00000000c1400000, 0x00000000c1500000, 0x00000000c1500000|100%| O|  |TAMS 0x00000000c1500000, 0x00000000c1400000| Untracked 
|  21|0x00000000c1500000, 0x00000000c1500000, 0x00000000c1600000|  0%| F|  |TAMS 0x00000000c1500000, 0x00000000c1500000| Untracked 
|  22|0x00000000c1600000, 0x00000000c1600000, 0x00000000c1700000|  0%| F|  |TAMS 0x00000000c1600000, 0x00000000c1600000| Untracked 
|  23|0x00000000c1700000, 0x00000000c1800000, 0x00000000c1800000|100%| O|  |TAMS 0x00000000c1800000, 0x00000000c1700000| Untracked 
|  24|0x00000000c1800000, 0x00000000c1900000, 0x00000000c1900000|100%| O|  |TAMS 0x00000000c1900000, 0x00000000c1800000| Untracked 
|  25|0x00000000c1900000, 0x00000000c1a00000, 0x00000000c1a00000|100%| O|  |TAMS 0x00000000c1a00000, 0x00000000c1900000| Untracked 
|  26|0x00000000c1a00000, 0x00000000c1b00000, 0x00000000c1b00000|100%| O|  |TAMS 0x00000000c1b00000, 0x00000000c1a00000| Untracked 
|  27|0x00000000c1b00000, 0x00000000c1c00000, 0x00000000c1c00000|100%| O|  |TAMS 0x00000000c1c00000, 0x00000000c1b00000| Untracked 
|  28|0x00000000c1c00000, 0x00000000c1d00000, 0x00000000c1d00000|100%| O|  |TAMS 0x00000000c1d00000, 0x00000000c1c00000| Untracked 
|  29|0x00000000c1d00000, 0x00000000c1e00000, 0x00000000c1e00000|100%| O|  |TAMS 0x00000000c1e00000, 0x00000000c1d00000| Untracked 
|  30|0x00000000c1e00000, 0x00000000c1f00000, 0x00000000c1f00000|100%| O|  |TAMS 0x00000000c1f00000, 0x00000000c1e00000| Untracked 
|  31|0x00000000c1f00000, 0x00000000c2000000, 0x00000000c2000000|100%| O|  |TAMS 0x00000000c2000000, 0x00000000c1f00000| Untracked 
|  32|0x00000000c2000000, 0x00000000c2100000, 0x00000000c2100000|100%| O|  |TAMS 0x00000000c2000000, 0x00000000c2000000| Untracked 
|  33|0x00000000c2100000, 0x00000000c2200000, 0x00000000c2200000|100%| O|  |TAMS 0x00000000c2100000, 0x00000000c2100000| Untracked 
|  34|0x00000000c2200000, 0x00000000c2200000, 0x00000000c2300000|  0%| F|  |TAMS 0x00000000c2200000, 0x00000000c2200000| Untracked 
|  35|0x00000000c2300000, 0x00000000c2300000, 0x00000000c2400000|  0%| F|  |TAMS 0x00000000c2300000, 0x00000000c2300000| Untracked 
|  36|0x00000000c2400000, 0x00000000c2400000, 0x00000000c2500000|  0%| F|  |TAMS 0x00000000c2400000, 0x00000000c2400000| Untracked 
|  37|0x00000000c2500000, 0x00000000c2500000, 0x00000000c2600000|  0%| F|  |TAMS 0x00000000c2500000, 0x00000000c2500000| Untracked 
|  38|0x00000000c2600000, 0x00000000c2700000, 0x00000000c2700000|100%| O|  |TAMS 0x00000000c2600000, 0x00000000c2600000| Untracked 
|  39|0x00000000c2700000, 0x00000000c2800000, 0x00000000c2800000|100%| O|  |TAMS 0x00000000c2700000, 0x00000000c2700000| Untracked 
|  40|0x00000000c2800000, 0x00000000c2900000, 0x00000000c2900000|100%| O|  |TAMS 0x00000000c2800000, 0x00000000c2800000| Untracked 
|  41|0x00000000c2900000, 0x00000000c2a00000, 0x00000000c2a00000|100%| O|  |TAMS 0x00000000c2900000, 0x00000000c2900000| Untracked 
|  42|0x00000000c2a00000, 0x00000000c2b00000, 0x00000000c2b00000|100%| O|  |TAMS 0x00000000c2a00000, 0x00000000c2a00000| Untracked 
|  43|0x00000000c2b00000, 0x00000000c2c00000, 0x00000000c2c00000|100%| O|  |TAMS 0x00000000c2b00000, 0x00000000c2b00000| Untracked 
|  44|0x00000000c2c00000, 0x00000000c2d00000, 0x00000000c2d00000|100%| O|  |TAMS 0x00000000c2c00000, 0x00000000c2c00000| Untracked 
|  45|0x00000000c2d00000, 0x00000000c2e00000, 0x00000000c2e00000|100%| O|  |TAMS 0x00000000c2d00000, 0x00000000c2d00000| Untracked 
|  46|0x00000000c2e00000, 0x00000000c2f00000, 0x00000000c2f00000|100%| O|  |TAMS 0x00000000c2e00000, 0x00000000c2e00000| Untracked 
|  47|0x00000000c2f00000, 0x00000000c3000000, 0x00000000c3000000|100%| O|  |TAMS 0x00000000c2f00000, 0x00000000c2f00000| Untracked 
|  48|0x00000000c3000000, 0x00000000c3100000, 0x00000000c3100000|100%| O|  |TAMS 0x00000000c3000000, 0x00000000c3000000| Untracked 
|  49|0x00000000c3100000, 0x00000000c3200000, 0x00000000c3200000|100%| O|  |TAMS 0x00000000c3100000, 0x00000000c3100000| Untracked 
|  50|0x00000000c3200000, 0x00000000c3300000, 0x00000000c3300000|100%| O|  |TAMS 0x00000000c3200000, 0x00000000c3200000| Untracked 
|  51|0x00000000c3300000, 0x00000000c3400000, 0x00000000c3400000|100%| O|  |TAMS 0x00000000c3300000, 0x00000000c3300000| Untracked 
|  52|0x00000000c3400000, 0x00000000c3500000, 0x00000000c3500000|100%| O|  |TAMS 0x00000000c3400000, 0x00000000c3400000| Untracked 
|  53|0x00000000c3500000, 0x00000000c3600000, 0x00000000c3600000|100%| O|  |TAMS 0x00000000c3500000, 0x00000000c3500000| Untracked 
|  54|0x00000000c3600000, 0x00000000c3600000, 0x00000000c3700000|  0%| F|  |TAMS 0x00000000c3600000, 0x00000000c3600000| Untracked 
|  55|0x00000000c3700000, 0x00000000c3800000, 0x00000000c3800000|100%| O|  |TAMS 0x00000000c3800000, 0x00000000c3700000| Untracked 
|  56|0x00000000c3800000, 0x00000000c3800000, 0x00000000c3900000|  0%| F|  |TAMS 0x00000000c3800000, 0x00000000c3800000| Untracked 
|  57|0x00000000c3900000, 0x00000000c3a00000, 0x00000000c3a00000|100%| O|  |TAMS 0x00000000c3900000, 0x00000000c3900000| Untracked 
|  58|0x00000000c3a00000, 0x00000000c3b00000, 0x00000000c3b00000|100%| O|  |TAMS 0x00000000c3a00000, 0x00000000c3a00000| Untracked 
|  59|0x00000000c3b00000, 0x00000000c3c00000, 0x00000000c3c00000|100%| O|  |TAMS 0x00000000c3b00000, 0x00000000c3b00000| Untracked 
|  60|0x00000000c3c00000, 0x00000000c3d00000, 0x00000000c3d00000|100%| O|  |TAMS 0x00000000c3c00000, 0x00000000c3c00000| Untracked 
|  61|0x00000000c3d00000, 0x00000000c3e00000, 0x00000000c3e00000|100%| O|  |TAMS 0x00000000c3d00000, 0x00000000c3d00000| Untracked 
|  62|0x00000000c3e00000, 0x00000000c3f00000, 0x00000000c3f00000|100%| O|  |TAMS 0x00000000c3e00000, 0x00000000c3e00000| Untracked 
|  63|0x00000000c3f00000, 0x00000000c4000000, 0x00000000c4000000|100%| O|  |TAMS 0x00000000c3f00000, 0x00000000c3f00000| Untracked 
|  64|0x00000000c4000000, 0x00000000c4100000, 0x00000000c4100000|100%| O|  |TAMS 0x00000000c4000000, 0x00000000c4000000| Untracked 
|  65|0x00000000c4100000, 0x00000000c4200000, 0x00000000c4200000|100%| O|  |TAMS 0x00000000c4100000, 0x00000000c4100000| Untracked 
|  66|0x00000000c4200000, 0x00000000c4300000, 0x00000000c4300000|100%| O|  |TAMS 0x00000000c4200000, 0x00000000c4200000| Untracked 
|  67|0x00000000c4300000, 0x00000000c4300000, 0x00000000c4400000|  0%| F|  |TAMS 0x00000000c4300000, 0x00000000c4300000| Untracked 
|  68|0x00000000c4400000, 0x00000000c4400000, 0x00000000c4500000|  0%| F|  |TAMS 0x00000000c4400000, 0x00000000c4400000| Untracked 
|  69|0x00000000c4500000, 0x00000000c4600000, 0x00000000c4600000|100%| O|  |TAMS 0x00000000c4500000, 0x00000000c4500000| Untracked 
|  70|0x00000000c4600000, 0x00000000c4700000, 0x00000000c4700000|100%| O|  |TAMS 0x00000000c4600000, 0x00000000c4600000| Untracked 
|  71|0x00000000c4700000, 0x00000000c4800000, 0x00000000c4800000|100%| O|  |TAMS 0x00000000c4700000, 0x00000000c4700000| Untracked 
|  72|0x00000000c4800000, 0x00000000c4800000, 0x00000000c4900000|  0%| F|  |TAMS 0x00000000c4800000, 0x00000000c4800000| Untracked 
|  73|0x00000000c4900000, 0x00000000c4a00000, 0x00000000c4a00000|100%| O|  |TAMS 0x00000000c4a00000, 0x00000000c4900000| Untracked 
|  74|0x00000000c4a00000, 0x00000000c4b00000, 0x00000000c4b00000|100%| O|  |TAMS 0x00000000c4b00000, 0x00000000c4a00000| Untracked 
|  75|0x00000000c4b00000, 0x00000000c4c00000, 0x00000000c4c00000|100%| O|  |TAMS 0x00000000c4c00000, 0x00000000c4b00000| Untracked 
|  76|0x00000000c4c00000, 0x00000000c4d00000, 0x00000000c4d00000|100%| O|  |TAMS 0x00000000c4d00000, 0x00000000c4c00000| Untracked 
|  77|0x00000000c4d00000, 0x00000000c4e00000, 0x00000000c4e00000|100%| O|  |TAMS 0x00000000c4e00000, 0x00000000c4d00000| Untracked 
|  78|0x00000000c4e00000, 0x00000000c4f00000, 0x00000000c4f00000|100%| O|  |TAMS 0x00000000c4f00000, 0x00000000c4e00000| Untracked 
|  79|0x00000000c4f00000, 0x00000000c5000000, 0x00000000c5000000|100%| O|  |TAMS 0x00000000c5000000, 0x00000000c4f00000| Untracked 
|  80|0x00000000c5000000, 0x00000000c5000000, 0x00000000c5100000|  0%| F|  |TAMS 0x00000000c5000000, 0x00000000c5000000| Untracked 
|  81|0x00000000c5100000, 0x00000000c5200000, 0x00000000c5200000|100%| O|  |TAMS 0x00000000c5200000, 0x00000000c5100000| Untracked 
|  82|0x00000000c5200000, 0x00000000c5300000, 0x00000000c5300000|100%| O|  |TAMS 0x00000000c5245200, 0x00000000c5200000| Untracked 
|  83|0x00000000c5300000, 0x00000000c5400000, 0x00000000c5400000|100%| O|  |TAMS 0x00000000c5300000, 0x00000000c5300000| Untracked 
|  84|0x00000000c5400000, 0x00000000c5500000, 0x00000000c5500000|100%| O|  |TAMS 0x00000000c5400000, 0x00000000c5400000| Untracked 
|  85|0x00000000c5500000, 0x00000000c5500000, 0x00000000c5600000|  0%| F|  |TAMS 0x00000000c5500000, 0x00000000c5500000| Untracked 
|  86|0x00000000c5600000, 0x00000000c5600000, 0x00000000c5700000|  0%| F|  |TAMS 0x00000000c5600000, 0x00000000c5600000| Untracked 
|  87|0x00000000c5700000, 0x00000000c5700000, 0x00000000c5800000|  0%| F|  |TAMS 0x00000000c5700000, 0x00000000c5700000| Untracked 
|  88|0x00000000c5800000, 0x00000000c5800000, 0x00000000c5900000|  0%| F|  |TAMS 0x00000000c5800000, 0x00000000c5800000| Untracked 
|  89|0x00000000c5900000, 0x00000000c5a00000, 0x00000000c5a00000|100%| O|  |TAMS 0x00000000c5900000, 0x00000000c5900000| Untracked 
|  90|0x00000000c5a00000, 0x00000000c5b00000, 0x00000000c5b00000|100%| O|  |TAMS 0x00000000c5a00000, 0x00000000c5a00000| Untracked 
|  91|0x00000000c5b00000, 0x00000000c5c00000, 0x00000000c5c00000|100%| O|  |TAMS 0x00000000c5b00000, 0x00000000c5b00000| Untracked 
|  92|0x00000000c5c00000, 0x00000000c5d00000, 0x00000000c5d00000|100%| O|  |TAMS 0x00000000c5c00000, 0x00000000c5c00000| Untracked 
|  93|0x00000000c5d00000, 0x00000000c5e00000, 0x00000000c5e00000|100%| O|  |TAMS 0x00000000c5d00000, 0x00000000c5d00000| Untracked 
|  94|0x00000000c5e00000, 0x00000000c5f00000, 0x00000000c5f00000|100%| O|  |TAMS 0x00000000c5e00000, 0x00000000c5e00000| Untracked 
|  95|0x00000000c5f00000, 0x00000000c6000000, 0x00000000c6000000|100%| O|  |TAMS 0x00000000c5f00000, 0x00000000c5f00000| Untracked 
|  96|0x00000000c6000000, 0x00000000c6100000, 0x00000000c6100000|100%| O|  |TAMS 0x00000000c6000000, 0x00000000c6000000| Untracked 
|  97|0x00000000c6100000, 0x00000000c6200000, 0x00000000c6200000|100%| O|  |TAMS 0x00000000c6100000, 0x00000000c6100000| Untracked 
|  98|0x00000000c6200000, 0x00000000c6300000, 0x00000000c6300000|100%| O|  |TAMS 0x00000000c6200000, 0x00000000c6200000| Untracked 
|  99|0x00000000c6300000, 0x00000000c6400000, 0x00000000c6400000|100%| O|  |TAMS 0x00000000c6300000, 0x00000000c6300000| Untracked 
| 100|0x00000000c6400000, 0x00000000c6500000, 0x00000000c6500000|100%| O|  |TAMS 0x00000000c6400000, 0x00000000c6400000| Untracked 
| 101|0x00000000c6500000, 0x00000000c6600000, 0x00000000c6600000|100%| O|  |TAMS 0x00000000c6500000, 0x00000000c6500000| Untracked 
| 102|0x00000000c6600000, 0x00000000c6700000, 0x00000000c6700000|100%| O|  |TAMS 0x00000000c6600000, 0x00000000c6600000| Untracked 
| 103|0x00000000c6700000, 0x00000000c6700000, 0x00000000c6800000|  0%| F|  |TAMS 0x00000000c6700000, 0x00000000c6700000| Untracked 
| 104|0x00000000c6800000, 0x00000000c6800000, 0x00000000c6900000|  0%| F|  |TAMS 0x00000000c6800000, 0x00000000c6800000| Untracked 
| 105|0x00000000c6900000, 0x00000000c6900000, 0x00000000c6a00000|  0%| F|  |TAMS 0x00000000c6900000, 0x00000000c6900000| Untracked 
| 106|0x00000000c6a00000, 0x00000000c6a00000, 0x00000000c6b00000|  0%| F|  |TAMS 0x00000000c6a00000, 0x00000000c6a00000| Untracked 
| 107|0x00000000c6b00000, 0x00000000c6b00000, 0x00000000c6c00000|  0%| F|  |TAMS 0x00000000c6b00000, 0x00000000c6b00000| Untracked 
| 108|0x00000000c6c00000, 0x00000000c6c00000, 0x00000000c6d00000|  0%| F|  |TAMS 0x00000000c6c00000, 0x00000000c6c00000| Untracked 
| 109|0x00000000c6d00000, 0x00000000c6d00000, 0x00000000c6e00000|  0%| F|  |TAMS 0x00000000c6d00000, 0x00000000c6d00000| Untracked 
| 110|0x00000000c6e00000, 0x00000000c6e00000, 0x00000000c6f00000|  0%| F|  |TAMS 0x00000000c6e00000, 0x00000000c6e00000| Untracked 
| 111|0x00000000c6f00000, 0x00000000c6f00000, 0x00000000c7000000|  0%| F|  |TAMS 0x00000000c6f00000, 0x00000000c6f00000| Untracked 
| 112|0x00000000c7000000, 0x00000000c7000000, 0x00000000c7100000|  0%| F|  |TAMS 0x00000000c7000000, 0x00000000c7000000| Untracked 
| 113|0x00000000c7100000, 0x00000000c7100000, 0x00000000c7200000|  0%| F|  |TAMS 0x00000000c7100000, 0x00000000c7100000| Untracked 
| 114|0x00000000c7200000, 0x00000000c7200000, 0x00000000c7300000|  0%| F|  |TAMS 0x00000000c7200000, 0x00000000c7200000| Untracked 
| 115|0x00000000c7300000, 0x00000000c7300000, 0x00000000c7400000|  0%| F|  |TAMS 0x00000000c7300000, 0x00000000c7300000| Untracked 
| 116|0x00000000c7400000, 0x00000000c7400000, 0x00000000c7500000|  0%| F|  |TAMS 0x00000000c7400000, 0x00000000c7400000| Untracked 
| 117|0x00000000c7500000, 0x00000000c7500000, 0x00000000c7600000|  0%| F|  |TAMS 0x00000000c7500000, 0x00000000c7500000| Untracked 
| 118|0x00000000c7600000, 0x00000000c7600000, 0x00000000c7700000|  0%| F|  |TAMS 0x00000000c7600000, 0x00000000c7600000| Untracked 
| 119|0x00000000c7700000, 0x00000000c7700000, 0x00000000c7800000|  0%| F|  |TAMS 0x00000000c7700000, 0x00000000c7700000| Untracked 
| 120|0x00000000c7800000, 0x00000000c7800000, 0x00000000c7900000|  0%| F|  |TAMS 0x00000000c7800000, 0x00000000c7800000| Untracked 
| 121|0x00000000c7900000, 0x00000000c7900000, 0x00000000c7a00000|  0%| F|  |TAMS 0x00000000c7900000, 0x00000000c7900000| Untracked 
| 122|0x00000000c7a00000, 0x00000000c7a00000, 0x00000000c7b00000|  0%| F|  |TAMS 0x00000000c7a00000, 0x00000000c7a00000| Untracked 
| 123|0x00000000c7b00000, 0x00000000c7b00000, 0x00000000c7c00000|  0%| F|  |TAMS 0x00000000c7b00000, 0x00000000c7b00000| Untracked 
| 124|0x00000000c7c00000, 0x00000000c7c00000, 0x00000000c7d00000|  0%| F|  |TAMS 0x00000000c7c00000, 0x00000000c7c00000| Untracked 
| 125|0x00000000c7d00000, 0x00000000c7d00000, 0x00000000c7e00000|  0%| F|  |TAMS 0x00000000c7d00000, 0x00000000c7d00000| Untracked 
| 126|0x00000000c7e00000, 0x00000000c7e00000, 0x00000000c7f00000|  0%| F|  |TAMS 0x00000000c7e00000, 0x00000000c7e00000| Untracked 
| 127|0x00000000c7f00000, 0x00000000c7f00000, 0x00000000c8000000|  0%| F|  |TAMS 0x00000000c7f00000, 0x00000000c7f00000| Untracked 
| 128|0x00000000c8000000, 0x00000000c8000000, 0x00000000c8100000|  0%| F|  |TAMS 0x00000000c8000000, 0x00000000c8000000| Untracked 
| 129|0x00000000c8100000, 0x00000000c8100000, 0x00000000c8200000|  0%| F|  |TAMS 0x00000000c8100000, 0x00000000c8100000| Untracked 
| 130|0x00000000c8200000, 0x00000000c8200000, 0x00000000c8300000|  0%| F|  |TAMS 0x00000000c8200000, 0x00000000c8200000| Untracked 
| 131|0x00000000c8300000, 0x00000000c8300000, 0x00000000c8400000|  0%| F|  |TAMS 0x00000000c8300000, 0x00000000c8300000| Untracked 
| 132|0x00000000c8400000, 0x00000000c8400000, 0x00000000c8500000|  0%| F|  |TAMS 0x00000000c8400000, 0x00000000c8400000| Untracked 
| 133|0x00000000c8500000, 0x00000000c8500000, 0x00000000c8600000|  0%| F|  |TAMS 0x00000000c8500000, 0x00000000c8500000| Untracked 
| 134|0x00000000c8600000, 0x00000000c8600000, 0x00000000c8700000|  0%| F|  |TAMS 0x00000000c8600000, 0x00000000c8600000| Untracked 
| 135|0x00000000c8700000, 0x00000000c8700000, 0x00000000c8800000|  0%| F|  |TAMS 0x00000000c8700000, 0x00000000c8700000| Untracked 
| 136|0x00000000c8800000, 0x00000000c8800000, 0x00000000c8900000|  0%| F|  |TAMS 0x00000000c8800000, 0x00000000c8800000| Untracked 
| 137|0x00000000c8900000, 0x00000000c8900000, 0x00000000c8a00000|  0%| F|  |TAMS 0x00000000c8900000, 0x00000000c8900000| Untracked 
| 138|0x00000000c8a00000, 0x00000000c8b00000, 0x00000000c8b00000|100%| S|CS|TAMS 0x00000000c8a00000, 0x00000000c8a00000| Complete 
| 139|0x00000000c8b00000, 0x00000000c8c00000, 0x00000000c8c00000|100%| S|CS|TAMS 0x00000000c8b00000, 0x00000000c8b00000| Complete 
| 140|0x00000000c8c00000, 0x00000000c8d00000, 0x00000000c8d00000|100%| S|CS|TAMS 0x00000000c8c00000, 0x00000000c8c00000| Complete 
| 141|0x00000000c8d00000, 0x00000000c8e00000, 0x00000000c8e00000|100%| S|CS|TAMS 0x00000000c8d00000, 0x00000000c8d00000| Complete 
| 142|0x00000000c8e00000, 0x00000000c8f00000, 0x00000000c8f00000|100%| S|CS|TAMS 0x00000000c8e00000, 0x00000000c8e00000| Complete 
| 143|0x00000000c8f00000, 0x00000000c9000000, 0x00000000c9000000|100%| S|CS|TAMS 0x00000000c8f00000, 0x00000000c8f00000| Complete 
| 144|0x00000000c9000000, 0x00000000c9100000, 0x00000000c9100000|100%| S|CS|TAMS 0x00000000c9000000, 0x00000000c9000000| Complete 
| 145|0x00000000c9100000, 0x00000000c9200000, 0x00000000c9200000|100%| S|CS|TAMS 0x00000000c9100000, 0x00000000c9100000| Complete 
| 146|0x00000000c9200000, 0x00000000c9200000, 0x00000000c9300000|  0%| F|  |TAMS 0x00000000c9200000, 0x00000000c9200000| Untracked 
| 147|0x00000000c9300000, 0x00000000c9300000, 0x00000000c9400000|  0%| F|  |TAMS 0x00000000c9300000, 0x00000000c9300000| Untracked 
| 148|0x00000000c9400000, 0x00000000c9400000, 0x00000000c9500000|  0%| F|  |TAMS 0x00000000c9400000, 0x00000000c9400000| Untracked 
| 149|0x00000000c9500000, 0x00000000c9500000, 0x00000000c9600000|  0%| F|  |TAMS 0x00000000c9500000, 0x00000000c9500000| Untracked 
| 150|0x00000000c9600000, 0x00000000c9600000, 0x00000000c9700000|  0%| F|  |TAMS 0x00000000c9600000, 0x00000000c9600000| Untracked 
| 151|0x00000000c9700000, 0x00000000c9700000, 0x00000000c9800000|  0%| F|  |TAMS 0x00000000c9700000, 0x00000000c9700000| Untracked 
| 152|0x00000000c9800000, 0x00000000c9800000, 0x00000000c9900000|  0%| F|  |TAMS 0x00000000c9800000, 0x00000000c9800000| Untracked 
| 153|0x00000000c9900000, 0x00000000c9900000, 0x00000000c9a00000|  0%| F|  |TAMS 0x00000000c9900000, 0x00000000c9900000| Untracked 
| 154|0x00000000c9a00000, 0x00000000c9a00000, 0x00000000c9b00000|  0%| F|  |TAMS 0x00000000c9a00000, 0x00000000c9a00000| Untracked 
| 155|0x00000000c9b00000, 0x00000000c9b00000, 0x00000000c9c00000|  0%| F|  |TAMS 0x00000000c9b00000, 0x00000000c9b00000| Untracked 
| 156|0x00000000c9c00000, 0x00000000c9c00000, 0x00000000c9d00000|  0%| F|  |TAMS 0x00000000c9c00000, 0x00000000c9c00000| Untracked 
| 157|0x00000000c9d00000, 0x00000000c9d00000, 0x00000000c9e00000|  0%| F|  |TAMS 0x00000000c9d00000, 0x00000000c9d00000| Untracked 
| 158|0x00000000c9e00000, 0x00000000c9e00000, 0x00000000c9f00000|  0%| F|  |TAMS 0x00000000c9e00000, 0x00000000c9e00000| Untracked 
| 159|0x00000000c9f00000, 0x00000000c9f00000, 0x00000000ca000000|  0%| F|  |TAMS 0x00000000c9f00000, 0x00000000c9f00000| Untracked 
| 160|0x00000000ca000000, 0x00000000ca000000, 0x00000000ca100000|  0%| F|  |TAMS 0x00000000ca000000, 0x00000000ca000000| Untracked 
| 161|0x00000000ca100000, 0x00000000ca100000, 0x00000000ca200000|  0%| F|  |TAMS 0x00000000ca100000, 0x00000000ca100000| Untracked 
| 162|0x00000000ca200000, 0x00000000ca200000, 0x00000000ca300000|  0%| F|  |TAMS 0x00000000ca200000, 0x00000000ca200000| Untracked 
| 163|0x00000000ca300000, 0x00000000ca300000, 0x00000000ca400000|  0%| F|  |TAMS 0x00000000ca300000, 0x00000000ca300000| Untracked 
| 164|0x00000000ca400000, 0x00000000ca400000, 0x00000000ca500000|  0%| F|  |TAMS 0x00000000ca400000, 0x00000000ca400000| Untracked 
| 165|0x00000000ca500000, 0x00000000ca500000, 0x00000000ca600000|  0%| F|  |TAMS 0x00000000ca500000, 0x00000000ca500000| Untracked 
| 166|0x00000000ca600000, 0x00000000ca600000, 0x00000000ca700000|  0%| F|  |TAMS 0x00000000ca600000, 0x00000000ca600000| Untracked 
| 167|0x00000000ca700000, 0x00000000ca700000, 0x00000000ca800000|  0%| F|  |TAMS 0x00000000ca700000, 0x00000000ca700000| Untracked 
| 168|0x00000000ca800000, 0x00000000ca800000, 0x00000000ca900000|  0%| F|  |TAMS 0x00000000ca800000, 0x00000000ca800000| Untracked 
| 169|0x00000000ca900000, 0x00000000ca900000, 0x00000000caa00000|  0%| F|  |TAMS 0x00000000ca900000, 0x00000000ca900000| Untracked 
| 170|0x00000000caa00000, 0x00000000caa00000, 0x00000000cab00000|  0%| F|  |TAMS 0x00000000caa00000, 0x00000000caa00000| Untracked 
| 171|0x00000000cab00000, 0x00000000cab00000, 0x00000000cac00000|  0%| F|  |TAMS 0x00000000cab00000, 0x00000000cab00000| Untracked 
| 172|0x00000000cac00000, 0x00000000cac00000, 0x00000000cad00000|  0%| F|  |TAMS 0x00000000cac00000, 0x00000000cac00000| Untracked 
| 173|0x00000000cad00000, 0x00000000cad00000, 0x00000000cae00000|  0%| F|  |TAMS 0x00000000cad00000, 0x00000000cad00000| Untracked 
| 174|0x00000000cae00000, 0x00000000cae00000, 0x00000000caf00000|  0%| F|  |TAMS 0x00000000cae00000, 0x00000000cae00000| Untracked 
| 175|0x00000000caf00000, 0x00000000caf00000, 0x00000000cb000000|  0%| F|  |TAMS 0x00000000caf00000, 0x00000000caf00000| Untracked 
| 176|0x00000000cb000000, 0x00000000cb000000, 0x00000000cb100000|  0%| F|  |TAMS 0x00000000cb000000, 0x00000000cb000000| Untracked 
| 177|0x00000000cb100000, 0x00000000cb100000, 0x00000000cb200000|  0%| F|  |TAMS 0x00000000cb100000, 0x00000000cb100000| Untracked 
| 178|0x00000000cb200000, 0x00000000cb200000, 0x00000000cb300000|  0%| F|  |TAMS 0x00000000cb200000, 0x00000000cb200000| Untracked 
| 179|0x00000000cb300000, 0x00000000cb300000, 0x00000000cb400000|  0%| F|  |TAMS 0x00000000cb300000, 0x00000000cb300000| Untracked 
| 180|0x00000000cb400000, 0x00000000cb400000, 0x00000000cb500000|  0%| F|  |TAMS 0x00000000cb400000, 0x00000000cb400000| Untracked 
| 181|0x00000000cb500000, 0x00000000cb500000, 0x00000000cb600000|  0%| F|  |TAMS 0x00000000cb500000, 0x00000000cb500000| Untracked 
| 182|0x00000000cb600000, 0x00000000cb600000, 0x00000000cb700000|  0%| F|  |TAMS 0x00000000cb600000, 0x00000000cb600000| Untracked 
| 183|0x00000000cb700000, 0x00000000cb700000, 0x00000000cb800000|  0%| F|  |TAMS 0x00000000cb700000, 0x00000000cb700000| Untracked 
| 184|0x00000000cb800000, 0x00000000cb800000, 0x00000000cb900000|  0%| F|  |TAMS 0x00000000cb800000, 0x00000000cb800000| Untracked 
| 185|0x00000000cb900000, 0x00000000cb900000, 0x00000000cba00000|  0%| F|  |TAMS 0x00000000cb900000, 0x00000000cb900000| Untracked 
| 186|0x00000000cba00000, 0x00000000cba00000, 0x00000000cbb00000|  0%| F|  |TAMS 0x00000000cba00000, 0x00000000cba00000| Untracked 
| 187|0x00000000cbb00000, 0x00000000cbb00000, 0x00000000cbc00000|  0%| F|  |TAMS 0x00000000cbb00000, 0x00000000cbb00000| Untracked 
| 188|0x00000000cbc00000, 0x00000000cbc00000, 0x00000000cbd00000|  0%| F|  |TAMS 0x00000000cbc00000, 0x00000000cbc00000| Untracked 
| 189|0x00000000cbd00000, 0x00000000cbd00000, 0x00000000cbe00000|  0%| F|  |TAMS 0x00000000cbd00000, 0x00000000cbd00000| Untracked 
| 190|0x00000000cbe00000, 0x00000000cbe00000, 0x00000000cbf00000|  0%| F|  |TAMS 0x00000000cbe00000, 0x00000000cbe00000| Untracked 
| 191|0x00000000cbf00000, 0x00000000cbf00000, 0x00000000cc000000|  0%| F|  |TAMS 0x00000000cbf00000, 0x00000000cbf00000| Untracked 
| 192|0x00000000cc000000, 0x00000000cc000000, 0x00000000cc100000|  0%| F|  |TAMS 0x00000000cc000000, 0x00000000cc000000| Untracked 
| 193|0x00000000cc100000, 0x00000000cc100000, 0x00000000cc200000|  0%| F|  |TAMS 0x00000000cc100000, 0x00000000cc100000| Untracked 
| 194|0x00000000cc200000, 0x00000000cc200000, 0x00000000cc300000|  0%| F|  |TAMS 0x00000000cc200000, 0x00000000cc200000| Untracked 
| 195|0x00000000cc300000, 0x00000000cc300000, 0x00000000cc400000|  0%| F|  |TAMS 0x00000000cc300000, 0x00000000cc300000| Untracked 
| 196|0x00000000cc400000, 0x00000000cc400000, 0x00000000cc500000|  0%| F|  |TAMS 0x00000000cc400000, 0x00000000cc400000| Untracked 
| 197|0x00000000cc500000, 0x00000000cc500000, 0x00000000cc600000|  0%| F|  |TAMS 0x00000000cc500000, 0x00000000cc500000| Untracked 
| 198|0x00000000cc600000, 0x00000000cc600000, 0x00000000cc700000|  0%| F|  |TAMS 0x00000000cc600000, 0x00000000cc600000| Untracked 
| 199|0x00000000cc700000, 0x00000000cc700000, 0x00000000cc800000|  0%| F|  |TAMS 0x00000000cc700000, 0x00000000cc700000| Untracked 
| 200|0x00000000cc800000, 0x00000000cc800000, 0x00000000cc900000|  0%| F|  |TAMS 0x00000000cc800000, 0x00000000cc800000| Untracked 
| 201|0x00000000cc900000, 0x00000000cc900000, 0x00000000cca00000|  0%| F|  |TAMS 0x00000000cc900000, 0x00000000cc900000| Untracked 
| 202|0x00000000cca00000, 0x00000000cca00000, 0x00000000ccb00000|  0%| F|  |TAMS 0x00000000cca00000, 0x00000000cca00000| Untracked 
| 203|0x00000000ccb00000, 0x00000000ccb00000, 0x00000000ccc00000|  0%| F|  |TAMS 0x00000000ccb00000, 0x00000000ccb00000| Untracked 
| 204|0x00000000ccc00000, 0x00000000ccc00000, 0x00000000ccd00000|  0%| F|  |TAMS 0x00000000ccc00000, 0x00000000ccc00000| Untracked 
| 205|0x00000000ccd00000, 0x00000000ccd00000, 0x00000000cce00000|  0%| F|  |TAMS 0x00000000ccd00000, 0x00000000ccd00000| Untracked 
| 206|0x00000000cce00000, 0x00000000cce00000, 0x00000000ccf00000|  0%| F|  |TAMS 0x00000000cce00000, 0x00000000cce00000| Untracked 
| 207|0x00000000ccf00000, 0x00000000ccf00000, 0x00000000cd000000|  0%| F|  |TAMS 0x00000000ccf00000, 0x00000000ccf00000| Untracked 
| 208|0x00000000cd000000, 0x00000000cd000000, 0x00000000cd100000|  0%| F|  |TAMS 0x00000000cd000000, 0x00000000cd000000| Untracked 
| 209|0x00000000cd100000, 0x00000000cd100000, 0x00000000cd200000|  0%| F|  |TAMS 0x00000000cd100000, 0x00000000cd100000| Untracked 
| 210|0x00000000cd200000, 0x00000000cd200000, 0x00000000cd300000|  0%| F|  |TAMS 0x00000000cd200000, 0x00000000cd200000| Untracked 
| 211|0x00000000cd300000, 0x00000000cd300000, 0x00000000cd400000|  0%| F|  |TAMS 0x00000000cd300000, 0x00000000cd300000| Untracked 
| 212|0x00000000cd400000, 0x00000000cd400000, 0x00000000cd500000|  0%| F|  |TAMS 0x00000000cd400000, 0x00000000cd400000| Untracked 
| 213|0x00000000cd500000, 0x00000000cd500000, 0x00000000cd600000|  0%| F|  |TAMS 0x00000000cd500000, 0x00000000cd500000| Untracked 
| 214|0x00000000cd600000, 0x00000000cd600000, 0x00000000cd700000|  0%| F|  |TAMS 0x00000000cd600000, 0x00000000cd600000| Untracked 
| 254|0x00000000cfe00000, 0x00000000cfe00000, 0x00000000cff00000|  0%| F|  |TAMS 0x00000000cfe00000, 0x00000000cfe00000| Untracked 
| 255|0x00000000cff00000, 0x00000000cff00000, 0x00000000d0000000|  0%| F|  |TAMS 0x00000000cff00000, 0x00000000cff00000| Untracked 
|1008|0x00000000ff000000, 0x00000000ff000000, 0x00000000ff100000|  0%| F|  |TAMS 0x00000000ff000000, 0x00000000ff000000| Untracked 
|1009|0x00000000ff100000, 0x00000000ff100000, 0x00000000ff200000|  0%| F|  |TAMS 0x00000000ff100000, 0x00000000ff100000| Untracked 
|1010|0x00000000ff200000, 0x00000000ff200000, 0x00000000ff300000|  0%| F|  |TAMS 0x00000000ff200000, 0x00000000ff200000| Untracked 
|1011|0x00000000ff300000, 0x00000000ff300000, 0x00000000ff400000|  0%| F|  |TAMS 0x00000000ff300000, 0x00000000ff300000| Untracked 
|1012|0x00000000ff400000, 0x00000000ff400000, 0x00000000ff500000|  0%| F|  |TAMS 0x00000000ff400000, 0x00000000ff400000| Untracked 
|1013|0x00000000ff500000, 0x00000000ff500000, 0x00000000ff600000|  0%| F|  |TAMS 0x00000000ff500000, 0x00000000ff500000| Untracked 
|1014|0x00000000ff600000, 0x00000000ff600000, 0x00000000ff700000|  0%| F|  |TAMS 0x00000000ff600000, 0x00000000ff600000| Untracked 
|1015|0x00000000ff700000, 0x00000000ff700000, 0x00000000ff800000|  0%| F|  |TAMS 0x00000000ff700000, 0x00000000ff700000| Untracked 
|1016|0x00000000ff800000, 0x00000000ff800000, 0x00000000ff900000|  0%| F|  |TAMS 0x00000000ff800000, 0x00000000ff800000| Untracked 
|1017|0x00000000ff900000, 0x00000000ff900000, 0x00000000ffa00000|  0%| F|  |TAMS 0x00000000ff900000, 0x00000000ff900000| Untracked 
|1018|0x00000000ffa00000, 0x00000000ffa00000, 0x00000000ffb00000|  0%| F|  |TAMS 0x00000000ffa00000, 0x00000000ffa00000| Untracked 
|1019|0x00000000ffb00000, 0x00000000ffb00000, 0x00000000ffc00000|  0%| F|  |TAMS 0x00000000ffb00000, 0x00000000ffb00000| Untracked 
|1020|0x00000000ffc00000, 0x00000000ffc00000, 0x00000000ffd00000|  0%| F|  |TAMS 0x00000000ffc00000, 0x00000000ffc00000| Untracked 
|1021|0x00000000ffd00000, 0x00000000ffd00000, 0x00000000ffe00000|  0%| F|  |TAMS 0x00000000ffd00000, 0x00000000ffd00000| Untracked 
|1022|0x00000000ffe00000, 0x00000000ffe00000, 0x00000000fff00000|  0%| F|  |TAMS 0x00000000ffe00000, 0x00000000ffe00000| Untracked 
|1023|0x00000000fff00000, 0x00000000fff00000, 0x0000000100000000|  0%| F|  |TAMS 0x00000000fff00000, 0x00000000fff00000| Untracked 

Card table byte_map: [0x000001f9ab2a0000,0x000001f9ab4a0000] _byte_map_base: 0x000001f9aaca0000

Marking Bits (Prev, Next): (CMBitMap*) 0x000001f996c08bc0, (CMBitMap*) 0x000001f996c08c00
 Prev Bits: [0x000001f9ab6a0000, 0x000001f9ac6a0000)
 Next Bits: [0x000001f9ac6a0000, 0x000001f9ad6a0000)

Polling page: 0x000001f994ba0000

Metaspace:

Usage:
  Non-class:     22.65 MB used.
      Class:      2.49 MB used.
       Both:     25.14 MB used.

Virtual space:
  Non-class space:       64.00 MB reserved,      23.06 MB ( 36%) committed,  1 nodes.
      Class space:        1.00 GB reserved,       2.88 MB ( <1%) committed,  1 nodes.
             Both:        1.06 GB reserved,      25.94 MB (  2%) committed. 

Chunk freelists:
   Non-Class:  128.00 KB
       Class:  1.16 MB
        Both:  1.29 MB

MaxMetaspaceSize: unlimited
CompressedClassSpaceSize: 1.00 GB
Initial GC threshold: 21.00 MB
Current GC threshold: 39.69 MB
CDS: on
MetaspaceReclaimPolicy: balanced
 - commit_granule_bytes: 65536.
 - commit_granule_words: 8192.
 - virtual_space_node_default_size: 8388608.
 - enlarge_chunks_in_place: 1.
 - new_chunks_are_fully_committed: 0.
 - uncommit_free_chunks: 1.
 - use_allocation_guard: 0.


Internal statistics:

num_allocs_failed_limit: 3.
num_arena_births: 522.
num_arena_deaths: 0.
num_vsnodes_births: 2.
num_vsnodes_deaths: 0.
num_space_committed: 415.
num_space_uncommitted: 0.
num_chunks_returned_to_freelist: 3.
num_chunks_taken_from_freelist: 1514.
num_chunk_merges: 3.
num_chunk_splits: 974.
num_chunks_enlarged: 633.
num_inconsistent_stats: 0.

CodeHeap 'non-profiled nmethods': size=120000Kb used=3321Kb max_used=3321Kb free=116678Kb
 bounds [0x000001f9a3b70000, 0x000001f9a3eb0000, 0x000001f9ab0a0000]
CodeHeap 'profiled nmethods': size=120000Kb used=10463Kb max_used=10463Kb free=109536Kb
 bounds [0x000001f99c0a0000, 0x000001f99cae0000, 0x000001f9a35d0000]
CodeHeap 'non-nmethods': size=5760Kb used=1355Kb max_used=1408Kb free=4404Kb
 bounds [0x000001f9a35d0000, 0x000001f9a3840000, 0x000001f9a3b70000]
 total_blobs=5152 nmethods=4562 adapters=500
 compilation: enabled
              stopped_count=0, restarted_count=0
 full_count=0

Compilation events (20 events):
Event: 29.488 Thread 0x000001f9afbcd9f0 5352       3       org.python.pydev.parser.jython.ast.Assign::<init> (20 bytes)
Event: 29.488 Thread 0x000001f9afbcd9f0 nmethod 5352 0x000001f99caced10 code [0x000001f99caceec0, 0x000001f99cacf1f8]
Event: 29.488 Thread 0x000001f9afbcd9f0 5350       3       org.python.pydev.parser.jython.ast.keywordType::<init> (20 bytes)
Event: 29.489 Thread 0x000001f9afbcd9f0 nmethod 5350 0x000001f99cacf310 code [0x000001f99cacf4c0, 0x000001f99cacf758]
Event: 29.489 Thread 0x000001f9afbcd9f0 5331   !   3       org.python.pydev.parser.grammar312.PythonGrammar312::parameters (144 bytes)
Event: 29.489 Thread 0x000001f9afbcd9f0 nmethod 5331 0x000001f99cacf810 code [0x000001f99cacfa40, 0x000001f99cacff48]
Event: 29.491 Thread 0x000001f9afbcd9f0 5355       3       org.python.pydev.parser.jython.ast.sliceType::<init> (5 bytes)
Event: 29.491 Thread 0x000001f9afbcd9f0 nmethod 5355 0x000001f99cad0190 code [0x000001f99cad0340, 0x000001f99cad0518]
Event: 29.499 Thread 0x000001f9afbcd9f0 5358   !   3       org.python.pydev.parser.grammar312.PythonGrammar312::Number (403 bytes)
Event: 29.501 Thread 0x000001f9afbcd9f0 nmethod 5358 0x000001f99cad0610 code [0x000001f99cad0aa0, 0x000001f99cad28e8]
Event: 29.501 Thread 0x000001f9afbcd9f0 5359       3       java.lang.Long::valueOf (9 bytes)
Event: 29.501 Thread 0x000001f9afbcd9f0 nmethod 5359 0x000001f99cad3b10 code [0x000001f99cad3cc0, 0x000001f99cad3df8]
Event: 29.501 Thread 0x000001f9afbcd9f0 5360   !   3       org.python.pydev.parser.grammarcommon.DefaultPythonGrammarActions::makeInt (225 bytes)
Event: 29.504 Thread 0x000001f9afbcd9f0 nmethod 5360 0x000001f99cad3e90 code [0x000001f99cad4260, 0x000001f99cad5ab8]
Event: 29.506 Thread 0x000001f9afbcd9f0 5362   !   3       java.lang.StringLatin1::replace (291 bytes)
Event: 29.508 Thread 0x000001f9afbcd9f0 nmethod 5362 0x000001f99cad6510 code [0x000001f99cad6820, 0x000001f99cad7958]
Event: 29.508 Thread 0x000001f9afbcd9f0 5363   !   3       org.python.pydev.parser.grammar312.PythonGrammar312::jj_2_5 (59 bytes)
Event: 29.509 Thread 0x000001f9afbcd9f0 nmethod 5363 0x000001f99cad8290 code [0x000001f99cad84c0, 0x000001f99cad8b98]
Event: 29.517 Thread 0x000001f9afbcd9f0 5364       3       org.python.pydev.parser.grammar312.PythonGrammar312::jj_3R_78 (40 bytes)
Event: 29.518 Thread 0x000001f9afbcd9f0 nmethod 5364 0x000001f99cad8e10 code [0x000001f99cad9060, 0x000001f99cad9a68]

GC Heap History (20 events):
Event: 13.331 GC heap after
{Heap after GC invocations=6 (full 0):
 garbage-first heap   total 262144K, used 46949K [0x00000000c0000000, 0x0000000100000000)
  region size 1024K, 2 young (2048K), 2 survivors (2048K)
 Metaspace       used 20120K, committed 20800K, reserved 1114112K
  class space    used 2072K, committed 2368K, reserved 1048576K
}
Event: 16.063 GC heap before
{Heap before GC invocations=6 (full 0):
 garbage-first heap   total 262144K, used 86885K [0x00000000c0000000, 0x0000000100000000)
  region size 1024K, 43 young (44032K), 2 survivors (2048K)
 Metaspace       used 20868K, committed 21504K, reserved 1114112K
  class space    used 2147K, committed 2432K, reserved 1048576K
}
Event: 16.077 GC heap after
{Heap after GC invocations=7 (full 0):
 garbage-first heap   total 262144K, used 49664K [0x00000000c0000000, 0x0000000100000000)
  region size 1024K, 4 young (4096K), 4 survivors (4096K)
 Metaspace       used 20868K, committed 21504K, reserved 1114112K
  class space    used 2147K, committed 2432K, reserved 1048576K
}
Event: 17.401 GC heap before
{Heap before GC invocations=8 (full 0):
 garbage-first heap   total 175104K, used 173568K [0x00000000c0000000, 0x0000000100000000)
  region size 1024K, 84 young (86016K), 4 survivors (4096K)
 Metaspace       used 20964K, committed 21696K, reserved 1114112K
  class space    used 2147K, committed 2432K, reserved 1048576K
}
Event: 17.443 GC heap after
{Heap after GC invocations=9 (full 0):
 garbage-first heap   total 208896K, used 79671K [0x00000000c0000000, 0x0000000100000000)
  region size 1024K, 17 young (17408K), 17 survivors (17408K)
 Metaspace       used 20964K, committed 21696K, reserved 1114112K
  class space    used 2147K, committed 2432K, reserved 1048576K
}
Event: 17.444 GC heap before
{Heap before GC invocations=9 (full 0):
 garbage-first heap   total 208896K, used 80695K [0x00000000c0000000, 0x0000000100000000)
  region size 1024K, 18 young (18432K), 17 survivors (17408K)
 Metaspace       used 20964K, committed 21696K, reserved 1114112K
  class space    used 2147K, committed 2432K, reserved 1048576K
}
Event: 17.471 GC heap after
{Heap after GC invocations=10 (full 0):
 garbage-first heap   total 208896K, used 74499K [0x00000000c0000000, 0x0000000100000000)
  region size 1024K, 2 young (2048K), 2 survivors (2048K)
 Metaspace       used 20964K, committed 21696K, reserved 1114112K
  class space    used 2147K, committed 2432K, reserved 1048576K
}
Event: 21.896 GC heap before
{Heap before GC invocations=10 (full 0):
 garbage-first heap   total 208896K, used 150275K [0x00000000c0000000, 0x0000000100000000)
  region size 1024K, 65 young (66560K), 2 survivors (2048K)
 Metaspace       used 21179K, committed 21888K, reserved 1114112K
  class space    used 2180K, committed 2496K, reserved 1048576K
}
Event: 21.910 GC heap after
{Heap after GC invocations=11 (full 0):
 garbage-first heap   total 208896K, used 83968K [0x00000000c0000000, 0x0000000100000000)
  region size 1024K, 9 young (9216K), 9 survivors (9216K)
 Metaspace       used 21179K, committed 21888K, reserved 1114112K
  class space    used 2180K, committed 2496K, reserved 1048576K
}
Event: 25.728 GC heap before
{Heap before GC invocations=11 (full 0):
 garbage-first heap   total 208896K, used 159744K [0x00000000c0000000, 0x0000000100000000)
  region size 1024K, 69 young (70656K), 9 survivors (9216K)
 Metaspace       used 23441K, committed 24192K, reserved 1114112K
  class space    used 2367K, committed 2752K, reserved 1048576K
}
Event: 25.748 GC heap after
{Heap after GC invocations=12 (full 0):
 garbage-first heap   total 208896K, used 94484K [0x00000000c0000000, 0x0000000100000000)
  region size 1024K, 9 young (9216K), 9 survivors (9216K)
 Metaspace       used 23441K, committed 24192K, reserved 1114112K
  class space    used 2367K, committed 2752K, reserved 1048576K
}
Event: 25.806 GC heap before
{Heap before GC invocations=12 (full 0):
 garbage-first heap   total 208896K, used 112916K [0x00000000c0000000, 0x0000000100000000)
  region size 1024K, 21 young (21504K), 9 survivors (9216K)
 Metaspace       used 23441K, committed 24192K, reserved 1114112K
  class space    used 2367K, committed 2752K, reserved 1048576K
}
Event: 25.824 GC heap after
{Heap after GC invocations=13 (full 0):
 garbage-first heap   total 208896K, used 102705K [0x00000000c0000000, 0x0000000100000000)
  region size 1024K, 8 young (8192K), 8 survivors (8192K)
 Metaspace       used 23441K, committed 24192K, reserved 1114112K
  class space    used 2367K, committed 2752K, reserved 1048576K
}
Event: 27.558 GC heap before
{Heap before GC invocations=14 (full 0):
 garbage-first heap   total 208896K, used 136497K [0x00000000c0000000, 0x0000000100000000)
  region size 1024K, 48 young (49152K), 8 survivors (8192K)
 Metaspace       used 25561K, committed 26432K, reserved 1114112K
  class space    used 2550K, committed 2944K, reserved 1048576K
}
Event: 27.577 GC heap after
{Heap after GC invocations=15 (full 0):
 garbage-first heap   total 208896K, used 95102K [0x00000000c0000000, 0x0000000100000000)
  region size 1024K, 6 young (6144K), 6 survivors (6144K)
 Metaspace       used 25561K, committed 26432K, reserved 1114112K
  class space    used 2550K, committed 2944K, reserved 1048576K
}
Event: 27.606 GC heap before
{Heap before GC invocations=15 (full 0):
 garbage-first heap   total 208896K, used 101246K [0x00000000c0000000, 0x0000000100000000)
  region size 1024K, 10 young (10240K), 6 survivors (6144K)
 Metaspace       used 25561K, committed 26432K, reserved 1114112K
  class space    used 2550K, committed 2944K, reserved 1048576K
}
Event: 27.618 GC heap after
{Heap after GC invocations=16 (full 0):
 garbage-first heap   total 208896K, used 78199K [0x00000000c0000000, 0x0000000100000000)
  region size 1024K, 2 young (2048K), 2 survivors (2048K)
 Metaspace       used 25561K, committed 26432K, reserved 1114112K
  class space    used 2550K, committed 2944K, reserved 1048576K
}
Event: 27.663 GC heap before
{Heap before GC invocations=16 (full 0):
 garbage-first heap   total 208896K, used 91511K [0x00000000c0000000, 0x0000000100000000)
  region size 1024K, 10 young (10240K), 2 survivors (2048K)
 Metaspace       used 25561K, committed 26432K, reserved 1114112K
  class space    used 2550K, committed 2944K, reserved 1048576K
}
Event: 27.679 GC heap after
{Heap after GC invocations=17 (full 0):
 garbage-first heap   total 208896K, used 71680K [0x00000000c0000000, 0x0000000100000000)
  region size 1024K, 2 young (2048K), 2 survivors (2048K)
 Metaspace       used 25561K, committed 26432K, reserved 1114112K
  class space    used 2550K, committed 2944K, reserved 1048576K
}
Event: 29.538 GC heap before
{Heap before GC invocations=17 (full 0):
 garbage-first heap   total 208896K, used 149504K [0x00000000c0000000, 0x0000000100000000)
  region size 1024K, 58 young (59392K), 2 survivors (2048K)
 Metaspace       used 25744K, committed 26560K, reserved 1114112K
  class space    used 2552K, committed 2944K, reserved 1048576K
}

Dll operation events (9 events):
Event: 0.044 Loaded shared library C:\Users\user\.pydev_vscode\java19\jdk-19.0.2+7-jre\bin\java.dll
Event: 0.107 Loaded shared library C:\Users\user\.pydev_vscode\java19\jdk-19.0.2+7-jre\bin\jsvml.dll
Event: 0.282 Loaded shared library C:\Users\user\.pydev_vscode\java19\jdk-19.0.2+7-jre\bin\net.dll
Event: 0.289 Loaded shared library C:\Users\user\.pydev_vscode\java19\jdk-19.0.2+7-jre\bin\nio.dll
Event: 0.300 Loaded shared library C:\Users\user\.pydev_vscode\java19\jdk-19.0.2+7-jre\bin\zip.dll
Event: 0.705 Loaded shared library C:\Users\user\.pydev_vscode\java19\jdk-19.0.2+7-jre\bin\jimage.dll
Event: 2.758 Loaded shared library C:\Users\user\.vscode\extensions\fabioz.vscode-pydev-0.16.0\server\plugins\org.eclipse.equinox.launcher.win32.win32.x86_64_1.2.900.v20240213-1244\eclipse_11900.dll
Event: 6.186 Loaded shared library C:\Users\user\.vscode\extensions\fabioz.vscode-pydev-0.16.0\server\config_win\org.eclipse.osgi\13\0\.cp\os\win32\x86_64\localfile_1_0_0.dll
Event: 6.311 Loaded shared library C:\Users\user\.vscode\extensions\fabioz.vscode-pydev-0.16.0\server\config_win\org.eclipse.osgi\16\0\.cp\os\win32\x86_64\win32refresh.dll

Deoptimization events (20 events):
Event: 29.337 Thread 0x000001f9b55d6e20 Uncommon trap: trap_request=0xffffff45 fr.pc=0x000001f9a3e79794 relative=0x00000000000001b4
Event: 29.337 Thread 0x000001f9b55d6e20 Uncommon trap: reason=unstable_if action=reinterpret pc=0x000001f9a3e79794 method=org.python.pydev.parser.grammar312.PythonGrammar312.factor()V @ 19 c2
Event: 29.337 Thread 0x000001f9b55d6e20 DEOPT PACKING pc=0x000001f9a3e79794 sp=0x000000dccd6fc630
Event: 29.337 Thread 0x000001f9b55d6e20 DEOPT UNPACKING pc=0x000001f9a3636da3 sp=0x000000dccd6fc598 mode 2
Event: 29.337 Thread 0x000001f9b55d6e20 Uncommon trap: trap_request=0xffffff45 fr.pc=0x000001f9a3e6fcc0 relative=0x0000000000000080
Event: 29.337 Thread 0x000001f9b55d6e20 Uncommon trap: reason=unstable_if action=reinterpret pc=0x000001f9a3e6fcc0 method=org.python.pydev.parser.grammar312.PythonGrammar312.atom_expr()V @ 19 c2
Event: 29.337 Thread 0x000001f9b55d6e20 DEOPT PACKING pc=0x000001f9a3e6fcc0 sp=0x000000dccd6fc540
Event: 29.337 Thread 0x000001f9b55d6e20 DEOPT UNPACKING pc=0x000001f9a3636da3 sp=0x000000dccd6fc4f8 mode 2
Event: 29.337 Thread 0x000001f9b55d6e20 Uncommon trap: trap_request=0xffffff45 fr.pc=0x000001f9a3e545e0 relative=0x0000000000001280
Event: 29.337 Thread 0x000001f9b55d6e20 Uncommon trap: reason=unstable_if action=reinterpret pc=0x000001f9a3e545e0 method=org.python.pydev.parser.grammar312.PythonGrammar312.Name()Lorg/python/pydev/parser/jython/Token; @ 47 c2
Event: 29.337 Thread 0x000001f9b55d6e20 DEOPT PACKING pc=0x000001f9a3e545e0 sp=0x000000dccd6fc390
Event: 29.337 Thread 0x000001f9b55d6e20 DEOPT UNPACKING pc=0x000001f9a3636da3 sp=0x000000dccd6fc370 mode 2
Event: 29.337 Thread 0x000001f9b55d6e20 Uncommon trap: trap_request=0xffffff45 fr.pc=0x000001f9a3e191fc relative=0x0000000000002ffc
Event: 29.337 Thread 0x000001f9b55d6e20 Uncommon trap: reason=unstable_if action=reinterpret pc=0x000001f9a3e191fc method=org.python.pydev.parser.grammar312.PythonGrammar312TokenManager.jjMoveNfa_0(II)I @ 72 c2
Event: 29.337 Thread 0x000001f9b55d6e20 DEOPT PACKING pc=0x000001f9a3e191fc sp=0x000000dccd6fc770
Event: 29.337 Thread 0x000001f9b55d6e20 DEOPT UNPACKING pc=0x000001f9a3636da3 sp=0x000000dccd6fc718 mode 2
Event: 29.366 Thread 0x000001f9b55d6e20 Uncommon trap: trap_request=0xffffff45 fr.pc=0x000001f9a3bacb3c relative=0x000000000000059c
Event: 29.366 Thread 0x000001f9b55d6e20 Uncommon trap: reason=unstable_if action=reinterpret pc=0x000001f9a3bacb3c method=org.python.pydev.parser.grammar312.PythonGrammar312TokenManager.jjMoveStringLiteralDfa0_0()I @ 4 c2
Event: 29.366 Thread 0x000001f9b55d6e20 DEOPT PACKING pc=0x000001f9a3bacb3c sp=0x000000dccd6fc710
Event: 29.366 Thread 0x000001f9b55d6e20 DEOPT UNPACKING pc=0x000001f9a3636da3 sp=0x000000dccd6fc6a8 mode 2

Classes loaded (20 events):
Event: 24.927 Loading class java/util/concurrent/CompletableFuture$UniExceptionally
Event: 24.927 Loading class java/util/concurrent/CompletableFuture$UniExceptionally done
Event: 24.955 Loading class java/util/concurrent/CompletionException
Event: 24.955 Loading class java/util/concurrent/CompletionException done
Event: 26.901 Loading class java/util/TreeMap$AscendingSubMap
Event: 26.901 Loading class java/util/TreeMap$NavigableSubMap
Event: 26.902 Loading class java/util/TreeMap$NavigableSubMap done
Event: 26.902 Loading class java/util/TreeMap$AscendingSubMap done
Event: 26.903 Loading class java/util/AbstractMap$2
Event: 26.903 Loading class java/util/AbstractMap$2 done
Event: 26.903 Loading class java/util/AbstractMap$2$1
Event: 26.903 Loading class java/util/AbstractMap$2$1 done
Event: 26.904 Loading class java/util/TreeMap$AscendingSubMap$AscendingEntrySetView
Event: 26.904 Loading class java/util/TreeMap$NavigableSubMap$EntrySetView
Event: 26.905 Loading class java/util/TreeMap$NavigableSubMap$EntrySetView done
Event: 26.905 Loading class java/util/TreeMap$AscendingSubMap$AscendingEntrySetView done
Event: 26.905 Loading class java/util/TreeMap$NavigableSubMap$SubMapEntryIterator
Event: 26.905 Loading class java/util/TreeMap$NavigableSubMap$SubMapIterator
Event: 26.906 Loading class java/util/TreeMap$NavigableSubMap$SubMapIterator done
Event: 26.906 Loading class java/util/TreeMap$NavigableSubMap$SubMapEntryIterator done

Classes unloaded (0 events):
No events

Classes redefined (0 events):
No events

Internal exceptions (20 events):
Event: 14.984 Thread 0x000001f9b55d0930 Exception <a 'java/lang/NoSuchMethodError'{0x00000000cff1aed0}: 'void java.lang.invoke.DirectMethodHandle$Holder.invokeStatic(java.lang.Object, long)'> (0x00000000cff1aed0) 
thrown [s\src\hotspot\share\interpreter\linkResolver.cpp, line 774]
Event: 14.984 Thread 0x000001f9b55d0930 Exception <a 'java/lang/NoSuchMethodError'{0x00000000cff20438}: 'java.lang.Object java.lang.invoke.DirectMethodHandle$Holder.newInvokeSpecial(java.lang.Object, long)'> (0x00000000cff20438) 
thrown [s\src\hotspot\share\interpreter\linkResolver.cpp, line 774]
Event: 14.987 Thread 0x000001f9b55d0930 Exception <a 'java/lang/NoSuchMethodError'{0x00000000cff26f08}: 'java.lang.Object java.lang.invoke.DirectMethodHandle$Holder.invokeStatic(java.lang.Object, long, java.lang.Object)'> (0x00000000cff26f08) 
thrown [s\src\hotspot\share\interpreter\linkResolver.cpp, line 774]
Event: 14.987 Thread 0x000001f9b55d0930 Exception <a 'java/lang/NoSuchMethodError'{0x00000000cff2a808}: 'java.lang.Object java.lang.invoke.DirectMethodHandle$Holder.invokeStaticInit(java.lang.Object, long, java.lang.Object)'> (0x00000000cff2a808) 
thrown [s\src\hotspot\share\interpreter\linkResolver.cpp, line 774]
Event: 15.659 Thread 0x000001f9b55d0930 Exception <a 'sun/nio/fs/WindowsException'{0x00000000ce070500}> (0x00000000ce070500) 
thrown [s\src\hotspot\share\prims\jni.cpp, line 517]
Event: 15.792 Thread 0x000001f9b55d0e80 Exception <a 'sun/nio/fs/WindowsException'{0x00000000cdc14be8}> (0x00000000cdc14be8) 
thrown [s\src\hotspot\share\prims\jni.cpp, line 517]
Event: 24.289 Thread 0x000001f9b55d0e80 Implicit null exception at 0x000001f9a3c74906 to 0x000001f9a3c753b0
Event: 24.291 Thread 0x000001f9b55d0e80 Implicit null exception at 0x000001f9a3de2563 to 0x000001f9a3de5e0c
Event: 24.463 Thread 0x000001f9b5172950 Exception <a 'java/lang/NoSuchMethodError'{0x00000000ca3f4a68}: 'java.lang.Object java.lang.invoke.DirectMethodHandle$Holder.newInvokeSpecial(java.lang.Object, java.lang.Object, java.lang.Object, java.lang.Object, java.lang.Object, java.lang.Object)'> (0x00000000ca3f4a68) 
thrown [s\src\hotspot\share\interpreter\linkResolver.cpp, line 774]
Event: 24.924 Thread 0x000001f9b55d0e80 Exception <a 'java/lang/IncompatibleClassChangeError'{0x00000000ca1d7c98}: Found class java.lang.Object, but interface was expected> (0x00000000ca1d7c98) 
thrown [s\src\hotspot\share\interpreter\linkResolver.cpp, line 841]
Event: 24.939 Thread 0x000001f9b55d0e80 Exception <a 'java/lang/IncompatibleClassChangeError'{0x00000000ca0153f8}: Found class java.lang.Object, but interface was expected> (0x00000000ca0153f8) 
thrown [s\src\hotspot\share\interpreter\linkResolver.cpp, line 841]
Event: 24.953 Thread 0x000001f9b55d0e80 Exception <a 'java/lang/NoSuchMethodError'{0x00000000ca035b98}: 'java.lang.Object java.lang.invoke.DirectMethodHandle$Holder.newInvokeSpecial(java.lang.Object, java.lang.Object, java.lang.Object, java.lang.Object, java.lang.Object, java.lang.Object, java.lang.Object, java.lang.Object)'> (0x00000000ca035b98) 
thrown [s\src\hotspot\share\interpreter\linkResolver.cpp, line 774]
Event: 25.045 Thread 0x000001f9b55d7370 Exception <a 'java/lang/NoSuchMethodError'{0x00000000c9d08820}: 'int java.lang.invoke.Invokers$Holder.invokeExact_MT(java.lang.Object, java.lang.Object)'> (0x00000000c9d08820) 
thrown [s\src\hotspot\share\interpreter\linkResolver.cpp, line 774]
Event: 25.183 Thread 0x000001f9b55d7370 Exception <a 'java/lang/ArrayIndexOutOfBoundsException'{0x00000000c9c37490}: Index 32427 out of bounds for length 32427> (0x00000000c9c37490) 
thrown [s\src\hotspot\share\interpreter\interpreterRuntime.cpp, line 432]
Event: 25.432 Thread 0x000001f9b55d0930 Exception <a 'sun/nio/fs/WindowsException'{0x00000000c9a5bdf0}> (0x00000000c9a5bdf0) 
thrown [s\src\hotspot\share\prims\jni.cpp, line 517]
Event: 26.646 Thread 0x000001f9b55d6e20 Exception <a 'java/io/FileNotFoundException'{0x00000000ca1b6ee8}> (0x00000000ca1b6ee8) 
thrown [s\src\hotspot\share\prims\jni.cpp, line 517]
Event: 26.649 Thread 0x000001f9b55d6e20 Exception <a 'java/lang/NoSuchMethodError'{0x00000000ca1bf230}: 'java.lang.Object java.lang.invoke.DirectMethodHandle$Holder.newInvokeSpecial(java.lang.Object, int, java.lang.Object, java.lang.Object)'> (0x00000000ca1bf230) 
thrown [s\src\hotspot\share\interpreter\linkResolver.cpp, line 774]
Event: 26.650 Thread 0x000001f9b55d6e20 Exception <a 'java/io/FileNotFoundException'{0x00000000ca1c6de8}> (0x00000000ca1c6de8) 
thrown [s\src\hotspot\share\prims\jni.cpp, line 517]
Event: 26.652 Thread 0x000001f9b55d6e20 Exception <a 'java/lang/NoSuchMethodError'{0x00000000ca1ec4f0}: 'void java.lang.invoke.DirectMethodHandle$Holder.invokeStaticInit(java.lang.Object, java.lang.Object, java.lang.Object)'> (0x00000000ca1ec4f0) 
thrown [s\src\hotspot\share\interpreter\linkResolver.cpp, line 774]
Event: 27.212 Thread 0x000001f9b51733f0 Exception <a 'sun/nio/fs/WindowsException'{0x00000000c963d690}> (0x00000000c963d690) 
thrown [s\src\hotspot\share\prims\jni.cpp, line 517]

VM Operations (20 events):
Event: 26.068 Executing VM operation: G1PauseCleanup done
Event: 26.459 Executing VM operation: HandshakeAllThreads
Event: 26.459 Executing VM operation: HandshakeAllThreads done
Event: 26.517 Executing VM operation: HandshakeAllThreads
Event: 26.517 Executing VM operation: HandshakeAllThreads done
Event: 27.102 Executing VM operation: HandshakeAllThreads
Event: 27.170 Executing VM operation: HandshakeAllThreads done
Event: 27.170 Executing VM operation: Cleanup
Event: 27.172 Executing VM operation: Cleanup done
Event: 27.558 Executing VM operation: G1CollectForAllocation
Event: 27.577 Executing VM operation: G1CollectForAllocation done
Event: 27.606 Executing VM operation: G1CollectForAllocation
Event: 27.619 Executing VM operation: G1CollectForAllocation done
Event: 27.663 Executing VM operation: G1CollectForAllocation
Event: 27.680 Executing VM operation: G1CollectForAllocation done
Event: 28.146 Executing VM operation: HandshakeAllThreads
Event: 28.146 Executing VM operation: HandshakeAllThreads done
Event: 29.160 Executing VM operation: Cleanup
Event: 29.161 Executing VM operation: Cleanup done
Event: 29.519 Executing VM operation: G1CollectForAllocation

Events (20 events):
Event: 26.524 Thread 0x000001f9b55d48f0 Thread added: 0x000001f9b55d48f0
Event: 26.559 Thread 0x000001f9b55d3900 Thread added: 0x000001f9b55d3900
Event: 26.562 Thread 0x000001f9b643fa00 Thread added: 0x000001f9b643fa00
Event: 26.567 Thread 0x000001f9b55d48f0 Thread exited: 0x000001f9b55d48f0
Event: 26.570 Thread 0x000001f9b55d3900 Thread exited: 0x000001f9b55d3900
Event: 26.574 Thread 0x000001f9b643fa00 Thread exited: 0x000001f9b643fa00
Event: 26.594 Thread 0x000001f9b55cfe90 Thread exited: 0x000001f9b55cfe90
Event: 27.034 Thread 0x000001f9b55d3e50 Thread exited: 0x000001f9b55d3e50
Event: 27.034 Thread 0x000001f9b55d1e70 Thread exited: 0x000001f9b55d1e70
Event: 27.089 Thread 0x000001f9b55d48f0 Thread added: 0x000001f9b55d48f0
Event: 27.169 Thread 0x000001f9b55d48f0 Thread exited: 0x000001f9b55d48f0
Event: 27.953 Thread 0x000001f9b55d1e70 Thread added: 0x000001f9b55d1e70
Event: 28.022 Thread 0x000001f9b55d1e70 Thread exited: 0x000001f9b55d1e70
Event: 28.149 Thread 0x000001f9b3d313e0 flushing nmethod 0x000001f9a3e00390
Event: 28.156 Thread 0x000001f9b3d313e0 flushing nmethod 0x000001f99c916c10
Event: 28.156 Thread 0x000001f9b3d313e0 flushing nmethod 0x000001f99c918d10
Event: 28.156 Thread 0x000001f9b3d313e0 flushing nmethod 0x000001f99c919410
Event: 28.156 Thread 0x000001f9b3d313e0 flushing nmethod 0x000001f99c929590
Event: 28.156 Thread 0x000001f9b3d313e0 flushing nmethod 0x000001f99c92b710
Event: 28.156 Thread 0x000001f9b3d313e0 flushing nmethod 0x000001f99c931a10


Dynamic libraries:
0x00007ff6f36c0000 - 0x00007ff6f36ce000 	C:\Users\user\.pydev_vscode\java19\jdk-19.0.2+7-jre\bin\java.exe
0x00007fff733d0000 - 0x00007fff735c8000 	C:\Windows\SYSTEM32\ntdll.dll
0x00007fff72150000 - 0x00007fff72212000 	C:\Windows\System32\KERNEL32.DLL
0x00007fff70e40000 - 0x00007fff71136000 	C:\Windows\System32\KERNELBASE.dll
0x00007fff70bc0000 - 0x00007fff70cc0000 	C:\Windows\System32\ucrtbase.dll
0x00007fff6d2c0000 - 0x00007fff6d2d9000 	C:\Users\user\.pydev_vscode\java19\jdk-19.0.2+7-jre\bin\VCRUNTIME140.dll
0x00007fff6d1a0000 - 0x00007fff6d1b7000 	C:\Users\user\.pydev_vscode\java19\jdk-19.0.2+7-jre\bin\jli.dll
0x00007fff713f0000 - 0x00007fff71591000 	C:\Windows\System32\USER32.dll
0x00007fff71140000 - 0x00007fff71162000 	C:\Windows\System32\win32u.dll
0x00007fff72360000 - 0x00007fff7238b000 	C:\Windows\System32\GDI32.dll
0x00007fff712d0000 - 0x00007fff713e9000 	C:\Windows\System32\gdi32full.dll
0x00007fff70da0000 - 0x00007fff70e3d000 	C:\Windows\System32\msvcp_win.dll
0x00007fff62110000 - 0x00007fff623ab000 	C:\Windows\WinSxS\amd64_microsoft.windows.common-controls_6595b64144ccf1df_6.0.19041.6456_none_60b8a6cb71f64256\COMCTL32.dll
0x00007fff72390000 - 0x00007fff7242e000 	C:\Windows\System32\msvcrt.dll
0x00007fff72120000 - 0x00007fff7214f000 	C:\Windows\System32\IMM32.DLL
0x00007fff6cef0000 - 0x00007fff6cefc000 	C:\Users\user\.pydev_vscode\java19\jdk-19.0.2+7-jre\bin\vcruntime140_1.dll
0x00007fff56b30000 - 0x00007fff56bc1000 	C:\Users\user\.pydev_vscode\java19\jdk-19.0.2+7-jre\bin\msvcp140.dll
0x00007fff44600000 - 0x00007fff452f1000 	C:\Users\user\.pydev_vscode\java19\jdk-19.0.2+7-jre\bin\server\jvm.dll
0x00007fff71c40000 - 0x00007fff71cf1000 	C:\Windows\System32\ADVAPI32.dll
0x00007fff71f60000 - 0x00007fff71fff000 	C:\Windows\System32\sechost.dll
0x00007fff72000000 - 0x00007fff72120000 	C:\Windows\System32\RPCRT4.dll
0x00007fff70d70000 - 0x00007fff70d97000 	C:\Windows\System32\bcrypt.dll
0x00007fff665f0000 - 0x00007fff665fa000 	C:\Windows\SYSTEM32\VERSION.dll
0x00007fff63000000 - 0x00007fff63027000 	C:\Windows\SYSTEM32\WINMM.dll
0x00007fff62f30000 - 0x00007fff62f39000 	C:\Windows\SYSTEM32\WSOCK32.dll
0x00007fff71d00000 - 0x00007fff71d6b000 	C:\Windows\System32\ws2_32.DLL
0x00007fff6f230000 - 0x00007fff6f242000 	C:\Windows\SYSTEM32\kernel.appcore.dll
0x00007fff6cee0000 - 0x00007fff6ceea000 	C:\Users\user\.pydev_vscode\java19\jdk-19.0.2+7-jre\bin\jimage.dll
0x00007fff6ef20000 - 0x00007fff6f121000 	C:\Windows\SYSTEM32\DBGHELP.DLL
0x00007fff57f80000 - 0x00007fff57fb4000 	C:\Windows\SYSTEM32\dbgcore.DLL
0x00007fff711c0000 - 0x00007fff71242000 	C:\Windows\System32\bcryptPrimitives.dll
0x00007fff6ce60000 - 0x00007fff6ce86000 	C:\Users\user\.pydev_vscode\java19\jdk-19.0.2+7-jre\bin\java.dll
0x00007fff45af0000 - 0x00007fff45bc6000 	C:\Users\user\.pydev_vscode\java19\jdk-19.0.2+7-jre\bin\jsvml.dll
0x00007fff724e0000 - 0x00007fff72c50000 	C:\Windows\System32\SHELL32.dll
0x00007fff6e6a0000 - 0x00007fff6ee45000 	C:\Windows\SYSTEM32\windows.storage.dll
0x00007fff72d20000 - 0x00007fff73074000 	C:\Windows\System32\combase.dll
0x00007fff703b0000 - 0x00007fff703db000 	C:\Windows\SYSTEM32\Wldp.dll
0x00007fff72c50000 - 0x00007fff72d1d000 	C:\Windows\System32\OLEAUT32.dll
0x00007fff71d80000 - 0x00007fff71e2d000 	C:\Windows\System32\SHCORE.dll
0x00007fff72300000 - 0x00007fff7235b000 	C:\Windows\System32\shlwapi.dll
0x00007fff70990000 - 0x00007fff709b4000 	C:\Windows\SYSTEM32\profapi.dll
0x00007fff6cc60000 - 0x00007fff6cc73000 	C:\Users\user\.pydev_vscode\java19\jdk-19.0.2+7-jre\bin\net.dll
0x00007fff68200000 - 0x00007fff6830a000 	C:\Windows\SYSTEM32\WINHTTP.dll
0x00007fff70190000 - 0x00007fff701fa000 	C:\Windows\system32\mswsock.dll
0x00007fff6c520000 - 0x00007fff6c536000 	C:\Users\user\.pydev_vscode\java19\jdk-19.0.2+7-jre\bin\nio.dll
0x00007fff6a910000 - 0x00007fff6a928000 	C:\Users\user\.pydev_vscode\java19\jdk-19.0.2+7-jre\bin\zip.dll
0x00007fff6a4a0000 - 0x00007fff6a4de000 	C:\Users\user\.vscode\extensions\fabioz.vscode-pydev-0.16.0\server\plugins\org.eclipse.equinox.launcher.win32.win32.x86_64_1.2.900.v20240213-1244\eclipse_11900.dll
0x00007fff71e30000 - 0x00007fff71f5b000 	C:\Windows\System32\ole32.dll
0x0000000180000000 - 0x0000000180012000 	C:\Users\user\.vscode\extensions\fabioz.vscode-pydev-0.16.0\server\config_win\org.eclipse.osgi\13\0\.cp\os\win32\x86_64\localfile_1_0_0.dll
0x00007fff6a830000 - 0x00007fff6a84b000 	C:\Users\user\.vscode\extensions\fabioz.vscode-pydev-0.16.0\server\config_win\org.eclipse.osgi\16\0\.cp\os\win32\x86_64\win32refresh.dll
0x00007fff70320000 - 0x00007fff7032c000 	C:\Windows\SYSTEM32\CRYPTBASE.DLL
0x00007fff703f0000 - 0x00007fff70408000 	C:\Windows\SYSTEM32\CRYPTSP.dll
0x00007fff6fa60000 - 0x00007fff6fa98000 	C:\Windows\system32\rsaenh.dll
0x00007fff70910000 - 0x00007fff7093e000 	C:\Windows\SYSTEM32\USERENV.dll
0x00007fff6fe40000 - 0x00007fff6fe7b000 	C:\Windows\SYSTEM32\IPHLPAPI.DLL
0x00007fff71d70000 - 0x00007fff71d78000 	C:\Windows\System32\NSI.dll
0x00007fff69210000 - 0x00007fff69227000 	C:\Windows\SYSTEM32\dhcpcsvc6.DLL
0x00007fff691f0000 - 0x00007fff6920d000 	C:\Windows\SYSTEM32\dhcpcsvc.DLL
0x00007fff6fe80000 - 0x00007fff6ff4a000 	C:\Windows\SYSTEM32\DNSAPI.dll

dbghelp: loaded successfully - version: 4.0.5 - missing functions: none
symbol engine: initialized successfully - sym options: 0x614 - pdb path: .;C:\Users\user\.pydev_vscode\java19\jdk-19.0.2+7-jre\bin;C:\Windows\SYSTEM32;C:\Windows\WinSxS\amd64_microsoft.windows.common-controls_6595b64144ccf1df_6.0.19041.6456_none_60b8a6cb71f64256;C:\Users\user\.pydev_vscode\java19\jdk-19.0.2+7-jre\bin\server;C:\Users\user\.vscode\extensions\fabioz.vscode-pydev-0.16.0\server\plugins\org.eclipse.equinox.launcher.win32.win32.x86_64_1.2.900.v20240213-1244;C:\Users\user\.vscode\extensions\fabioz.vscode-pydev-0.16.0\server\config_win\org.eclipse.osgi\13\0\.cp\os\win32\x86_64;C:\Users\user\.vscode\extensions\fabioz.vscode-pydev-0.16.0\server\config_win\org.eclipse.osgi\16\0\.cp\os\win32\x86_64

VM Arguments:
jvm_args: --add-modules=ALL-SYSTEM --add-opens=java.base/java.util=ALL-UNNAMED --add-opens=java.base/java.lang=ALL-UNNAMED -Declipse.application=org.python.pydev.pydev_lsp.application -Dosgi.bundles.defaultStartLevel=4 -Declipse.product=org.python.pydev.pydev_lsp.product -Xmx1G -XX:+UseG1GC -XX:+UseStringDeduplication 
java_command: c:\Users\user\.vscode\extensions\fabioz.vscode-pydev-0.16.0\server\plugins\org.eclipse.equinox.launcher_1.6.700.v20240213-1244.jar -configuration c:\Users\user\.vscode\extensions\fabioz.vscode-pydev-0.16.0\server\config_win -data c:\Users\user\AppData\Roaming\Code\User\workspaceStorage\1c49713cf2140998adebe05accdbb211\fabioz.vscode-pydev\pydev_ws
java_class_path (initial): c:\Users\user\.vscode\extensions\fabioz.vscode-pydev-0.16.0\server\plugins\org.eclipse.equinox.launcher_1.6.700.v20240213-1244.jar
Launcher Type: SUN_STANDARD

[Global flags]
     intx CICompilerCount                          = 3                                         {product} {ergonomic}
     uint ConcGCThreads                            = 1                                         {product} {ergonomic}
     uint G1ConcRefinementThreads                  = 4                                         {product} {ergonomic}
   size_t G1HeapRegionSize                         = 1048576                                   {product} {ergonomic}
    uintx GCDrainStackTargetSize                   = 64                                        {product} {ergonomic}
   size_t InitialHeapSize                          = 268435456                                 {product} {ergonomic}
   size_t MarkStackSize                            = 4194304                                   {product} {ergonomic}
   size_t MaxHeapSize                              = 1073741824                                {product} {command line}
   size_t MaxNewSize                               = 643825664                                 {product} {ergonomic}
   size_t MinHeapDeltaBytes                        = 1048576                                   {product} {ergonomic}
   size_t MinHeapSize                              = 8388608                                   {product} {ergonomic}
    uintx NonNMethodCodeHeapSize                   = 5832780                                {pd product} {ergonomic}
    uintx NonProfiledCodeHeapSize                  = 122912730                              {pd product} {ergonomic}
    uintx ProfiledCodeHeapSize                     = 122912730                              {pd product} {ergonomic}
    uintx ReservedCodeCacheSize                    = 251658240                              {pd product} {ergonomic}
     bool SegmentedCodeCache                       = true                                      {product} {ergonomic}
   size_t SoftMaxHeapSize                          = 1073741824                             {manageable} {ergonomic}
     bool UseCompressedClassPointers               = true                           {product lp64_product} {ergonomic}
     bool UseCompressedOops                        = true                           {product lp64_product} {ergonomic}
     bool UseG1GC                                  = true                                      {product} {command line}
     bool UseLargePagesIndividualAllocation        = false                                  {pd product} {ergonomic}
     bool UseStringDeduplication                   = true                                      {product} {command line}

Logging:
Log output configuration:
 #0: stdout all=warning uptime,level,tags foldmultilines=false
 #1: stderr all=off uptime,level,tags foldmultilines=false

Environment Variables:
PATH=C:\Program Files (x86)\Intel\iCLS Client\;C:\Program Files\Intel\iCLS Client\;C:\Windows\system32;C:\Windows;C:\Windows\System32\Wbem;C:\Windows\System32\WindowsPowerShell\v1.0\;C:\Windows\System32\OpenSSH\;C:\Program Files\dotnet\;C:\Program Files (x86)\Intel\Intel(R) Management Engine Components\DAL;C:\Program Files\Intel\Intel(R) Management Engine Components\DAL;C:\Program Files (x86)\Intel\Intel(R) Management Engine Components\IPT;C:\Program Files\Intel\Intel(R) Management Engine Components\IPT;C:\Program Files\Git\cmd;C:\Program Files\Docker\Docker\resources\bin;C:\Users\user\AppData\Local\Programs\Python\Python313\Scripts\;C:\Users\user\AppData\Local\Programs\Python\Python313\;C:\Users\user\AppData\Local\Programs\Python\Launcher\;C:\Users\user\AppData\Local\Microsoft\WindowsApps;;C:\Users\user\AppData\Local\Programs\Microsoft VS Code\bin
USERNAME=user
OS=Windows_NT
PROCESSOR_IDENTIFIER=Intel64 Family 6 Model 61 Stepping 4, GenuineIntel
TMP=C:\Users\user\AppData\Local\Temp
TEMP=C:\Users\user\AppData\Local\Temp



---------------  S Y S T E M  ---------------

OS:
 Windows 10 , 64 bit Build 19041 (10.0.19041.5915)
OS uptime: 7 days 5:25 hours
Hyper-V role detected

CPU: total 4 (initial active 4) (2 cores per cpu, 2 threads per core) family 6 model 61 stepping 4 microcode 0x2f, cx8, cmov, fxsr, ht, mmx, 3dnowpref, sse, sse2, sse3, ssse3, sse4.1, sse4.2, popcnt, lzcnt, tsc, tscinvbit, avx, avx2, aes, erms, clmul, bmi1, bmi2, rtm, adx, fma, vzeroupper, clflush, hv, rdtscp

Memory: 4k page, system-wide physical 16264M (675M free)
TotalPageFile size 46714M (AvailPageFile size 21M)
current process WorkingSet (physical memory assigned to process): 343M, peak: 346M
current process commit charge ("private bytes"): 405M, peak: 444M

vm_info: OpenJDK 64-Bit Server VM (19.0.2+7) for windows-amd64 JRE (19.0.2+7), built on 2023-01-17T00:00:00Z by "temurin" with MS VC++ 16.7 (VS2019)

END.
